Component: ARM Compiler 5.05 update 2 (build 169) Tool: armlink [4d0f33]

==============================================================================

Section Cross References

    main.o(i.advertising_init) refers to memseta.o(.text) for __aeabi_memclr4
    main.o(i.advertising_init) refers to ble_advertising.o(i.ble_advertising_init) for ble_advertising_init
    main.o(i.advertising_init) refers to app_error.o(i.app_error_handler) for app_error_handler
    main.o(i.advertising_init) refers to ble_advertising.o(i.ble_advertising_conn_cfg_tag_set) for ble_advertising_conn_cfg_tag_set
    main.o(i.advertising_init) refers to main.o(.data) for .data
    main.o(i.advertising_init) refers to main.o(i.on_adv_evt) for on_adv_evt
    main.o(i.advertising_init) refers to main.o(.bss) for .bss
    main.o(i.advertising_init) refers to main.o(i.timer_init) for i.timer_init
    main.o(i.assert_nrf_callback) refers to app_error.o(i.app_error_handler) for app_error_handler
    main.o(i.ble_evt_handler) refers to nrf_log_frontend.o(i.nrf_log_frontend_std_0) for nrf_log_frontend_std_0
    main.o(i.ble_evt_handler) refers to bsp.o(i.bsp_indication_set) for bsp_indication_set
    main.o(i.ble_evt_handler) refers to app_error.o(i.app_error_handler) for app_error_handler
    main.o(i.ble_evt_handler) refers to memcpya.o(.text) for __aeabi_memcpy
    main.o(i.ble_evt_handler) refers to main.o(.data) for .data
    main.o(i.ble_evt_handler) refers to nrf_log_frontend.o(log_dynamic_data) for m_nrf_log_app_logs_data_dynamic
    main.o(i.ble_stack_init) refers to nrf_sdh.o(i.nrf_sdh_enable_request) for nrf_sdh_enable_request
    main.o(i.ble_stack_init) refers to app_error.o(i.app_error_handler) for app_error_handler
    main.o(i.ble_stack_init) refers to nrf_sdh_ble.o(i.nrf_sdh_ble_default_cfg_set) for nrf_sdh_ble_default_cfg_set
    main.o(i.ble_stack_init) refers to nrf_sdh_ble.o(i.nrf_sdh_ble_enable) for nrf_sdh_ble_enable
    main.o(i.ble_stack_init) refers to main.o(i.timer_init) for i.timer_init
    main.o(i.bsp_event_handler) refers to main.o(i.sleep_mode_enter) for sleep_mode_enter
    main.o(i.bsp_event_handler) refers to ble_advertising.o(i.ble_advertising_restart_without_whitelist) for ble_advertising_restart_without_whitelist
    main.o(i.bsp_event_handler) refers to app_error.o(i.app_error_handler) for app_error_handler
    main.o(i.bsp_event_handler) refers to main.o(.data) for .data
    main.o(i.bsp_event_handler) refers to main.o(.bss) for .bss
    main.o(i.conn_params_error_handler) refers to app_error.o(i.app_error_handler) for app_error_handler
    main.o(i.gap_params_init) refers to app_error.o(i.app_error_handler) for app_error_handler
    main.o(i.gap_params_init) refers to main.o(i.timer_init) for i.timer_init
    main.o(i.gatt_evt_handler) refers to nrf_log_frontend.o(i.nrf_log_frontend_std_2) for nrf_log_frontend_std_2
    main.o(i.gatt_evt_handler) refers to main.o(.data) for .data
    main.o(i.gatt_evt_handler) refers to nrf_log_frontend.o(log_dynamic_data) for m_nrf_log_app_logs_data_dynamic
    main.o(i.gatt_init) refers to nrf_ble_gatt.o(i.nrf_ble_gatt_init) for nrf_ble_gatt_init
    main.o(i.gatt_init) refers to app_error.o(i.app_error_handler) for app_error_handler
    main.o(i.gatt_init) refers to nrf_ble_gatt.o(i.nrf_ble_gatt_att_mtu_periph_set) for nrf_ble_gatt_att_mtu_periph_set
    main.o(i.gatt_init) refers to main.o(i.gatt_evt_handler) for gatt_evt_handler
    main.o(i.gatt_init) refers to main.o(.bss) for .bss
    main.o(i.main) refers to app_timer.o(i.app_timer_init) for app_timer_init
    main.o(i.main) refers to app_error.o(i.app_error_handler) for app_error_handler
    main.o(i.main) refers to main.o(i.timer_init) for timer_init
    main.o(i.main) refers to memcpya.o(.text) for __aeabi_memcpy4
    main.o(i.main) refers to app_uart_fifo.o(i.app_uart_init) for app_uart_init
    main.o(i.main) refers to nrf_log_frontend.o(i.nrf_log_init) for nrf_log_init
    main.o(i.main) refers to nrf_log_default_backends.o(i.nrf_log_default_backends_init) for nrf_log_default_backends_init
    main.o(i.main) refers to bsp.o(i.bsp_init) for bsp_init
    main.o(i.main) refers to bsp_btn_ble.o(i.bsp_btn_ble_init) for bsp_btn_ble_init
    main.o(i.main) refers to main.o(i.ble_stack_init) for ble_stack_init
    main.o(i.main) refers to nus_maser_datahanle.o(i.User_Get_Addr) for User_Get_Addr
    main.o(i.main) refers to main.o(i.gap_params_init) for gap_params_init
    main.o(i.main) refers to main.o(i.gatt_init) for gatt_init
    main.o(i.main) refers to ble_nus.o(i.ble_nus_init) for ble_nus_init
    main.o(i.main) refers to main.o(i.advertising_init) for advertising_init
    main.o(i.main) refers to memseta.o(.text) for __aeabi_memclr4
    main.o(i.main) refers to ble_conn_params.o(i.ble_conn_params_init) for ble_conn_params_init
    main.o(i.main) refers to printf8.o(i.__0printf$8) for __2printf
    main.o(i.main) refers to nrf_log_frontend.o(i.nrf_log_frontend_std_0) for nrf_log_frontend_std_0
[...]
    __tagsym$$used                           0x20002b54   Number         0  nrf_ble_gatt.o(log_dynamic_data)
    log_dynamic_data                         0x20002b60   Section       12  nrf_drv_clock.o(log_dynamic_data)
    __tagsym$$used                           0x20002b60   Number         0  nrf_drv_clock.o(log_dynamic_data)
    log_dynamic_data                         0x20002b6c   Section       12  nrf_drv_gpiote.o(log_dynamic_data)
    __tagsym$$used                           0x20002b6c   Number         0  nrf_drv_gpiote.o(log_dynamic_data)
    log_dynamic_data                         0x20002b78   Section       12  nrf_drv_uart.o(log_dynamic_data)
    __tagsym$$used                           0x20002b78   Number         0  nrf_drv_uart.o(log_dynamic_data)
    log_dynamic_data                         0x20002b84   Section       12  nrf_balloc.o(log_dynamic_data)
    __tagsym$$used                           0x20002b84   Number         0  nrf_balloc.o(log_dynamic_data)
    log_dynamic_data                         0x20002b90   Section       12  nrf_pwr_mgmt.o(log_dynamic_data)
    __tagsym$$used                           0x20002b90   Number         0  nrf_pwr_mgmt.o(log_dynamic_data)
    log_dynamic_data                         0x20002b9c   Section       12  nrf_log_frontend.o(log_dynamic_data)
    __tagsym$$used                           0x20002b9c   Number         0  nrf_log_frontend.o(log_dynamic_data)
    log_dynamic_data                         0x20002ba8   Section       12  nrf_sdh.o(log_dynamic_data)
    __tagsym$$used                           0x20002ba8   Number         0  nrf_sdh.o(log_dynamic_data)
    log_dynamic_data                         0x20002bb4   Section       12  nrf_sdh_ble.o(log_dynamic_data)
    __tagsym$$used                           0x20002bb4   Number         0  nrf_sdh_ble.o(log_dynamic_data)
    log_dynamic_data                         0x20002bc0   Section       12  nrf_sdh_soc.o(log_dynamic_data)
    __tagsym$$used                           0x20002bc0   Number         0  nrf_sdh_soc.o(log_dynamic_data)
    .bss                                     0x20002bcc   Section       32  main.o(.bss)
    m_sys_timer_id_data                      0x20002bcc   Data          32  main.o(.bss)
    .bss                                     0x20002bec   Section     1276  main.o(.bss)
    data_array                               0x20002bec   Data         244  main.o(.bss)
    rx_buf                                   0x20002ce0   Data         256  main.o(.bss)
    tx_buf                                   0x20002de0   Data         256  main.o(.bss)
    m_nus                                    0x20002ee0   Data          28  main.o(.bss)
    m_gatt                                   0x20002efc   Data          20  main.o(.bss)
    m_advertising                            0x20002f10   Data         216  main.o(.bss)
    .bss                                     0x200030e8   Section       32  bsp.o(.bss)
    m_leds_timer_id_data                     0x200030e8   Data          32  bsp.o(.bss)
    .bss                                     0x20003108   Section       32  bsp.o(.bss)
    m_alert_timer_id_data                    0x20003108   Data          32  bsp.o(.bss)
    .bss                                     0x20003128   Section       12  bsp.o(.bss)
    m_events_list                            0x20003128   Data          12  bsp.o(.bss)
    .bss                                     0x20003134   Section       32  bsp.o(.bss)
    m_button_timer_id_data                   0x20003134   Data          32  bsp.o(.bss)
    .bss                                     0x20003154   Section       80  ble_conn_params.o(.bss)
    m_timer_data                             0x20003154   Data          32  ble_conn_params.o(.bss)
    m_conn_params_instances                  0x20003174   Data          20  ble_conn_params.o(.bss)
    m_conn_params_config                     0x20003188   Data          28  ble_conn_params.o(.bss)
    .bss                                     0x200031a4   Section      184  ble_conn_state.o(.bss)
    m_bcs                                    0x200031a4   Data         184  ble_conn_state.o(.bss)
    .bss                                     0x2000325c   Section       20  nrf_drv_clock.o(.bss)
    m_clock_cb                               0x2000325c   Data          20  nrf_drv_clock.o(.bss)
    .bss                                     0x20003270   Section       88  nrf_drv_gpiote.o(.bss)
    m_cb                                     0x20003270   Data          88  nrf_drv_gpiote.o(.bss)
    .bss                                     0x200032c8   Section       32  nrf_drv_uart.o(.bss)
    m_cb                                     0x200032c8   Data          32  nrf_drv_uart.o(.bss)
    .bss                                     0x200032e8   Section       32  app_button.o(.bss)
    m_detection_delay_timer_id_data          0x200032e8   Data          32  app_button.o(.bss)
    .bss                                     0x20003308   Section       32  app_error.o(.bss)
    m_error_data                             0x20003308   Data          32  app_error.o(.bss)
    .bss                                     0x20003328   Section      268  app_timer.o(.bss)
    m_op_queue                               0x20003328   Data         268  app_timer.o(.bss)
    .bss                                     0x20003434   Section       32  app_uart_fifo.o(.bss)
    m_rx_fifo                                0x20003434   Data          16  app_uart_fifo.o(.bss)
    m_tx_fifo                                0x20003444   Data          16  app_uart_fifo.o(.bss)
    .bss                                     0x20003454   Section       12  app_util_platform.o(.bss)
    .bss                                     0x20003460   Section      160  nrf_fstorage_sd.o(.bss)
    m_fifo_data                              0x20003460   Data         140  nrf_fstorage_sd.o(.bss)
    m_flags                                  0x200034ec   Data          20  nrf_fstorage_sd.o(.bss)
    .bss                                     0x20003500   Section       16  nrf_fstorage_sd.o(.bss)
    m_fifo_inst                              0x20003500   Data          16  nrf_fstorage_sd.o(.bss)
    .bss                                     0x20003510   Section       64  nrf_log_backend_rtt.o(.bss)
    m_string_buff                            0x20003510   Data          64  nrf_log_backend_rtt.o(.bss)
    .bss                                     0x20003550   Section      192  nrf_log_frontend.o(.bss)
    mempool_nrf_balloc_pool_mem              0x20003550   Data         192  nrf_log_frontend.o(.bss)
    .bss                                     0x20003610   Section     1056  nrf_log_frontend.o(.bss)
    m_log_data                               0x20003610   Data        1056  nrf_log_frontend.o(.bss)
    .bss                                     0x20003a30   Section      648  segger_rtt.o(.bss)
    _acUpBuffer                              0x20003aa8   Data         512  segger_rtt.o(.bss)
    _acDownBuffer                            0x20003ca8   Data          16  segger_rtt.o(.bss)
    STACK                                    0x20003cb8   Section     8192  arm_startup_nrf52.o(STACK)

    Global Symbols

    Symbol Name                              Value     Ov Type        Size  Object(Section)

    BuildAttributes$$THM_ISAv4$E$P$D$K$B$S$7EM$VFPi3$EXTD16$VFPS$VFMA$PE$A:L22UL41UL21$X:L11$S22US41US21$IEEE1$IW$USESV6$~STKCKD$USESV7$~SHL$OSPACE$ROPI$EBA8$MICROLIB$REQ8$PRES8$EABIv2 0x00000000   Number         0  anon$$obj.o ABSOLUTE
    __ARM_use_no_argv                        0x00000000   Number         0  main.o ABSOLUTE
    _printf_a                                0x00000000   Number         0  stubs.o ABSOLUTE
    _printf_c                                0x00000000   Number         0  stubs.o ABSOLUTE
    _printf_charcount                        0x00000000   Number         0  stubs.o ABSOLUTE
    _printf_d                                0x00000000   Number         0  stubs.o ABSOLUTE
    _printf_e                                0x00000000   Number         0  stubs.o ABSOLUTE
    _printf_f                                0x00000000   Number         0  stubs.o ABSOLUTE
    _printf_flags                            0x00000000   Number         0  stubs.o ABSOLUTE
    _printf_fp_dec                           0x00000000   Number         0  stubs.o ABSOLUTE
    _printf_fp_hex                           0x00000000   Number         0  stubs.o ABSOLUTE
    _printf_g                                0x00000000   Number         0  stubs.o ABSOLUTE
    _printf_i                                0x00000000   Number         0  stubs.o ABSOLUTE
    _printf_int_dec                          0x00000000   Number         0  stubs.o ABSOLUTE
    _printf_l                                0x00000000   Number         0  stubs.o ABSOLUTE
    _printf_lc                               0x00000000   Number         0  stubs.o ABSOLUTE
    _printf_ll                               0x00000000   Number         0  stubs.o ABSOLUTE
    _printf_lld                              0x00000000   Number         0  stubs.o ABSOLUTE
    _printf_lli                              0x00000000   Number         0  stubs.o ABSOLUTE
    _printf_llo                              0x00000000   Number         0  stubs.o ABSOLUTE
    _printf_llu                              0x00000000   Number         0  stubs.o ABSOLUTE
    _printf_llx                              0x00000000   Number         0  stubs.o ABSOLUTE
    _printf_longlong_dec                     0x00000000   Number         0  stubs.o ABSOLUTE
    _printf_longlong_hex                     0x00000000   Number         0  stubs.o ABSOLUTE
    _printf_longlong_oct                     0x00000000   Number         0  stubs.o ABSOLUTE
    _printf_ls                               0x00000000   Number         0  stubs.o ABSOLUTE
    _printf_mbtowc                           0x00000000   Number         0  stubs.o ABSOLUTE
    _printf_n                                0x00000000   Number         0  stubs.o ABSOLUTE
    _printf_o                                0x00000000   Number         0  stubs.o ABSOLUTE
    _printf_p                                0x00000000   Number         0  stubs.o ABSOLUTE
    _printf_percent                          0x00000000   Number         0  stubs.o ABSOLUTE
    _printf_pre_padding                      0x00000000   Number         0  stubs.o ABSOLUTE
    _printf_return_value                     0x00000000   Number         0  stubs.o ABSOLUTE
    _printf_s                                0x00000000   Number         0  stubs.o ABSOLUTE
    _printf_sizespec                         0x00000000   Number         0  stubs.o ABSOLUTE
    _printf_str                              0x00000000   Number         0  stubs.o ABSOLUTE
    _printf_truncate_signed                  0x00000000   Number         0  stubs.o ABSOLUTE
    _printf_truncate_unsigned                0x00000000   Number         0  stubs.o ABSOLUTE
    _printf_u                                0x00000000   Number         0  stubs.o ABSOLUTE
    _printf_wc                               0x00000000   Number         0  stubs.o ABSOLUTE
    _printf_wctomb                           0x00000000   Number         0  stubs.o ABSOLUTE
    _printf_widthprec                        0x00000000   Number         0  stubs.o ABSOLUTE
    _printf_x                                0x00000000   Number         0  stubs.o ABSOLUTE
    __cpp_initialize__aeabi_                  - Undefined Weak Reference
    __cxa_finalize                            - Undefined Weak Reference
    _clock_init                               - Undefined Weak Reference
    _microlib_exit                            - Undefined Weak Reference
    fs_data$$Base                             - Undefined Reference
    fs_data$$Limit                            - Undefined Reference
    pwr_mgmt_data0$$Base                      - Undefined Reference
    pwr_mgmt_data0$$Limit                     - Undefined Reference
    pwr_mgmt_data1$$Base                      - Undefined Reference
    pwr_mgmt_data1$$Limit                     - Undefined Reference
    pwr_mgmt_data2$$Base                      - Undefined Reference
    pwr_mgmt_data2$$Limit                     - Undefined Reference
    sdh_req_observers1$$Base                  - Undefined Reference
    sdh_req_observers1$$Limit                 - Undefined Reference
    sdh_stack_observers1$$Base                - Undefined Reference
    sdh_stack_observers1$$Limit               - Undefined Reference
    sdh_state_observers1$$Base                - Undefined Reference
    sdh_state_observers1$$Limit               - Undefined Reference
    __Vectors_Size                           0x00000200   Number         0  arm_startup_nrf52.o ABSOLUTE
    __Vectors                                0x00023000   Data           4  arm_startup_nrf52.o(RESET)
    __Vectors_End                            0x00023200   Data           0  arm_startup_nrf52.o(RESET)
    __main                                   0x00023201   Thumb Code     0  entry.o(.ARM.Collect$$$$00000000)
    _main_stk                                0x00023201   Thumb Code     0  entry2.o(.ARM.Collect$$$$00000001)
    _main_scatterload                        0x00023205   Thumb Code     0  entry5.o(.ARM.Collect$$$$00000004)
    __main_after_scatterload                 0x00023209   Thumb Code     0  entry5.o(.ARM.Collect$$$$00000004)
    _main_clock                              0x00023209   Thumb Code     0  entry7b.o(.ARM.Collect$$$$00000008)
    _main_cpp_init                           0x00023209   Thumb Code     0  entry8b.o(.ARM.Collect$$$$0000000A)
    _main_init                               0x00023209   Thumb Code     0  entry9a.o(.ARM.Collect$$$$0000000B)
    __rt_final_cpp                           0x00023211   Thumb Code     0  entry10a.o(.ARM.Collect$$$$0000000D)
    __rt_final_exit                          0x00023211   Thumb Code     0  entry11a.o(.ARM.Collect$$$$0000000F)
    __asm___12_nrf_atfifo_c_51f461e1__nrf_atfifo_wspace_req 0x00023215   Thumb Code    56  nrf_atfifo.o(.emb_text)
    __asm___12_nrf_atfifo_c_51f461e1__nrf_atfifo_wspace_close 0x0002324d   Thumb Code    18  nrf_atfifo.o(.emb_text)
    __asm___12_nrf_atfifo_c_51f461e1__nrf_atfifo_rspace_req 0x0002325f   Thumb Code    58  nrf_atfifo.o(.emb_text)
    __asm___12_nrf_atfifo_c_51f461e1__nrf_atfifo_rspace_close 0x00023299   Thumb Code    18  nrf_atfifo.o(.emb_text)
    __asm___12_nrf_atfifo_c_51f461e1__nrf_atfifo_space_clear 0x000232ab   Thumb Code    50  nrf_atfifo.o(.emb_text)
    __asm___12_nrf_memobj_c_9bb9f865__nrf_atomic_internal_mov 0x000232dd   Thumb Code    24  nrf_memobj.o(.emb_text)
    __asm___12_nrf_memobj_c_9bb9f865__nrf_atomic_internal_orr 0x000232f5   Thumb Code    26  nrf_memobj.o(.emb_text)
    __asm___12_nrf_memobj_c_9bb9f865__nrf_atomic_internal_and 0x0002330f   Thumb Code    26  nrf_memobj.o(.emb_text)
    __asm___12_nrf_memobj_c_9bb9f865__nrf_atomic_internal_eor 0x00023329   Thumb Code    26  nrf_memobj.o(.emb_text)
    __asm___12_nrf_memobj_c_9bb9f865__nrf_atomic_internal_add 0x00023343   Thumb Code    26  nrf_memobj.o(.emb_text)
    __asm___12_nrf_memobj_c_9bb9f865__nrf_atomic_internal_sub 0x0002335d   Thumb Code    26  nrf_memobj.o(.emb_text)
    __asm___18_nrf_log_frontend_c_bc460776__nrf_atomic_internal_mov 0x00023379   Thumb Code    24  nrf_log_frontend.o(.emb_text)
    __asm___18_nrf_log_frontend_c_bc460776__nrf_atomic_internal_orr 0x00023391   Thumb Code    26  nrf_log_frontend.o(.emb_text)
    __asm___18_nrf_log_frontend_c_bc460776__nrf_atomic_internal_and 0x000233ab   Thumb Code    26  nrf_log_frontend.o(.emb_text)
    __asm___18_nrf_log_frontend_c_bc460776__nrf_atomic_internal_eor 0x000233c5   Thumb Code    26  nrf_log_frontend.o(.emb_text)
    __asm___18_nrf_log_frontend_c_bc460776__nrf_atomic_internal_add 0x000233df   Thumb Code    26  nrf_log_frontend.o(.emb_text)
    __asm___18_nrf_log_frontend_c_bc460776__nrf_atomic_internal_sub 0x000233f9   Thumb Code    26  nrf_log_frontend.o(.emb_text)
    Reset_Handler                            0x00023415   Thumb Code     8  arm_startup_nrf52.o(.text)
    NMI_Handler                              0x0002341d   Thumb Code     2  arm_startup_nrf52.o(.text)
    HardFault_Handler                        0x0002341f   Thumb Code     2  arm_startup_nrf52.o(.text)
    MemoryManagement_Handler                 0x00023421   Thumb Code     2  arm_startup_nrf52.o(.text)
    BusFault_Handler                         0x00023423   Thumb Code     2  arm_startup_nrf52.o(.text)
    UsageFault_Handler                       0x00023425   Thumb Code     2  arm_startup_nrf52.o(.text)
    SVC_Handler                              0x00023427   Thumb Code     2  arm_startup_nrf52.o(.text)
    DebugMon_Handler                         0x00023429   Thumb Code     2  arm_startup_nrf52.o(.text)
    PendSV_Handler                           0x0002342b   Thumb Code     2  arm_startup_nrf52.o(.text)
    SysTick_Handler                          0x0002342d   Thumb Code     2  arm_startup_nrf52.o(.text)
    CCM_AAR_IRQHandler                       0x0002342f   Thumb Code     0  arm_startup_nrf52.o(.text)
    COMP_LPCOMP_IRQHandler                   0x0002342f   Thumb Code     0  arm_startup_nrf52.o(.text)
    ECB_IRQHandler                           0x0002342f   Thumb Code     0  arm_startup_nrf52.o(.text)
    FPU_IRQHandler                           0x0002342f   Thumb Code     0  arm_startup_nrf52.o(.text)
    I2S_IRQHandler                           0x0002342f   Thumb Code     0  arm_startup_nrf52.o(.text)
    MWU_IRQHandler                           0x0002342f   Thumb Code     0  arm_startup_nrf52.o(.text)
    NFCT_IRQHandler                          0x0002342f   Thumb Code     0  arm_startup_nrf52.o(.text)
    PDM_IRQHandler                           0x0002342f   Thumb Code     0  arm_startup_nrf52.o(.text)
    PWM0_IRQHandler                          0x0002342f   Thumb Code     0  arm_startup_nrf52.o(.text)
    PWM1_IRQHandler                          0x0002342f   Thumb Code     0  arm_startup_nrf52.o(.text)
    PWM2_IRQHandler                          0x0002342f   Thumb Code     0  arm_startup_nrf52.o(.text)
    QDEC_IRQHandler                          0x0002342f   Thumb Code     0  arm_startup_nrf52.o(.text)
    RADIO_IRQHandler                         0x0002342f   Thumb Code     0  arm_startup_nrf52.o(.text)
    RNG_IRQHandler                           0x0002342f   Thumb Code     0  arm_startup_nrf52.o(.text)
    RTC0_IRQHandler                          0x0002342f   Thumb Code     0  arm_startup_nrf52.o(.text)
    RTC2_IRQHandler                          0x0002342f   Thumb Code     0  arm_startup_nrf52.o(.text)
    SAADC_IRQHandler                         0x0002342f   Thumb Code     0  arm_startup_nrf52.o(.text)
    SPIM0_SPIS0_TWIM0_TWIS0_SPI0_TWI0_IRQHandler 0x0002342f   Thumb Code     0  arm_startup_nrf52.o(.text)
    SPIM1_SPIS1_TWIM1_TWIS1_SPI1_TWI1_IRQHandler 0x0002342f   Thumb Code     0  arm_startup_nrf52.o(.text)
    SPIM2_SPIS2_SPI2_IRQHandler              0x0002342f   Thumb Code     0  arm_startup_nrf52.o(.text)
    SWI1_EGU1_IRQHandler                     0x0002342f   Thumb Code     0  arm_startup_nrf52.o(.text)
    SWI3_EGU3_IRQHandler                     0x0002342f   Thumb Code     0  arm_startup_nrf52.o(.text)
    SWI4_EGU4_IRQHandler                     0x0002342f   Thumb Code     0  arm_startup_nrf52.o(.text)
    SWI5_EGU5_IRQHandler                     0x0002342f   Thumb Code     0  arm_startup_nrf52.o(.text)
    TEMP_IRQHandler                          0x0002342f   Thumb Code     0  arm_startup_nrf52.o(.text)
    TIMER0_IRQHandler                        0x0002342f   Thumb Code     0  arm_startup_nrf52.o(.text)
    TIMER1_IRQHandler                        0x0002342f   Thumb Code     0  arm_startup_nrf52.o(.text)
    TIMER2_IRQHandler                        0x0002342f   Thumb Code     0  arm_startup_nrf52.o(.text)
    TIMER3_IRQHandler                        0x0002342f   Thumb Code     0  arm_startup_nrf52.o(.text)
    TIMER4_IRQHandler                        0x0002342f   Thumb Code     0  arm_startup_nrf52.o(.text)
    WDT_IRQHandler                           0x0002342f   Thumb Code     0  arm_startup_nrf52.o(.text)
    __aeabi_uldivmod                         0x00023439   Thumb Code    98  uldiv.o(.text)
    __rt_ctype_table                         0x0002349d   Thumb Code     4  ctype_o.o(.text)
    __aeabi_memcpy                           0x000234a5   Thumb Code    36  memcpya.o(.text)
    __aeabi_memcpy4                          0x000234a5   Thumb Code     0  memcpya.o(.text)
    __aeabi_memcpy8                          0x000234a5   Thumb Code     0  memcpya.o(.text)
    __aeabi_memset                           0x000234c9   Thumb Code    14  memseta.o(.text)
    __aeabi_memset4                          0x000234c9   Thumb Code     0  memseta.o(.text)
    __aeabi_memset8                          0x000234c9   Thumb Code     0  memseta.o(.text)
    __aeabi_memclr                           0x000234d7   Thumb Code     4  memseta.o(.text)
    __aeabi_memclr4                          0x000234d7   Thumb Code     0  memseta.o(.text)
    __aeabi_memclr8                          0x000234d7   Thumb Code     0  memseta.o(.text)
    _memset$wrapper                          0x000234db   Thumb Code    18  memseta.o(.text)
    strlen                                   0x000234ed   Thumb Code    14  strlen.o(.text)
    strcpy                                   0x000234fb   Thumb Code    18  strcpy.o(.text)
    __aeabi_llsl                             0x0002350d   Thumb Code    30  llshl.o(.text)
    _ll_shift_l                              0x0002350d   Thumb Code     0  llshl.o(.text)
    __aeabi_llsr                             0x0002352b   Thumb Code    32  llushr.o(.text)
    _ll_ushift_r                             0x0002352b   Thumb Code     0  llushr.o(.text)
    __scatterload                            0x0002354d   Thumb Code    28  init.o(.text)
    __scatterload_rt2                        0x0002354d   Thumb Code     0  init.o(.text)
    __decompress                             0x00023571   Thumb Code     0  __dczerorl2.o(.text)
    __decompress1                            0x00023571   Thumb Code    86  __dczerorl2.o(.text)
    App_RecvHandler                          0x000235c7   Thumb Code    52  protocol_analysis.o(i.App_RecvHandler)
    Crc8                                     0x000235fd   Thumb Code    74  nus_maser_datahanle.o(i.Crc8)
    GPIOTE_IRQHandler                        0x0002364d   Thumb Code   362  nrf_drv_gpiote.o(i.GPIOTE_IRQHandler)
    POWER_CLOCK_IRQHandler                   0x00023825   Thumb Code    84  nrf_drv_clock.o(i.POWER_CLOCK_IRQHandler)
    RTC1_IRQHandler                          0x0002387d   Thumb Code    32  app_timer.o(i.RTC1_IRQHandler)
    SEGGER_RTT_Init                          0x000238a1   Thumb Code     4  segger_rtt.o(i.SEGGER_RTT_Init)
    SEGGER_RTT_WriteNoLock                   0x000238a5   Thumb Code    86  segger_rtt.o(i.SEGGER_RTT_WriteNoLock)
    SWI0_EGU0_IRQHandler                     0x00023901   Thumb Code     4  app_timer.o(i.SWI0_EGU0_IRQHandler)
    SWI2_EGU2_IRQHandler                     0x00023905   Thumb Code     4  nrf_sdh.o(i.SWI2_EGU2_IRQHandler)
    Somputon_Init                            0x00023909   Thumb Code     6  protocol_analysis.o(i.Somputon_Init)
    SystemInit                               0x00023915   Thumb Code   726  system_nrf52.o(i.SystemInit)
    UARTE0_UART0_IRQHandler                  0x00023c31   Thumb Code    20  nrf_drv_uart.o(i.UARTE0_UART0_IRQHandler)
    User_Get_Addr                            0x00023c4d   Thumb Code    30  nus_maser_datahanle.o(i.User_Get_Addr)
    __0printf$8                              0x00023d99   Thumb Code    22  printf8.o(i.__0printf$8)
    __1printf$8                              0x00023d99   Thumb Code     0  printf8.o(i.__0printf$8)
    __2printf                                0x00023d99   Thumb Code     0  printf8.o(i.__0printf$8)
    __scatterload_copy                       0x00023db9   Thumb Code    14  handlers.o(i.__scatterload_copy)
    __scatterload_null                       0x00023dc7   Thumb Code     2  handlers.o(i.__scatterload_null)
    __scatterload_zeroinit                   0x00023dc9   Thumb Code    14  handlers.o(i.__scatterload_zeroinit)
    app_button_enable                        0x0002431d   Thumb Code    32  app_button.o(i.app_button_enable)
    app_button_init                          0x00024341   Thumb Code    96  app_button.o(i.app_button_init)
    app_error_fault_handler                  0x000243b1   Thumb Code   168  app_error_weak.o(i.app_error_fault_handler)
    app_error_handler                        0x000244f1   Thumb Code    24  app_error.o(i.app_error_handler)
    app_error_save_and_stop                  0x00024509   Thumb Code    96  app_error.o(i.app_error_save_and_stop)
    app_fifo_get                             0x0002456d   Thumb Code    22  app_fifo.o(i.app_fifo_get)
    app_fifo_init                            0x00024583   Thumb Code    32  app_fifo.o(i.app_fifo_init)
    app_fifo_put                             0x000245a3   Thumb Code    26  app_fifo.o(i.app_fifo_put)
    app_timer_create                         0x000245bd   Thumb Code    32  app_timer.o(i.app_timer_create)
    app_timer_init                           0x000245e1   Thumb Code    70  app_timer.o(i.app_timer_init)
    app_timer_start                          0x00024635   Thumb Code   128  app_timer.o(i.app_timer_start)
    app_timer_stop                           0x000246bd   Thumb Code    26  app_timer.o(i.app_timer_stop)
    app_uart_get                             0x000246dd   Thumb Code    46  app_uart_fifo.o(i.app_uart_get)
    app_uart_init                            0x00024751   Thumb Code   164  app_uart_fifo.o(i.app_uart_init)
    app_uart_put                             0x00024805   Thumb Code    52  app_uart_fifo.o(i.app_uart_put)
    app_util_critical_region_enter           0x00024841   Thumb Code    64  app_util_platform.o(i.app_util_critical_region_enter)
    app_util_critical_region_exit            0x00024889   Thumb Code    46  app_util_platform.o(i.app_util_critical_region_exit)
    ble_advdata_encode                       0x00024975   Thumb Code   386  ble_advdata.o(i.ble_advdata_encode)
    ble_advdata_set                          0x00024af7   Thumb Code   104  ble_advdata.o(i.ble_advdata_set)
    ble_advertising_conn_cfg_tag_set         0x00024b5f   Thumb Code     6  ble_advertising.o(i.ble_advertising_conn_cfg_tag_set)
    ble_advertising_init                     0x00024b65   Thumb Code   310  ble_advertising.o(i.ble_advertising_init)
    ble_advertising_on_ble_evt               0x00024c9b   Thumb Code   104  ble_advertising.o(i.ble_advertising_on_ble_evt)
    ble_advertising_on_sys_evt               0x00024d03   Thumb Code    50  ble_advertising.o(i.ble_advertising_on_sys_evt)
    ble_advertising_restart_without_whitelist 0x00024d35   Thumb Code    60  ble_advertising.o(i.ble_advertising_restart_without_whitelist)
    ble_advertising_start                    0x00024d71   Thumb Code   458  ble_advertising.o(i.ble_advertising_start)
    ble_conn_params_init                     0x00024f3d   Thumb Code    90  ble_conn_params.o(i.ble_conn_params_init)
    ble_nus_init                             0x00025451   Thumb Code    94  ble_nus.o(i.ble_nus_init)
    ble_nus_on_ble_evt                       0x000254b5   Thumb Code   136  ble_nus.o(i.ble_nus_on_ble_evt)
    ble_nus_string_send                      0x00025541   Thumb Code    72  ble_nus.o(i.ble_nus_string_send)
    ble_srv_is_notification_enabled          0x00025589   Thumb Code     8  ble_srv_common.o(i.ble_srv_is_notification_enabled)
    bond_cmd                                 0x000255d5   Thumb Code     2  somputon_ble_datahandle.o(i.bond_cmd)
    bsp_board_button_idx_to_pin              0x000255d9   Thumb Code     6  boards.o(i.bsp_board_button_idx_to_pin)
    bsp_board_button_state_get               0x000255e5   Thumb Code    28  boards.o(i.bsp_board_button_state_get)
    bsp_board_led_invert                     0x00025605   Thumb Code    32  boards.o(i.bsp_board_led_invert)
    bsp_board_led_off                        0x00025629   Thumb Code    10  boards.o(i.bsp_board_led_off)
    bsp_board_led_on                         0x00025639   Thumb Code    10  boards.o(i.bsp_board_led_on)
    bsp_board_led_state_get                  0x00025649   Thumb Code    28  boards.o(i.bsp_board_led_state_get)
    bsp_board_leds_init                      0x00025669   Thumb Code    38  boards.o(i.bsp_board_leds_init)
    bsp_board_leds_off                       0x00025695   Thumb Code    18  boards.o(i.bsp_board_leds_off)
    bsp_board_leds_on                        0x000256a7   Thumb Code    18  boards.o(i.bsp_board_leds_on)
    bsp_board_pin_to_button_idx              0x000256b9   Thumb Code    30  boards.o(i.bsp_board_pin_to_button_idx)
    bsp_btn_ble_init                         0x000256dd   Thumb Code    52  bsp_btn_ble.o(i.bsp_btn_ble_init)
    bsp_btn_ble_sleep_mode_prepare           0x00025715   Thumb Code    30  bsp_btn_ble.o(i.bsp_btn_ble_sleep_mode_prepare)
    bsp_button_is_pressed                    0x000257c5   Thumb Code     4  bsp.o(i.bsp_button_is_pressed)
    bsp_event_handler                        0x000257c9   Thumb Code    86  main.o(i.bsp_event_handler)
    bsp_event_to_button_action_assign        0x00025839   Thumb Code    64  bsp.o(i.bsp_event_to_button_action_assign)
    bsp_indication_set                       0x0002587d   Thumb Code    20  bsp.o(i.bsp_indication_set)
    bsp_init                                 0x00025895   Thumb Code   126  bsp.o(i.bsp_init)
    bsp_wakeup_button_enable                 0x00025ae1   Thumb Code    16  bsp.o(i.bsp_wakeup_button_enable)
    buffer_is_empty                          0x00025b75   Thumb Code    16  nrf_log_frontend.o(i.buffer_is_empty)
    clear_history_data_cmd                   0x00025c05   Thumb Code     2  somputon_ble_datahandle.o(i.clear_history_data_cmd)
    control_device_cmd                       0x00025dc9   Thumb Code     2  somputon_ble_datahandle.o(i.control_device_cmd)
    fputc                                    0x00025ee1   Thumb Code    14  retarget.o(i.fputc)
    gatt_evt_handler                         0x00025f59   Thumb Code    48  main.o(i.gatt_evt_handler)
    gatt_init                                0x00025fad   Thumb Code    50  main.o(i.gatt_init)
    get_device_time_cmd                      0x00025ff9   Thumb Code     2  somputon_ble_datahandle.o(i.get_device_time_cmd)
    get_mac_addr                             0x00025ffb   Thumb Code    32  nus_maser_datahanle.o(i.get_mac_addr)
    get_real_time_data_cmd                   0x0002601b   Thumb Code     2  somputon_ble_datahandle.o(i.get_real_time_data_cmd)
    main                                     0x000263fd   Thumb Code   316  main.o(i.main)
    nrf_atfifo_item_free                     0x00026745   Thumb Code    22  nrf_atfifo.o(i.nrf_atfifo_item_free)
    nrf_atfifo_item_get                      0x0002675b   Thumb Code    22  nrf_atfifo.o(i.nrf_atfifo_item_get)
    nrf_balloc_alloc                         0x0002677f   Thumb Code    68  nrf_balloc.o(i.nrf_balloc_alloc)
    nrf_balloc_free                          0x000267c3   Thumb Code    48  nrf_balloc.o(i.nrf_balloc_free)
    nrf_balloc_init                          0x000267f3   Thumb Code    48  nrf_balloc.o(i.nrf_balloc_init)
    nrf_ble_gatt_att_mtu_periph_set          0x00026833   Thumb Code    24  nrf_ble_gatt.o(i.nrf_ble_gatt_att_mtu_periph_set)
    nrf_ble_gatt_init                        0x0002684b   Thumb Code    34  nrf_ble_gatt.o(i.nrf_ble_gatt_init)
    nrf_ble_gatt_on_ble_evt                  0x0002686d   Thumb Code   312  nrf_ble_gatt.o(i.nrf_ble_gatt_on_ble_evt)
    nrf_drv_clock_init                       0x00026a61   Thumb Code    64  nrf_drv_clock.o(i.nrf_drv_clock_init)
    nrf_drv_clock_lfclk_release              0x00026aa9   Thumb Code    40  nrf_drv_clock.o(i.nrf_drv_clock_lfclk_release)
    nrf_drv_common_irq_enable                0x00026ad5   Thumb Code    56  nrf_drv_common.o(i.nrf_drv_common_irq_enable)
    nrf_drv_gpiote_in_event_enable           0x00026b15   Thumb Code   156  nrf_drv_gpiote.o(i.nrf_drv_gpiote_in_event_enable)
    nrf_drv_gpiote_in_init                   0x00026bb9   Thumb Code   172  nrf_drv_gpiote.o(i.nrf_drv_gpiote_in_init)
    nrf_drv_gpiote_in_is_set                 0x00026c71   Thumb Code    20  nrf_drv_gpiote.o(i.nrf_drv_gpiote_in_is_set)
    nrf_drv_gpiote_init                      0x00026c85   Thumb Code    84  nrf_drv_gpiote.o(i.nrf_drv_gpiote_init)
    nrf_drv_gpiote_is_init                   0x00026ce1   Thumb Code    14  nrf_drv_gpiote.o(i.nrf_drv_gpiote_is_init)
    nrf_drv_uart_init                        0x00026d05   Thumb Code    98  nrf_drv_uart.o(i.nrf_drv_uart_init)
    nrf_drv_uart_rx                          0x00026d6d   Thumb Code   170  nrf_drv_uart.o(i.nrf_drv_uart_rx)
    nrf_drv_uart_rx_enable                   0x00026e1d   Thumb Code    42  nrf_drv_uart.o(i.nrf_drv_uart_rx_enable)
    nrf_drv_uart_tx                          0x00026fa5   Thumb Code   262  nrf_drv_uart.o(i.nrf_drv_uart_tx)
    nrf_drv_uart_tx_in_progress              0x000270b1   Thumb Code    18  nrf_drv_uart.o(i.nrf_drv_uart_tx_in_progress)
    nrf_fprintf                              0x000270c9   Thumb Code    26  nrf_fprintf.o(i.nrf_fprintf)
    nrf_fprintf_buffer_flush                 0x000270e3   Thumb Code    24  nrf_fprintf.o(i.nrf_fprintf_buffer_flush)
    nrf_fprintf_fmt                          0x000270fb   Thumb Code   474  nrf_fprintf_format.o(i.nrf_fprintf_fmt)
    nrf_fstorage_is_busy                     0x000272d5   Thumb Code    70  nrf_fstorage.o(i.nrf_fstorage_is_busy)
    nrf_fstorage_sdh_req_handler             0x00027325   Thumb Code    18  nrf_fstorage_sd.o(i.nrf_fstorage_sdh_req_handler)
    nrf_fstorage_sdh_state_handler           0x0002733d   Thumb Code    28  nrf_fstorage_sd.o(i.nrf_fstorage_sdh_state_handler)
    nrf_fstorage_sys_evt_handler             0x0002735d   Thumb Code   150  nrf_fstorage_sd.o(i.nrf_fstorage_sys_evt_handler)
    nrf_log_backend_add                      0x00027539   Thumb Code    74  nrf_log_frontend.o(i.nrf_log_backend_add)
    nrf_log_backend_rtt_init                 0x0002758b   Thumb Code     4  nrf_log_backend_rtt.o(i.nrf_log_backend_rtt_init)
    nrf_log_backend_serial_put               0x000275a9   Thumb Code   210  nrf_log_backend_serial.o(i.nrf_log_backend_serial_put)
    nrf_log_color_id_get                     0x0002767d   Thumb Code    42  nrf_log_frontend.o(i.nrf_log_color_id_get)
    nrf_log_default_backends_init            0x000276ad   Thumb Code    22  nrf_log_default_backends.o(i.nrf_log_default_backends_init)
    nrf_log_frontend_dequeue                 0x000276c9   Thumb Code   488  nrf_log_frontend.o(i.nrf_log_frontend_dequeue)
    nrf_log_frontend_std_0                   0x000278b9   Thumb Code     8  nrf_log_frontend.o(i.nrf_log_frontend_std_0)
    nrf_log_frontend_std_1                   0x000278c1   Thumb Code    14  nrf_log_frontend.o(i.nrf_log_frontend_std_1)
    nrf_log_frontend_std_2                   0x000278cf   Thumb Code    16  nrf_log_frontend.o(i.nrf_log_frontend_std_2)
    nrf_log_frontend_std_4                   0x000278df   Thumb Code    20  nrf_log_frontend.o(i.nrf_log_frontend_std_4)
    nrf_log_hexdump_entry_process            0x000278f5   Thumb Code   146  nrf_log_str_formatter.o(i.nrf_log_hexdump_entry_process)
    nrf_log_init                             0x000279a1   Thumb Code    70  nrf_log_frontend.o(i.nrf_log_init)
    nrf_log_module_cnt_get                   0x000279fd   Thumb Code    10  nrf_log_frontend.o(i.nrf_log_module_cnt_get)
    nrf_log_module_name_get                  0x00027a11   Thumb Code    24  nrf_log_frontend.o(i.nrf_log_module_name_get)
    nrf_log_panic                            0x00027a2d   Thumb Code    34  nrf_log_frontend.o(i.nrf_log_panic)
    nrf_log_std_entry_process                0x00027a55   Thumb Code   182  nrf_log_str_formatter.o(i.nrf_log_std_entry_process)
    nrf_memobj_alloc                         0x00027b0b   Thumb Code    96  nrf_memobj.o(i.nrf_memobj_alloc)
    nrf_memobj_free                          0x00027b6b   Thumb Code    50  nrf_memobj.o(i.nrf_memobj_free)
    nrf_memobj_get                           0x00027b9d   Thumb Code    14  nrf_memobj.o(i.nrf_memobj_get)
    nrf_memobj_pool_init                     0x00027bab   Thumb Code     4  nrf_memobj.o(i.nrf_memobj_pool_init)
    nrf_memobj_put                           0x00027baf   Thumb Code    34  nrf_memobj.o(i.nrf_memobj_put)
    nrf_memobj_read                          0x00027bd1   Thumb Code    12  nrf_memobj.o(i.nrf_memobj_read)
    nrf_memobj_write                         0x00027bdd   Thumb Code    12  nrf_memobj.o(i.nrf_memobj_write)
    nrf_sdh_ble_app_ram_start_get            0x00027be9   Thumb Code    16  nrf_sdh_ble.o(i.nrf_sdh_ble_app_ram_start_get)
    nrf_sdh_ble_default_cfg_set              0x00027bfd   Thumb Code   312  nrf_sdh_ble.o(i.nrf_sdh_ble_default_cfg_set)
    nrf_sdh_ble_enable                       0x00027d51   Thumb Code    96  nrf_sdh_ble.o(i.nrf_sdh_ble_enable)
    nrf_sdh_disable_request                  0x00027ebd   Thumb Code    54  nrf_sdh.o(i.nrf_sdh_disable_request)
    nrf_sdh_enable_request                   0x00027ef9   Thumb Code    72  nrf_sdh.o(i.nrf_sdh_enable_request)
    nrf_sdh_evts_poll                        0x00027f4d   Thumb Code    32  nrf_sdh.o(i.nrf_sdh_evts_poll)
    nrf_sdh_is_enabled                       0x00027f71   Thumb Code     6  nrf_sdh.o(i.nrf_sdh_is_enabled)
    nrf_sdh_request_continue                 0x00027f7d   Thumb Code    22  nrf_sdh.o(i.nrf_sdh_request_continue)
    nrf_section_iter_init                    0x00028019   Thumb Code    10  nrf_section_iter.o(i.nrf_section_iter_init)
    nrf_section_iter_next                    0x00028047   Thumb Code    32  nrf_section_iter.o(i.nrf_section_iter_next)
    nrf_strerror_find                        0x00028069   Thumb Code    52  nrf_strerror.o(i.nrf_strerror_find)
    nrf_strerror_get                         0x000280a1   Thumb Code    14  nrf_strerror.o(i.nrf_strerror_get)
    nus_data_handle                          0x000280ed   Thumb Code   126  nus_maser_datahanle.o(i.nus_data_handle)
    sdk_mapped_flags_bulk_update_by_key      0x000286b5   Thumb Code    68  sdk_mapped_flags.o(i.sdk_mapped_flags_bulk_update_by_key)
    sdk_mapped_flags_first_key_index_get     0x000286f9   Thumb Code    34  sdk_mapped_flags.o(i.sdk_mapped_flags_first_key_index_get)
    sdk_mapped_flags_key_list_get            0x0002872b   Thumb Code    74  sdk_mapped_flags.o(i.sdk_mapped_flags_key_list_get)
    sdk_mapped_flags_update_by_key           0x00028775   Thumb Code    14  sdk_mapped_flags.o(i.sdk_mapped_flags_update_by_key)
    timer_init                               0x00028b85   Thumb Code    32  main.o(i.timer_init)
    timer_start                              0x00028cd9   Thumb Code    36  main.o(i.timer_start)
    uart_event_handle                        0x00028ed9   Thumb Code   120  main.o(i.uart_event_handle)
    nrf_log_backend_rtt_api                  0x00029614   Data          12  nrf_log_backend_rtt.o(.constdata)
    m_ram_start                              0x000296ac   Data           4  nrf_sdh_ble.o(.constdata)
    __ctype_table                            0x000296d8   Data         129  ctype_o.o(.constdata)
    Region$$Table$$Base                      0x00029e2c   Number         0  anon$$obj.o(Region$$Table)
    Region$$Table$$Limit                     0x00029e4c   Number         0  anon$$obj.o(Region$$Table)
    log_const_data$$Base                     0x00029e4c   Number         0  nrf_ble_gatt.o(log_const_data)
    m_nrf_log_ble_gatt_logs_data_const       0x00029e4c   Data           8  nrf_ble_gatt.o(log_const_data)
    m_nrf_log_clock_logs_data_const          0x00029e54   Data           8  nrf_drv_clock.o(log_const_data)
    m_nrf_log_gpiote_logs_data_const         0x00029e5c   Data           8  nrf_drv_gpiote.o(log_const_data)
    m_nrf_log_uart_logs_data_const           0x00029e64   Data           8  nrf_drv_uart.o(log_const_data)
    m_nrf_log_balloc_logs_data_const         0x00029e6c   Data           8  nrf_balloc.o(log_const_data)
    m_nrf_log_pwr_mgmt_logs_data_const       0x00029e74   Data           8  nrf_pwr_mgmt.o(log_const_data)
    m_nrf_log_app_logs_data_const            0x00029e7c   Data           8  nrf_log_frontend.o(log_const_data)
    m_nrf_log_nrf_sdh_logs_data_const        0x00029e84   Data           8  nrf_sdh.o(log_const_data)
    m_nrf_log_nrf_sdh_ble_logs_data_const    0x00029e8c   Data           8  nrf_sdh_ble.o(log_const_data)
    m_nrf_log_nrf_sdh_soc_logs_data_const    0x00029e94   Data           8  nrf_sdh_soc.o(log_const_data)
    log_const_data$$Limit                    0x00029e9c   Number         0  nrf_sdh_soc.o(log_const_data)
    sdh_ble_observers0$$Base                 0x00029e9c   Number         0  ble_conn_state.o(sdh_ble_observers0)
    sdh_ble_observers0$$Limit                0x00029ea4   Number         0  ble_conn_state.o(sdh_ble_observers0)
    sdh_ble_observers1$$Base                 0x00029ea4   Number         0  main.o(sdh_ble_observers1)
    sdh_ble_observers1$$Limit                0x00029ec4   Number         0  ble_conn_params.o(sdh_ble_observers1)
    sdh_ble_observers2$$Base                 0x00029ec4   Number         0  main.o(sdh_ble_observers2)
    sdh_ble_observers2$$Limit                0x00029ecc   Number         0  main.o(sdh_ble_observers2)
    sdh_ble_observers3$$Base                 0x00029ecc   Number         0  main.o(sdh_ble_observers3)
    m_req_obs                                0x00029ed4   Data           8  nrf_fstorage_sd.o(sdh_req_observers0)
    sdh_ble_observers3$$Limit                0x00029ed4   Number         0  main.o(sdh_ble_observers3)
    sdh_req_observers0$$Base                 0x00029ed4   Number         0  nrf_fstorage_sd.o(sdh_req_observers0)
    sdh_req_observers0$$Limit                0x00029edc   Number         0  nrf_fstorage_sd.o(sdh_req_observers0)
    sdh_soc_observers0$$Base                 0x00029edc   Number         0  nrf_drv_clock.o(sdh_soc_observers0)
    sdh_soc_observers0$$Limit                0x00029eec   Number         0  nrf_fstorage_sd.o(sdh_soc_observers0)
    sdh_soc_observers1$$Base                 0x00029eec   Number         0  main.o(sdh_soc_observers1)
    sdh_soc_observers1$$Limit                0x00029ef4   Number         0  main.o(sdh_soc_observers1)
    sdh_stack_observers0$$Base               0x00029ef4   Number         0  nrf_sdh_ble.o(sdh_stack_observers0)
    sdh_stack_observers0$$Limit              0x00029f04   Number         0  nrf_sdh_soc.o(sdh_stack_observers0)
    sdh_state_observers0$$Base               0x00029f04   Number         0  nrf_drv_clock.o(sdh_state_observers0)
    sdh_state_observers0$$Limit              0x00029f14   Number         0  nrf_fstorage_sd.o(sdh_state_observers0)
    Image$$RW_IRAM1$$Base                    0x20002a68   Number         0  anon$$obj.o ABSOLUTE
    conn_flag                                0x20002a68   Data           1  main.o(.data)
    work_step                                0x20002a6b   Data           1  main.o(.data)
    length                                   0x20002a74   Data          10  main.o(.data)
    receive_data_from_app                    0x20002a80   Data           4  protocol_analysis.o(.data)
    Common_Word                              0x20002a88   Data           6  nus_maser_datahanle.o(.data)
    system_work                              0x20002a8e   Data           6  system_variable.o(.data)
    __stdout                                 0x20002af4   Data           4  retarget.o(.data)
    SystemCoreClock                          0x20002b50   Data           4  system_nrf52.o(.data)
    log_dynamic_data$$Base                   0x20002b54   Number         0  nrf_ble_gatt.o(log_dynamic_data)
    m_nrf_log_ble_gatt_logs_data_dynamic     0x20002b54   Data          12  nrf_ble_gatt.o(log_dynamic_data)
    m_nrf_log_clock_logs_data_dynamic        0x20002b60   Data          12  nrf_drv_clock.o(log_dynamic_data)
    m_nrf_log_gpiote_logs_data_dynamic       0x20002b6c   Data          12  nrf_drv_gpiote.o(log_dynamic_data)
    m_nrf_log_uart_logs_data_dynamic         0x20002b78   Data          12  nrf_drv_uart.o(log_dynamic_data)
    m_nrf_log_balloc_logs_data_dynamic       0x20002b84   Data          12  nrf_balloc.o(log_dynamic_data)
    m_nrf_log_pwr_mgmt_logs_data_dynamic     0x20002b90   Data          12  nrf_pwr_mgmt.o(log_dynamic_data)
    m_nrf_log_app_logs_data_dynamic          0x20002b9c   Data          12  nrf_log_frontend.o(log_dynamic_data)
    m_nrf_log_nrf_sdh_logs_data_dynamic      0x20002ba8   Data          12  nrf_sdh.o(log_dynamic_data)
    m_nrf_log_nrf_sdh_ble_logs_data_dynamic  0x20002bb4   Data          12  nrf_sdh_ble.o(log_dynamic_data)
    m_nrf_log_nrf_sdh_soc_logs_data_dynamic  0x20002bc0   Data          12  nrf_sdh_soc.o(log_dynamic_data)
    aSendBuffer                              0x20002fe8   Data         256  main.o(.bss)
    nrf_nvic_state                           0x20003454   Data          12  app_util_platform.o(.bss)
    _SEGGER_RTT                              0x20003a30   Data         120  segger_rtt.o(.bss)
    __initial_sp                             0x20005cb8   Data           0  arm_startup_nrf52.o(STACK)



==============================================================================

Memory Map of the image

  Image Entry point : 0x00023201

  Load Region LR_IROM1 (Base: 0x00023000, Size: 0x00007078, Max: 0x0005d000, ABSOLUTE, COMPRESSED[0x00006f58])

    Execution Region ER_IROM1 (Base: 0x00023000, Size: 0x00006f14, Max: 0x0005d000, ABSOLUTE)

    Base Addr    Size         Type   Attr      Idx    E Section Name        Object

    0x00023000   0x00000200   Data   RO         4325    RESET               arm_startup_nrf52.o
    0x00023200   0x00000000   Code   RO         4370  * .ARM.Collect$$$$00000000  mc_w.l(entry.o)
    0x00023200   0x00000004   Code   RO         4674    .ARM.Collect$$$$00000001  mc_w.l(entry2.o)
    0x00023204   0x00000004   Code   RO         4677    .ARM.Collect$$$$00000004  mc_w.l(entry5.o)
    0x00023208   0x00000000   Code   RO         4679    .ARM.Collect$$$$00000008  mc_w.l(entry7b.o)
    0x00023208   0x00000000   Code   RO         4681    .ARM.Collect$$$$0000000A  mc_w.l(entry8b.o)
    0x00023208   0x00000008   Code   RO         4682    .ARM.Collect$$$$0000000B  mc_w.l(entry9a.o)
    0x00023210   0x00000000   Code   RO         4684    .ARM.Collect$$$$0000000D  mc_w.l(entry10a.o)
    0x00023210   0x00000000   Code   RO         4686    .ARM.Collect$$$$0000000F  mc_w.l(entry11a.o)
    0x00023210   0x00000004   Code   RO         4675    .ARM.Collect$$$$00002712  mc_w.l(entry2.o)
    0x00023214   0x000000c8   Code   RO         2769    .emb_text           nrf_atfifo.o
    0x000232dc   0x0000009a   Code   RO         3148    .emb_text           nrf_memobj.o
    0x00023376   0x00000002   PAD
    0x00023378   0x0000009a   Code   RO         3615    .emb_text           nrf_log_frontend.o
    0x00023412   0x00000002   PAD
    0x00023414   0x00000024   Code   RO         4326    .text               arm_startup_nrf52.o
    0x00023438   0x00000062   Code   RO         4373    .text               mc_w.l(uldiv.o)
    0x0002349a   0x00000002   PAD
    0x0002349c   0x00000008   Code   RO         4375    .text               mc_w.l(ctype_o.o)
    0x000234a4   0x00000024   Code   RO         4403    .text               mc_w.l(memcpya.o)
    0x000234c8   0x00000024   Code   RO         4405    .text               mc_w.l(memseta.o)
    0x000234ec   0x0000000e   Code   RO         4407    .text               mc_w.l(strlen.o)
    0x000234fa   0x00000012   Code   RO         4409    .text               mc_w.l(strcpy.o)
    0x0002350c   0x0000001e   Code   RO         4690    .text               mc_w.l(llshl.o)
    0x0002352a   0x00000020   Code   RO         4692    .text               mc_w.l(llushr.o)
    0x0002354a   0x00000002   PAD
    0x0002354c   0x00000024   Code   RO         4705    .text               mc_w.l(init.o)
    0x00023570   0x00000056   Code   RO         4719    .text               mc_w.l(__dczerorl2.o)
    0x000235c6   0x00000034   Code   RO          374    i.App_RecvHandler   protocol_analysis.o
    0x000235fa   0x00000002   PAD
    0x000235fc   0x00000050   Code   RO          509    i.Crc8              nus_maser_datahanle.o
    0x0002364c   0x00000174   Code   RO         1693    i.GPIOTE_IRQHandler  nrf_drv_gpiote.o
    0x000237c0   0x00000016   Code   RO         2427    i.NVIC_ClearPendingIRQ  app_timer.o
    0x000237d6   0x00000016   Code   RO         2428    i.NVIC_EnableIRQ    app_timer.o
    0x000237ec   0x00000016   Code   RO         2429    i.NVIC_SetPendingIRQ  app_timer.o
    0x00023802   0x00000020   Code   RO         2430    i.NVIC_SetPriority  app_timer.o
    0x00023822   0x00000002   PAD
    0x00023824   0x00000058   Code   RO         1487    i.POWER_CLOCK_IRQHandler  nrf_drv_clock.o
    0x0002387c   0x00000024   Code   RO         2431    i.RTC1_IRQHandler   app_timer.o
    0x000238a0   0x00000004   Code   RO         3860    i.SEGGER_RTT_Init   segger_rtt.o
    0x000238a4   0x0000005c   Code   RO         3874    i.SEGGER_RTT_WriteNoLock  segger_rtt.o
    0x00023900   0x00000004   Code   RO         2432    i.SWI0_EGU0_IRQHandler  app_timer.o
    0x00023904   0x00000004   Code   RO         4108    i.SWI2_EGU2_IRQHandler  nrf_sdh.o
    0x00023908   0x0000000c   Code   RO          375    i.Somputon_Init     protocol_analysis.o
    0x00023914   0x0000031c   Code   RO         4334    i.SystemInit        system_nrf52.o
    0x00023c30   0x0000001c   Code   RO         1940    i.UARTE0_UART0_IRQHandler  nrf_drv_uart.o
    0x00023c4c   0x00000030   Code   RO          510    i.User_Get_Addr     nus_maser_datahanle.o
    0x00023c7c   0x00000068   Code   RO         3878    i._DoInit           segger_rtt.o
    0x00023ce4   0x00000016   Code   RO         3879    i._GetAvailWriteSpace  segger_rtt.o
    0x00023cfa   0x0000005a   Code   RO         3881    i._WriteBlocking    segger_rtt.o
    0x00023d54   0x00000042   Code   RO         3882    i._WriteNoCheck     segger_rtt.o
    0x00023d96   0x00000002   PAD
    0x00023d98   0x00000020   Code   RO         4620    i.__0printf$8       mc_w.l(printf8.o)
    0x00023db8   0x0000000e   Code   RO         4713    i.__scatterload_copy  mc_w.l(handlers.o)
    0x00023dc6   0x00000002   Code   RO         4714    i.__scatterload_null  mc_w.l(handlers.o)
    0x00023dc8   0x0000000e   Code   RO         4715    i.__scatterload_zeroinit  mc_w.l(handlers.o)
    0x00023dd6   0x00000002   PAD
    0x00023dd8   0x00000024   Code   RO         4109    i.__sd_nvic_app_accessible_irq  nrf_sdh.o
    0x00023dfc   0x00000016   Code   RO         4110    i.__sd_nvic_is_app_accessible_priority  nrf_sdh.o
    0x00023e12   0x00000002   PAD
    0x00023e14   0x00000410   Code   RO         4627    i._printf_core      mc_w.l(printf8.o)
    0x00024224   0x00000024   Code   RO         4628    i._printf_post_padding  mc_w.l(printf8.o)
    0x00024248   0x0000002e   Code   RO         4629    i._printf_pre_padding  mc_w.l(printf8.o)
    0x00024276   0x00000036   Code   RO          819    i.advertising_buttons_configure  bsp_btn_ble.o
    0x000242ac   0x00000068   Code   RO            4    i.advertising_init  main.o
    0x00024314   0x00000006   Code   RO          699    i.alert_timer_handler  bsp.o
    0x0002431a   0x00000002   PAD
    0x0002431c   0x00000024   Code   RO         2172    i.app_button_enable  app_button.o
    0x00024340   0x00000070   Code   RO         2173    i.app_button_init   app_button.o
    0x000243b0   0x00000140   Code   RO         2273    i.app_error_fault_handler  app_error_weak.o
    0x000244f0   0x00000018   Code   RO         2233    i.app_error_handler  app_error.o
    0x00024508   0x00000064   Code   RO         2235    i.app_error_save_and_stop  app_error.o
    0x0002456c   0x00000016   Code   RO         2304    i.app_fifo_get      app_fifo.o
    0x00024582   0x00000020   Code   RO         2305    i.app_fifo_init     app_fifo.o
    0x000245a2   0x0000001a   Code   RO         2307    i.app_fifo_put      app_fifo.o
    0x000245bc   0x00000024   Code   RO         2435    i.app_timer_create  app_timer.o
    0x000245e0   0x00000054   Code   RO         2436    i.app_timer_init    app_timer.o
    0x00024634   0x00000088   Code   RO         2439    i.app_timer_start   app_timer.o
    0x000246bc   0x00000020   Code   RO         2440    i.app_timer_stop    app_timer.o
    0x000246dc   0x00000074   Code   RO         2598    i.app_uart_get      app_uart_fifo.o
    0x00024750   0x000000b4   Code   RO         2599    i.app_uart_init     app_uart_fifo.o
    0x00024804   0x0000003c   Code   RO         2600    i.app_uart_put      app_uart_fifo.o
    0x00024840   0x00000048   Code   RO         2656    i.app_util_critical_region_enter  app_util_platform.o
    0x00024888   0x00000034   Code   RO         2657    i.app_util_critical_region_exit  app_util_platform.o
    0x000248bc   0x000000b8   Code   RO         1941    i.apply_config      nrf_drv_uart.o
    0x00024974   0x00000182   Code   RO          901    i.ble_advdata_encode  ble_advdata.o
    0x00024af6   0x00000068   Code   RO          902    i.ble_advdata_set   ble_advdata.o
    0x00024b5e   0x00000006   Code   RO          978    i.ble_advertising_conn_cfg_tag_set  ble_advertising.o
    0x00024b64   0x00000136   Code   RO          979    i.ble_advertising_init  ble_advertising.o
    0x00024c9a   0x00000068   Code   RO          981    i.ble_advertising_on_ble_evt  ble_advertising.o
    0x00024d02   0x00000032   Code   RO          982    i.ble_advertising_on_sys_evt  ble_advertising.o
    0x00024d34   0x0000003c   Code   RO          984    i.ble_advertising_restart_without_whitelist  ble_advertising.o
    0x00024d70   0x000001ca   Code   RO          985    i.ble_advertising_start  ble_advertising.o
    0x00024f3a   0x00000002   PAD
    0x00024f3c   0x00000068   Code   RO         1054    i.ble_conn_params_init  ble_conn_params.o
    0x00024fa4   0x00000060   Code   RO          903    i.ble_device_addr_encode  ble_advdata.o
    0x00025004   0x00000194   Code   RO            6    i.ble_evt_handler   main.o
    0x00025198   0x00000070   Code   RO          820    i.ble_evt_handler   bsp_btn_ble.o
    0x00025208   0x000000fc   Code   RO         1056    i.ble_evt_handler   ble_conn_params.o
    0x00025304   0x0000014c   Code   RO         1147    i.ble_evt_handler   ble_conn_state.o
    0x00025450   0x00000064   Code   RO         1437    i.ble_nus_init      ble_nus.o
    0x000254b4   0x0000008c   Code   RO         1438    i.ble_nus_on_ble_evt  ble_nus.o
    0x00025540   0x00000048   Code   RO         1439    i.ble_nus_string_send  ble_nus.o
    0x00025588   0x00000008   Code   RO         1283    i.ble_srv_is_notification_enabled  ble_srv_common.o
    0x00025590   0x00000044   Code   RO            7    i.ble_stack_init    main.o
    0x000255d4   0x00000002   Code   RO          420    i.bond_cmd          somputon_ble_datahandle.o
    0x000255d6   0x00000002   PAD
    0x000255d8   0x0000000c   Code   RO          587    i.bsp_board_button_idx_to_pin  boards.o
    0x000255e4   0x00000020   Code   RO          588    i.bsp_board_button_state_get  boards.o
    0x00025604   0x00000024   Code   RO          591    i.bsp_board_led_invert  boards.o
    0x00025628   0x00000010   Code   RO          592    i.bsp_board_led_off  boards.o
    0x00025638   0x00000010   Code   RO          593    i.bsp_board_led_on  boards.o
    0x00025648   0x00000020   Code   RO          594    i.bsp_board_led_state_get  boards.o
    0x00025668   0x0000002c   Code   RO          595    i.bsp_board_leds_init  boards.o
    0x00025694   0x00000012   Code   RO          596    i.bsp_board_leds_off  boards.o
    0x000256a6   0x00000012   Code   RO          597    i.bsp_board_leds_on  boards.o
    0x000256b8   0x00000024   Code   RO          598    i.bsp_board_pin_to_button_idx  boards.o
    0x000256dc   0x00000038   Code   RO          821    i.bsp_btn_ble_init  bsp_btn_ble.o
    0x00025714   0x0000001e   Code   RO          822    i.bsp_btn_ble_sleep_mode_prepare  bsp_btn_ble.o
    0x00025732   0x00000002   PAD
    0x00025734   0x00000090   Code   RO          700    i.bsp_button_event_handler  bsp.o
    0x000257c4   0x00000004   Code   RO          701    i.bsp_button_is_pressed  bsp.o
    0x000257c8   0x00000070   Code   RO            8    i.bsp_event_handler  main.o
    0x00025838   0x00000044   Code   RO          704    i.bsp_event_to_button_action_assign  bsp.o
    0x0002587c   0x00000018   Code   RO          705    i.bsp_indication_set  bsp.o
    0x00025894   0x00000094   Code   RO          706    i.bsp_init          bsp.o
    0x00025928   0x000001b8   Code   RO          707    i.bsp_led_indication  bsp.o
    0x00025ae0   0x00000010   Code   RO          709    i.bsp_wakeup_button_enable  bsp.o
    0x00025af0   0x00000064   Code   RO         3616    i.buf_prealloc      nrf_log_frontend.o
    0x00025b54   0x0000001e   Code   RO         2926    i.buffer_add        nrf_fprintf_format.o
    0x00025b72   0x00000002   PAD
    0x00025b74   0x00000014   Code   RO         3617    i.buffer_is_empty   nrf_log_frontend.o
    0x00025b88   0x00000008   Code   RO          710    i.button_timer_handler  bsp.o
    0x00025b90   0x0000001c   Code   RO         1694    i.channel_free      nrf_drv_gpiote.o
    0x00025bac   0x00000048   Code   RO         1695    i.channel_port_alloc  nrf_drv_gpiote.o
    0x00025bf4   0x00000010   Code   RO         1696    i.channel_port_get  nrf_drv_gpiote.o
    0x00025c04   0x00000002   Code   RO          421    i.clear_history_data_cmd  somputon_ble_datahandle.o
    0x00025c06   0x00000002   PAD
    0x00025c08   0x00000028   Code   RO         1488    i.clock_clk_started_notify  nrf_drv_clock.o
    0x00025c30   0x000000ac   Code   RO         2442    i.compare_reg_update  app_timer.o
    0x00025cdc   0x00000088   Code   RO          904    i.conn_int_encode   ble_advdata.o
    0x00025d64   0x0000001c   Code   RO            9    i.conn_params_error_handler  main.o
    0x00025d80   0x00000048   Code   RO         1057    i.conn_params_negotiation  ble_conn_params.o
    0x00025dc8   0x00000002   Code   RO          422    i.control_device_cmd  somputon_ble_datahandle.o
    0x00025dca   0x00000002   PAD
    0x00025dcc   0x00000060   Code   RO         2175    i.detection_delay_timeout_handler  app_button.o
    0x00025e2c   0x00000040   Code   RO         2443    i.elapsed_ticks_acquire  app_timer.o
    0x00025e6c   0x0000004e   Code   RO         3033    i.event_send        nrf_fstorage_sd.o
    0x00025eba   0x00000014   Code   RO         2310    i.fifo_get          app_fifo.o
    0x00025ece   0x00000012   Code   RO         2311    i.fifo_put          app_fifo.o
    0x00025ee0   0x0000000e   Code   RO         3382    i.fputc             retarget.o
    0x00025eee   0x00000002   PAD
    0x00025ef0   0x00000068   Code   RO           10    i.gap_params_init   main.o
    0x00025f58   0x00000054   Code   RO           11    i.gatt_evt_handler  main.o
    0x00025fac   0x0000004c   Code   RO           12    i.gatt_init         main.o
    0x00025ff8   0x00000002   Code   RO          423    i.get_device_time_cmd  somputon_ble_datahandle.o
    0x00025ffa   0x00000020   Code   RO          511    i.get_mac_addr      nus_maser_datahanle.o
    0x0002601a   0x00000002   Code   RO          424    i.get_real_time_data_cmd  somputon_ble_datahandle.o
    0x0002601c   0x00000058   Code   RO         2176    i.gpiote_event_handler  app_button.o
    0x00026074   0x00000014   Code   RO         1058    i.instance_get      ble_conn_params.o
    0x00026088   0x000000a6   Code   RO         2927    i.int_print         nrf_fprintf_format.o
    0x0002612e   0x00000002   PAD
    0x00026130   0x00000078   Code   RO         1942    i.interrupts_enable  nrf_drv_uart.o
    0x000261a8   0x00000044   Code   RO         1059    i.is_conn_params_ok  ble_conn_params.o
    0x000261ec   0x00000030   Code   RO          711    i.leds_off          bsp.o
    0x0002621c   0x00000014   Code   RO          712    i.leds_timer_handler  bsp.o
    0x00026230   0x00000028   Code   RO         1491    i.lfclk_stop        nrf_drv_clock.o
    0x00026258   0x00000018   Code   RO         1340    i.link_init         nrf_ble_gatt.o
    0x00026270   0x000000f8   Code   RO         2444    i.list_insertions_handler  app_timer.o
    0x00026368   0x00000094   Code   RO         3619    i.log_skip          nrf_log_frontend.o
    0x000263fc   0x0000019c   Code   RO           13    i.main              main.o
    0x00026598   0x00000064   Code   RO          905    i.manuf_specific_data_encode  ble_advdata.o
    0x000265fc   0x00000076   Code   RO         3149    i.memobj_op         nrf_memobj.o
    0x00026672   0x00000002   PAD
    0x00026674   0x00000034   Code   RO         3620    i.module_idx_get    nrf_log_frontend.o
    0x000266a8   0x0000009c   Code   RO          906    i.name_encode       ble_advdata.o
    0x00026744   0x00000016   Code   RO         2775    i.nrf_atfifo_item_free  nrf_atfifo.o
    0x0002675a   0x00000016   Code   RO         2776    i.nrf_atfifo_item_get  nrf_atfifo.o
    0x00026770   0x0000000e   Code   RO         3621    i.nrf_atomic_flag_set  nrf_log_frontend.o
    0x0002677e   0x00000044   Code   RO         2842    i.nrf_balloc_alloc  nrf_balloc.o
    0x000267c2   0x00000030   Code   RO         2843    i.nrf_balloc_free   nrf_balloc.o
    0x000267f2   0x00000030   Code   RO         2844    i.nrf_balloc_init   nrf_balloc.o
    0x00026822   0x00000010   Code   RO         1697    i.nrf_bitmask_bit_is_set  nrf_drv_gpiote.o
    0x00026832   0x00000018   Code   RO         1342    i.nrf_ble_gatt_att_mtu_periph_set  nrf_ble_gatt.o
    0x0002684a   0x00000022   Code   RO         1346    i.nrf_ble_gatt_init  nrf_ble_gatt.o
    0x0002686c   0x00000148   Code   RO         1347    i.nrf_ble_gatt_on_ble_evt  nrf_ble_gatt.o
    0x000269b4   0x0000000e   Code   RO         1492    i.nrf_clock_event_check  nrf_drv_clock.o
    0x000269c2   0x00000010   Code   RO         1493    i.nrf_clock_event_clear  nrf_drv_clock.o
    0x000269d2   0x00000002   PAD
    0x000269d4   0x0000008c   Code   RO         2445    i.nrf_delay_us      app_timer.o
    0x00026a60   0x00000048   Code   RO         1500    i.nrf_drv_clock_init  nrf_drv_clock.o
    0x00026aa8   0x0000002c   Code   RO         1504    i.nrf_drv_clock_lfclk_release  nrf_drv_clock.o
    0x00026ad4   0x00000038   Code   RO         1657    i.nrf_drv_common_irq_enable  nrf_drv_common.o
    0x00026b0c   0x00000006   Code   RO         1944    i.nrf_drv_get_IRQn  nrf_drv_uart.o
    0x00026b12   0x00000002   PAD
    0x00026b14   0x000000a4   Code   RO         1702    i.nrf_drv_gpiote_in_event_enable  nrf_drv_gpiote.o
    0x00026bb8   0x000000b8   Code   RO         1703    i.nrf_drv_gpiote_in_init  nrf_drv_gpiote.o
    0x00026c70   0x00000014   Code   RO         1704    i.nrf_drv_gpiote_in_is_set  nrf_drv_gpiote.o
    0x00026c84   0x0000005c   Code   RO         1706    i.nrf_drv_gpiote_init  nrf_drv_gpiote.o
    0x00026ce0   0x00000014   Code   RO         1707    i.nrf_drv_gpiote_is_init  nrf_drv_gpiote.o
    0x00026cf4   0x00000010   Code   RO         1945    i.nrf_drv_is_in_RAM  nrf_drv_uart.o
    0x00026d04   0x00000068   Code   RO         1947    i.nrf_drv_uart_init  nrf_drv_uart.o
    0x00026d6c   0x000000b0   Code   RO         1948    i.nrf_drv_uart_rx   nrf_drv_uart.o
    0x00026e1c   0x00000030   Code   RO         1951    i.nrf_drv_uart_rx_enable  nrf_drv_uart.o
    0x00026e4c   0x000000a8   Code   RO         1952    i.nrf_drv_uart_rx_for_uart  nrf_drv_uart.o
    0x00026ef4   0x000000b0   Code   RO         1953    i.nrf_drv_uart_rx_for_uarte  nrf_drv_uart.o
    0x00026fa4   0x0000010c   Code   RO         1955    i.nrf_drv_uart_tx   nrf_drv_uart.o
    0x000270b0   0x00000018   Code   RO         1957    i.nrf_drv_uart_tx_in_progress  nrf_drv_uart.o
    0x000270c8   0x0000001a   Code   RO         2883    i.nrf_fprintf       nrf_fprintf.o
    0x000270e2   0x00000018   Code   RO         2884    i.nrf_fprintf_buffer_flush  nrf_fprintf.o
    0x000270fa   0x000001da   Code   RO         2928    i.nrf_fprintf_fmt   nrf_fprintf_format.o
    0x000272d4   0x00000050   Code   RO         2967    i.nrf_fstorage_is_busy  nrf_fstorage.o
    0x00027324   0x00000018   Code   RO         3036    i.nrf_fstorage_sdh_req_handler  nrf_fstorage_sd.o
    0x0002733c   0x00000020   Code   RO         3037    i.nrf_fstorage_sdh_state_handler  nrf_fstorage_sd.o
    0x0002735c   0x000000a4   Code   RO         3038    i.nrf_fstorage_sys_evt_handler  nrf_fstorage_sd.o
    0x00027400   0x00000024   Code   RO          600    i.nrf_gpio_cfg      boards.o
    0x00027424   0x00000024   Code   RO         1721    i.nrf_gpio_cfg      nrf_drv_gpiote.o
    0x00027448   0x00000024   Code   RO         1959    i.nrf_gpio_cfg      nrf_drv_uart.o
    0x0002746c   0x00000012   Code   RO         1961    i.nrf_gpio_cfg_input  nrf_drv_uart.o
    0x0002747e   0x00000014   Code   RO         1962    i.nrf_gpio_cfg_output  nrf_drv_uart.o
    0x00027492   0x00000022   Code   RO          713    i.nrf_gpio_cfg_sense_set  bsp.o
    0x000274b4   0x00000022   Code   RO         1723    i.nrf_gpio_cfg_sense_set  nrf_drv_gpiote.o
    0x000274d6   0x00000016   Code   RO          601    i.nrf_gpio_pin_write  boards.o
    0x000274ec   0x00000028   Code   RO         1724    i.nrf_gpio_ports_read  nrf_drv_gpiote.o
    0x00027514   0x00000014   Code   RO         1725    i.nrf_gpiote_event_clear  nrf_drv_gpiote.o
    0x00027528   0x00000010   Code   RO         1726    i.nrf_gpiote_event_is_set  nrf_drv_gpiote.o
    0x00027538   0x00000050   Code   RO         3622    i.nrf_log_backend_add  nrf_log_frontend.o
    0x00027588   0x00000002   Code   RO         3484    i.nrf_log_backend_rtt_flush  nrf_log_backend_rtt.o
    0x0002758a   0x00000004   Code   RO         3485    i.nrf_log_backend_rtt_init  nrf_log_backend_rtt.o
    0x0002758e   0x00000002   Code   RO         3486    i.nrf_log_backend_rtt_panic_set  nrf_log_backend_rtt.o
    0x00027590   0x00000018   Code   RO         3487    i.nrf_log_backend_rtt_put  nrf_log_backend_rtt.o
    0x000275a8   0x000000d2   Code   RO         3548    i.nrf_log_backend_serial_put  nrf_log_backend_serial.o
    0x0002767a   0x00000002   PAD
    0x0002767c   0x00000030   Code   RO         3624    i.nrf_log_color_id_get  nrf_log_frontend.o
    0x000276ac   0x0000001c   Code   RO         3582    i.nrf_log_default_backends_init  nrf_log_default_backends.o
    0x000276c8   0x000001f0   Code   RO         3625    i.nrf_log_frontend_dequeue  nrf_log_frontend.o
    0x000278b8   0x00000008   Code   RO         3627    i.nrf_log_frontend_std_0  nrf_log_frontend.o
    0x000278c0   0x0000000e   Code   RO         3628    i.nrf_log_frontend_std_1  nrf_log_frontend.o
    0x000278ce   0x00000010   Code   RO         3629    i.nrf_log_frontend_std_2  nrf_log_frontend.o
    0x000278de   0x00000014   Code   RO         3631    i.nrf_log_frontend_std_4  nrf_log_frontend.o
    0x000278f2   0x00000002   PAD
    0x000278f4   0x000000ac   Code   RO         3807    i.nrf_log_hexdump_entry_process  nrf_log_str_formatter.o
    0x000279a0   0x0000005c   Code   RO         3634    i.nrf_log_init      nrf_log_frontend.o
    0x000279fc   0x00000014   Code   RO         3635    i.nrf_log_module_cnt_get  nrf_log_frontend.o
    0x00027a10   0x0000001c   Code   RO         3638    i.nrf_log_module_name_get  nrf_log_frontend.o
    0x00027a2c   0x00000028   Code   RO         3639    i.nrf_log_panic     nrf_log_frontend.o
    0x00027a54   0x000000b6   Code   RO         3808    i.nrf_log_std_entry_process  nrf_log_str_formatter.o
    0x00027b0a   0x00000060   Code   RO         3150    i.nrf_memobj_alloc  nrf_memobj.o
    0x00027b6a   0x00000032   Code   RO         3151    i.nrf_memobj_free   nrf_memobj.o
    0x00027b9c   0x0000000e   Code   RO         3152    i.nrf_memobj_get    nrf_memobj.o
    0x00027baa   0x00000004   Code   RO         3153    i.nrf_memobj_pool_init  nrf_memobj.o
    0x00027bae   0x00000022   Code   RO         3154    i.nrf_memobj_put    nrf_memobj.o
    0x00027bd0   0x0000000c   Code   RO         3155    i.nrf_memobj_read   nrf_memobj.o
    0x00027bdc   0x0000000c   Code   RO         3156    i.nrf_memobj_write  nrf_memobj.o
    0x00027be8   0x00000014   Code   RO         4244    i.nrf_sdh_ble_app_ram_start_get  nrf_sdh_ble.o
    0x00027bfc   0x00000154   Code   RO         4245    i.nrf_sdh_ble_default_cfg_set  nrf_sdh_ble.o
    0x00027d50   0x000000d8   Code   RO         4246    i.nrf_sdh_ble_enable  nrf_sdh_ble.o
    0x00027e28   0x00000094   Code   RO         4247    i.nrf_sdh_ble_evts_poll  nrf_sdh_ble.o
    0x00027ebc   0x0000003c   Code   RO         4111    i.nrf_sdh_disable_request  nrf_sdh.o
    0x00027ef8   0x00000054   Code   RO         4112    i.nrf_sdh_enable_request  nrf_sdh.o
    0x00027f4c   0x00000024   Code   RO         4113    i.nrf_sdh_evts_poll  nrf_sdh.o
    0x00027f70   0x0000000c   Code   RO         4114    i.nrf_sdh_is_enabled  nrf_sdh.o
    0x00027f7c   0x0000001c   Code   RO         4116    i.nrf_sdh_request_continue  nrf_sdh.o
    0x00027f98   0x00000080   Code   RO         4294    i.nrf_sdh_soc_evts_poll  nrf_sdh_soc.o
    0x00028018   0x0000000a   Code   RO         3313    i.nrf_section_iter_init  nrf_section_iter.o
    0x00028022   0x00000024   Code   RO         3314    i.nrf_section_iter_item_set  nrf_section_iter.o
    0x00028046   0x00000020   Code   RO         3315    i.nrf_section_iter_next  nrf_section_iter.o
    0x00028066   0x00000002   PAD
    0x00028068   0x00000038   Code   RO         3348    i.nrf_strerror_find  nrf_strerror.o
    0x000280a0   0x00000014   Code   RO         3349    i.nrf_strerror_get  nrf_strerror.o
    0x000280b4   0x0000000a   Code   RO         1963    i.nrf_uart_event_check  nrf_drv_uart.o
    0x000280be   0x0000000c   Code   RO         1964    i.nrf_uart_event_clear  nrf_drv_uart.o
    0x000280ca   0x0000000c   Code   RO         1965    i.nrf_uart_int_enable_check  nrf_drv_uart.o
    0x000280d6   0x0000000a   Code   RO         1966    i.nrf_uarte_event_check  nrf_drv_uart.o
    0x000280e0   0x0000000c   Code   RO         1967    i.nrf_uarte_event_clear  nrf_drv_uart.o
    0x000280ec   0x00000088   Code   RO          512    i.nus_data_handle   nus_maser_datahanle.o
    0x00028174   0x00000022   Code   RO           14    i.nus_data_handler  main.o
    0x00028196   0x00000002   PAD
    0x00028198   0x0000003c   Code   RO           15    i.on_adv_evt        main.o
    0x000281d4   0x00000034   Code   RO           16    i.on_conn_params_evt  main.o
    0x00028208   0x0000009c   Code   RO         1348    i.on_connected_evt  nrf_ble_gatt.o
    0x000282a4   0x00000074   Code   RO         1349    i.on_exchange_mtu_request_evt  nrf_ble_gatt.o
    0x00028318   0x00000018   Code   RO         1727    i.pin_in_use_by_port  nrf_drv_gpiote.o
    0x00028330   0x00000018   Code   RO         1728    i.pin_in_use_by_te  nrf_drv_gpiote.o
    0x00028348   0x0000003c   Code   RO         3809    i.postfix_process   nrf_log_str_formatter.o
    0x00028384   0x0000005c   Code   RO         3810    i.prefix_process    nrf_log_str_formatter.o
    0x000283e0   0x00000098   Code   RO         3039    i.queue_process     nrf_fstorage_sd.o
    0x00028478   0x0000003c   Code   RO         2446    i.rtc1_stop         app_timer.o
    0x000284b4   0x00000032   Code   RO         1969    i.rx_byte           nrf_drv_uart.o
    0x000284e6   0x000000a2   Code   RO         1440    i.rx_char_add       ble_nus.o
    0x00028588   0x00000018   Code   RO         1970    i.rx_done_event     nrf_drv_uart.o
    0x000285a0   0x00000020   Code   RO         1971    i.rx_enable         nrf_drv_uart.o
    0x000285c0   0x00000042   Code   RO         4119    i.sd_nvic_SetPriority  nrf_sdh.o
    0x00028602   0x00000002   PAD
    0x00028604   0x00000054   Code   RO         1507    i.sd_state_evt_handler  nrf_drv_clock.o
    0x00028658   0x00000030   Code   RO         4120    i.sdh_request_observer_notify  nrf_sdh.o
    0x00028688   0x0000002c   Code   RO         4121    i.sdh_state_observer_notify  nrf_sdh.o
    0x000286b4   0x00000044   Code   RO         3419    i.sdk_mapped_flags_bulk_update_by_key  sdk_mapped_flags.o
    0x000286f8   0x00000022   Code   RO         3420    i.sdk_mapped_flags_first_key_index_get  sdk_mapped_flags.o
    0x0002871a   0x00000010   Code   RO         3421    i.sdk_mapped_flags_get_by_index  sdk_mapped_flags.o
    0x0002872a   0x0000004a   Code   RO         3424    i.sdk_mapped_flags_key_list_get  sdk_mapped_flags.o
    0x00028774   0x0000000e   Code   RO         3426    i.sdk_mapped_flags_update_by_key  sdk_mapped_flags.o
    0x00028782   0x00000002   PAD
    0x00028784   0x00000010   Code   RO         1060    i.send_error_evt    ble_conn_params.o
    0x00028794   0x0000002a   Code   RO         3488    i.serial_tx         nrf_log_backend_rtt.o
    0x000287be   0x00000002   PAD
    0x000287c0   0x00000088   Code   RO          907    i.service_data_encode  ble_advdata.o
    0x00028848   0x0000004c   Code   RO           17    i.sleep_mode_enter  main.o
    0x00028894   0x0000000a   Code   RO         1508    i.soc_evt_handler   nrf_drv_clock.o
    0x0002889e   0x00000002   PAD
    0x000288a0   0x00000078   Code   RO         4122    i.softdevice_evt_irq_disable  nrf_sdh.o
    0x00028918   0x00000090   Code   RO         4123    i.softdevices_evt_irq_enable  nrf_sdh.o
    0x000289a8   0x00000090   Code   RO         3641    i.std_n             nrf_log_frontend.o
    0x00028a38   0x0000006c   Code   RO         4124    i.swi_interrupt_priority_workaround  nrf_sdh.o
    0x00028aa4   0x000000e0   Code   RO           18    i.sys_meas_timeout_handler  main.o
    0x00028b84   0x00000038   Code   RO           19    i.timer_init        main.o
    0x00028bbc   0x00000080   Code   RO         2447    i.timer_list_handler  app_timer.o
    0x00028c3c   0x0000003c   Code   RO         2448    i.timer_list_insert  app_timer.o
    0x00028c78   0x00000060   Code   RO         2449    i.timer_list_remove  app_timer.o
    0x00028cd8   0x0000002c   Code   RO           20    i.timer_start       main.o
    0x00028d04   0x00000048   Code   RO         2450    i.timer_stop_op_schedule  app_timer.o
    0x00028d4c   0x00000074   Code   RO         2451    i.timer_timeouts_check  app_timer.o
    0x00028dc0   0x00000020   Code   RO         1972    i.tx_byte           nrf_drv_uart.o
    0x00028de0   0x000000da   Code   RO         1441    i.tx_char_add       ble_nus.o
    0x00028eba   0x0000001c   Code   RO         1973    i.tx_done_event     nrf_drv_uart.o
    0x00028ed6   0x00000002   PAD
    0x00028ed8   0x00000090   Code   RO           21    i.uart_event_handle  main.o
    0x00028f68   0x000000a0   Code   RO         2601    i.uart_event_handler  app_uart_fifo.o
    0x00029008   0x0000011e   Code   RO         1974    i.uart_irq_handler  nrf_drv_uart.o
    0x00029126   0x000000f0   Code   RO         1975    i.uarte_irq_handler  nrf_drv_uart.o
    0x00029216   0x0000000a   Code   RO          908    i.uint16_encode     ble_advdata.o
    0x00029220   0x000000b4   Code   RO         2929    i.unsigned_print    nrf_fprintf_format.o
    0x000292d4   0x00000068   Code   RO         1061    i.update_timeout_handler  ble_conn_params.o
    0x0002933c   0x00000030   Code   RO         2452    i.user_op_alloc     app_timer.o
    0x0002936c   0x00000030   Code   RO          909    i.uuid_list_encode  ble_advdata.o
    0x0002939c   0x0000009e   Code   RO          910    i.uuid_list_sized_encode  ble_advdata.o
    0x0002943a   0x00000002   PAD
    0x0002943c   0x0000001c   Data   RO           24    .constdata          main.o
    0x00029458   0x00000008   Data   RO          602    .constdata          boards.o
    0x00029460   0x0000002c   Data   RO          718    .constdata          bsp.o
    0x0002948c   0x00000016   Data   RO         1350    .constdata          nrf_ble_gatt.o
    0x000294a2   0x00000002   PAD
    0x000294a4   0x00000020   Data   RO         1442    .constdata          ble_nus.o
    0x000294c4   0x00000004   Data   RO         1730    .constdata          nrf_drv_gpiote.o
    0x000294c8   0x00000008   Data   RO         2178    .constdata          app_button.o
    0x000294d0   0x00000020   Data   RO         2603    .constdata          app_uart_fifo.o
    0x000294f0   0x00000010   Data   RO         2930    .constdata          nrf_fprintf_format.o
    0x00029500   0x00000010   Data   RO         3048    .constdata          nrf_fstorage_sd.o
    0x00029510   0x00000104   Data   RO         3350    .constdata          nrf_strerror.o
    0x00029614   0x0000000c   Data   RO         3490    .constdata          nrf_log_backend_rtt.o
    0x00029620   0x00000014   Data   RO         3644    .constdata          nrf_log_frontend.o
    0x00029634   0x00000010   Data   RO         4125    .constdata          nrf_sdh.o
    0x00029644   0x00000028   Data   RO         4126    .constdata          nrf_sdh.o
    0x0002966c   0x00000010   Data   RO         4127    .constdata          nrf_sdh.o
    0x0002967c   0x00000010   Data   RO         4128    .constdata          nrf_sdh.o
    0x0002968c   0x00000020   Data   RO         4248    .constdata          nrf_sdh_ble.o
    0x000296ac   0x00000010   Data   RO         4249    .constdata          nrf_sdh_ble.o
    0x000296bc   0x00000010   Data   RO         4295    .constdata          nrf_sdh_soc.o
    0x000296cc   0x0000000c   Data   RO         4296    .constdata          nrf_sdh_soc.o
    0x000296d8   0x00000081   Data   RO         4376    .constdata          mc_w.l(ctype_o.o)
    0x00029759   0x00000003   PAD
    0x0002975c   0x00000004   Data   RO         4377    .constdata          mc_w.l(ctype_o.o)
    0x00029760   0x0000012d   Data   RO         1351    .conststring        nrf_ble_gatt.o
    0x0002988d   0x00000003   PAD
    0x00029890   0x00000307   Data   RO         3351    .conststring        nrf_strerror.o
    0x00029b97   0x00000001   PAD
    0x00029b98   0x00000066   Data   RO         3811    .conststring        nrf_log_str_formatter.o
    0x00029bfe   0x00000002   PAD
    0x00029c00   0x000001cf   Data   RO         4250    .conststring        nrf_sdh_ble.o
    0x00029dcf   0x00000001   PAD
    0x00029dd0   0x00000009   Data   RO         1352    .conststrlit        nrf_ble_gatt.o
    0x00029dd9   0x00000003   PAD
    0x00029ddc   0x00000006   Data   RO         1514    .conststrlit        nrf_drv_clock.o
    0x00029de2   0x00000002   PAD
    0x00029de4   0x00000007   Data   RO         1734    .conststrlit        nrf_drv_gpiote.o
    0x00029deb   0x00000001   PAD
    0x00029dec   0x00000005   Data   RO         1977    .conststrlit        nrf_drv_uart.o
    0x00029df1   0x00000003   PAD
    0x00029df4   0x00000007   Data   RO         2845    .conststrlit        nrf_balloc.o
    0x00029dfb   0x00000001   PAD
    0x00029dfc   0x00000009   Data   RO         3242    .conststrlit        nrf_pwr_mgmt.o
    0x00029e05   0x00000003   PAD
    0x00029e08   0x00000004   Data   RO         3646    .conststrlit        nrf_log_frontend.o
    0x00029e0c   0x00000008   Data   RO         4129    .conststrlit        nrf_sdh.o
    0x00029e14   0x0000000c   Data   RO         4251    .conststrlit        nrf_sdh_ble.o
    0x00029e20   0x0000000c   Data   RO         4297    .conststrlit        nrf_sdh_soc.o
    0x00029e2c   0x00000020   Data   RO         4711    Region$$Table       anon$$obj.o
    0x00029e4c   0x00000008   Data   RO         1353    log_const_data      nrf_ble_gatt.o
    0x00029e54   0x00000008   Data   RO         1515    log_const_data      nrf_drv_clock.o
    0x00029e5c   0x00000008   Data   RO         1735    log_const_data      nrf_drv_gpiote.o
    0x00029e64   0x00000008   Data   RO         1978    log_const_data      nrf_drv_uart.o
    0x00029e6c   0x00000008   Data   RO         2846    log_const_data      nrf_balloc.o
    0x00029e74   0x00000008   Data   RO         3244    log_const_data      nrf_pwr_mgmt.o
    0x00029e7c   0x00000008   Data   RO         3650    log_const_data      nrf_log_frontend.o
    0x00029e84   0x00000008   Data   RO         4131    log_const_data      nrf_sdh.o
    0x00029e8c   0x00000008   Data   RO         4252    log_const_data      nrf_sdh_ble.o
    0x00029e94   0x00000008   Data   RO         4298    log_const_data      nrf_sdh_soc.o
    0x00029e9c   0x00000008   Data   RO         1150    sdh_ble_observers0  ble_conn_state.o
    0x00029ea4   0x00000010   Data   RO           26    sdh_ble_observers1  main.o
    0x00029eb4   0x00000008   Data   RO          824    sdh_ble_observers1  bsp_btn_ble.o
    0x00029ebc   0x00000008   Data   RO         1064    sdh_ble_observers1  ble_conn_params.o
    0x00029ec4   0x00000008   Data   RO           27    sdh_ble_observers2  main.o
    0x00029ecc   0x00000008   Data   RO           28    sdh_ble_observers3  main.o
    0x00029ed4   0x00000008   Data   RO         3051    sdh_req_observers0  nrf_fstorage_sd.o
    0x00029edc   0x00000008   Data   RO         1517    sdh_soc_observers0  nrf_drv_clock.o
    0x00029ee4   0x00000008   Data   RO         3052    sdh_soc_observers0  nrf_fstorage_sd.o
    0x00029eec   0x00000008   Data   RO           29    sdh_soc_observers1  main.o
    0x00029ef4   0x00000008   Data   RO         4254    sdh_stack_observers0  nrf_sdh_ble.o
    0x00029efc   0x00000008   Data   RO         4300    sdh_stack_observers0  nrf_sdh_soc.o
    0x00029f04   0x00000008   Data   RO         1518    sdh_state_observers0  nrf_drv_clock.o
    0x00029f0c   0x00000008   Data   RO         3053    sdh_state_observers0  nrf_fstorage_sd.o


    Execution Region RW_IRAM1 (Base: 0x20002a68, Size: 0x00003250, Max: 0x0000d598, ABSOLUTE, COMPRESSED[0x00000044])

    Base Addr    Size         Type   Attr      Idx    E Section Name        Object

    0x20002a68   0x00000016   Data   RW           25    .data               main.o
    0x20002a7e   0x00000002   PAD
    0x20002a80   0x00000004   Data   RW          377    .data               protocol_analysis.o
    0x20002a84   0x0000000a   Data   RW          513    .data               nus_maser_datahanle.o
    0x20002a8e   0x00000006   Data   RW          563    .data               system_variable.o
    0x20002a94   0x00000010   Data   RW          719    .data               bsp.o
    0x20002aa4   0x00000008   Data   RW          823    .data               bsp_btn_ble.o
    0x20002aac   0x00000008   Data   RW         1063    .data               ble_conn_params.o
    0x20002ab4   0x00000014   Data   RW         2179    .data               app_button.o
    0x20002ac8   0x00000014   Data   RW         2454    .data               app_timer.o
    0x20002adc   0x00000010   Data   RW         2604    .data               app_uart_fifo.o
    0x20002aec   0x00000008   Data   RW         3050    .data               nrf_fstorage_sd.o
    0x20002af4   0x00000004   Data   RW         3383    .data               retarget.o
    0x20002af8   0x0000000c   Data   RW         3583    .data               nrf_log_default_backends.o
    0x20002b04   0x00000008   Data   RW         3648    .data               nrf_log_frontend.o
    0x20002b0c   0x00000008   Data   RW         3649    .data               nrf_log_frontend.o
    0x20002b14   0x00000038   Data   RW         3812    .data               nrf_log_str_formatter.o
    0x20002b4c   0x00000003   Data   RW         4130    .data               nrf_sdh.o
    0x20002b4f   0x00000001   PAD
    0x20002b50   0x00000004   Data   RW         4335    .data               system_nrf52.o
    0x20002b54   0x0000000c   Data   RW         1354    log_dynamic_data    nrf_ble_gatt.o
    0x20002b60   0x0000000c   Data   RW         1516    log_dynamic_data    nrf_drv_clock.o
    0x20002b6c   0x0000000c   Data   RW         1736    log_dynamic_data    nrf_drv_gpiote.o
    0x20002b78   0x0000000c   Data   RW         1979    log_dynamic_data    nrf_drv_uart.o
    0x20002b84   0x0000000c   Data   RW         2847    log_dynamic_data    nrf_balloc.o
    0x20002b90   0x0000000c   Data   RW         3245    log_dynamic_data    nrf_pwr_mgmt.o
    0x20002b9c   0x0000000c   Data   RW         3651    log_dynamic_data    nrf_log_frontend.o
    0x20002ba8   0x0000000c   Data   RW         4132    log_dynamic_data    nrf_sdh.o
    0x20002bb4   0x0000000c   Data   RW         4253    log_dynamic_data    nrf_sdh_ble.o
    0x20002bc0   0x0000000c   Data   RW         4299    log_dynamic_data    nrf_sdh_soc.o
    0x20002bcc   0x00000020   Zero   RW           22    .bss                main.o
    0x20002bec   0x000004fc   Zero   RW           23    .bss                main.o
    0x200030e8   0x00000020   Zero   RW          714    .bss                bsp.o
    0x20003108   0x00000020   Zero   RW          715    .bss                bsp.o
    0x20003128   0x0000000c   Zero   RW          716    .bss                bsp.o
    0x20003134   0x00000020   Zero   RW          717    .bss                bsp.o
    0x20003154   0x00000050   Zero   RW         1062    .bss                ble_conn_params.o
    0x200031a4   0x000000b8   Zero   RW         1149    .bss                ble_conn_state.o
    0x2000325c   0x00000014   Zero   RW         1509    .bss                nrf_drv_clock.o
    0x20003270   0x00000058   Zero   RW         1729    .bss                nrf_drv_gpiote.o
    0x200032c8   0x00000020   Zero   RW         1976    .bss                nrf_drv_uart.o
    0x200032e8   0x00000020   Zero   RW         2177    .bss                app_button.o
    0x20003308   0x00000020   Zero   RW         2236    .bss                app_error.o
    0x20003328   0x0000010c   Zero   RW         2453    .bss                app_timer.o
    0x20003434   0x00000020   Zero   RW         2602    .bss                app_uart_fifo.o
    0x20003454   0x0000000c   Zero   RW         2662    .bss                app_util_platform.o
    0x20003460   0x000000a0   Zero   RW         3046    .bss                nrf_fstorage_sd.o
    0x20003500   0x00000010   Zero   RW         3047    .bss                nrf_fstorage_sd.o
    0x20003510   0x00000040   Zero   RW         3489    .bss                nrf_log_backend_rtt.o
    0x20003550   0x000000c0   Zero   RW         3642    .bss                nrf_log_frontend.o
    0x20003610   0x00000420   Zero   RW         3643    .bss                nrf_log_frontend.o
    0x20003a30   0x00000288   Zero   RW         3883    .bss                segger_rtt.o
    0x20003cb8   0x00002000   Zero   RW         4323    STACK               arm_startup_nrf52.o


==============================================================================

Image component sizes


      Code (inc. data)   RO Data    RW Data    ZI Data      Debug   Object Name

       332         34          8         20         32      10086   app_button.o
       124          4          0          0         32       3794   app_error.o
       320        152          0          0          0       4742   app_error_weak.o
       118          0          0          0          0       4946   app_fifo.o
      1630        122          0         20        268      47503   app_timer.o
       516        102         32         16         32       7382   app_uart_fifo.o
       124         14          0          0         12       9054   app_util_platform.o
        36          8        512          0       8192        920   arm_startup_nrf52.o
      1330          0          0          0          0      36427   ble_advdata.o
       988          6          0          0          0      10280   ble_advertising.o
       636         44          8          8         80      11679   ble_conn_params.o
       332         66          8          0        184       3391   ble_conn_state.o
       692         10         32          0          0       7542   ble_nus.o
         8          0          0          0          0       1422   ble_srv_common.o
       318         42          8          0          0      13272   boards.o
       960         84         44         16        108      15211   bsp.o
       252         10          8          8          0       4736   bsp_btn_ble.o
      2082        420         68         22       1308     161048   main.o
       244          0          0          0          0       4909   nrf_atfifo.o
       164          0         15         12          0       3829   nrf_balloc.o
       682         44        340         12          0      40034   nrf_ble_gatt.o
       408         40         30         12         20      40959   nrf_drv_clock.o
        56          0          0          0          0      27531   nrf_drv_common.o
      1178         84         19         12         88      30246   nrf_drv_gpiote.o
      2140         66         13         12         32      41507   nrf_drv_uart.o
        50          0          0          0          0       3497   nrf_fprintf.o
       850          4         16          0          0       5370   nrf_fprintf_format.o
        80         10          0          0          0        851   nrf_fstorage.o
       450         36         40          8        176      10887   nrf_fstorage_sd.o
        74          8         12          0         64       5417   nrf_log_backend_rtt.o
       210          0          0          0          0      10303   nrf_log_backend_serial.o
        28          6          0         12          0       3170   nrf_log_default_backends.o
      1494         88         32         28       1248      31656   nrf_log_frontend.o
       506         66        102         56          0       5440   nrf_log_str_formatter.o
       494          0          0          0          0      12987   nrf_memobj.o
         0          0         17         12          0       7233   nrf_pwr_mgmt.o
       812        242        104         15          0      50708   nrf_sdh.o
       724        222        539         12          0       5889   nrf_sdh_ble.o
       128         68         56         12          0       2564   nrf_sdh_soc.o
        78          0          0          0          0       2712   nrf_section_iter.o
        76         10       1035          0          0       2691   nrf_strerror.o
       296         34          0         10          0       4046   nus_maser_datahanle.o
        64          6          0          4          0       3176   protocol_analysis.o
        14          0          0          4          0       2842   retarget.o
       206          0          0          0          0       5286   sdk_mapped_flags.o
       378         34          0          0        648       8825   segger_rtt.o
        10          0          0          0          0       3156   somputon_ble_datahandle.o
       796         70          0          4          0      29622   system_nrf52.o
         0          0          0          6          0        870   system_variable.o

    ----------------------------------------------------------------------
     23544       2256       3152        356      12524     761648   Object Totals
         0          0         32          0          0          0   (incl. Generated)
        56          0         22          3          0          0   (incl. Padding)

    ----------------------------------------------------------------------

      Code (inc. data)   RO Data    RW Data    ZI Data      Debug   Library Member Name

        86          0          0          0          0          0   __dczerorl2.o
         8          4        133          0          0         68   ctype_o.o
         0          0          0          0          0          0   entry.o
         0          0          0          0          0          0   entry10a.o
         0          0          0          0          0          0   entry11a.o
         8          4          0          0          0          0   entry2.o
         4          0          0          0          0          0   entry5.o
         0          0          0          0          0          0   entry7b.o
         0          0          0          0          0          0   entry8b.o
         8          4          0          0          0          0   entry9a.o
        30          0          0          0          0          0   handlers.o
        36          8          0          0          0         68   init.o
        30          0          0          0          0         68   llshl.o
        32          0          0          0          0         68   llushr.o
        36          0          0          0          0         68   memcpya.o
        36          0          0          0          0        108   memseta.o
      1154         54          0          0          0        352   printf8.o
        18          0          0          0          0         68   strcpy.o
        14          0          0          0          0         68   strlen.o
        98          0          0          0          0         92   uldiv.o

    ----------------------------------------------------------------------
      1604         74        136          0          0       1028   Library Totals
         6          0          3          0          0          0   (incl. Padding)

    ----------------------------------------------------------------------

      Code (inc. data)   RO Data    RW Data    ZI Data      Debug   Library Name

      1598         74        133          0          0       1028   mc_w.l

    ----------------------------------------------------------------------
      1604         74        136          0          0       1028   Library Totals

    ----------------------------------------------------------------------

==============================================================================


      Code (inc. data)   RO Data    RW Data    ZI Data      Debug   

     25148       2330       3288        356      12524     735444   Grand Totals
     25148       2330       3288         68      12524     735444   ELF Image Totals (compressed)
     25148       2330       3288         68          0          0   ROM Totals

==============================================================================

    Total RO  Size (Code + RO Data)                28436 (  27.77kB)
    Total RW  Size (RW Data + ZI Data)             12880 (  12.58kB)
    Total ROM Size (Code + RO Data + RW Data)      28504 (  27.84kB)

==============================================================================

