Component: ARM Compiler 5.05 update 2 (build 169) Tool: armlink [4d0f33]

==============================================================================

Section Cross References

    main.o(i.advertising_init) refers to memseta.o(.text) for __aeabi_memclr4
    main.o(i.advertising_init) refers to ble_advertising.o(i.ble_advertising_init) for ble_advertising_init
    main.o(i.advertising_init) refers to app_error.o(i.app_error_handler) for app_error_handler
    main.o(i.advertising_init) refers to ble_advertising.o(i.ble_advertising_conn_cfg_tag_set) for ble_advertising_conn_cfg_tag_set
    main.o(i.advertising_init) refers to main.o(.data) for .data
    main.o(i.advertising_init) refers to main.o(i.on_adv_evt) for on_adv_evt
    main.o(i.advertising_init) refers to main.o(.bss) for .bss
    main.o(i.advertising_init) refers to main.o(i.timer_init) for i.timer_init
    main.o(i.assert_nrf_callback) refers to app_error.o(i.app_error_handler) for app_error_handler
    main.o(i.ble_evt_handler) refers to nrf_log_frontend.o(i.nrf_log_frontend_std_0) for nrf_log_frontend_std_0
    main.o(i.ble_evt_handler) refers to bsp.o(i.bsp_indication_set) for bsp_indication_set
    main.o(i.ble_evt_handler) refers to app_error.o(i.app_error_handler) for app_error_handler
    main.o(i.ble_evt_handler) refers to memcpya.o(.text) for __aeabi_memcpy
    main.o(i.ble_evt_handler) refers to main.o(.data) for .data
    main.o(i.ble_evt_handler) refers to nrf_log_frontend.o(log_dynamic_data) for m_nrf_log_app_logs_data_dynamic
    main.o(i.ble_stack_init) refers to nrf_sdh.o(i.nrf_sdh_enable_request) for nrf_sdh_enable_request
    main.o(i.ble_stack_init) refers to app_error.o(i.app_error_handler) for app_error_handler
    main.o(i.ble_stack_init) refers to nrf_sdh_ble.o(i.nrf_sdh_ble_default_cfg_set) for nrf_sdh_ble_default_cfg_set
    main.o(i.ble_stack_init) refers to nrf_sdh_ble.o(i.nrf_sdh_ble_enable) for nrf_sdh_ble_enable
    main.o(i.ble_stack_init) refers to main.o(i.timer_init) for i.timer_init
    main.o(i.bsp_event_handler) refers to main.o(i.sleep_mode_enter) for sleep_mode_enter
    main.o(i.bsp_event_handler) refers to ble_advertising.o(i.ble_advertising_restart_without_whitelist) for ble_advertising_restart_without_whitelist
    main.o(i.bsp_event_handler) refers to app_error.o(i.app_error_handler) for app_error_handler
    main.o(i.bsp_event_handler) refers to main.o(.data) for .data
    main.o(i.bsp_event_handler) refers to main.o(.bss) for .bss
    main.o(i.conn_params_error_handler) refers to app_error.o(i.app_error_handler) for app_error_handler
    main.o(i.gap_params_init) refers to app_error.o(i.app_error_handler) for app_error_handler
    main.o(i.gap_params_init) refers to main.o(i.timer_init) for i.timer_init
    main.o(i.gatt_evt_handler) refers to nrf_log_frontend.o(i.nrf_log_frontend_std_2) for nrf_log_frontend_std_2
    main.o(i.gatt_evt_handler) refers to main.o(.data) for .data
    main.o(i.gatt_evt_handler) refers to nrf_log_frontend.o(log_dynamic_data) for m_nrf_log_app_logs_data_dynamic
    main.o(i.gatt_init) refers to nrf_ble_gatt.o(i.nrf_ble_gatt_init) for nrf_ble_gatt_init
    main.o(i.gatt_init) refers to app_error.o(i.app_error_handler) for app_error_handler
    main.o(i.gatt_init) refers to nrf_ble_gatt.o(i.nrf_ble_gatt_att_mtu_periph_set) for nrf_ble_gatt_att_mtu_periph_set
    main.o(i.gatt_init) refers to main.o(i.gatt_evt_handler) for gatt_evt_handler
    main.o(i.gatt_init) refers to main.o(.bss) for .bss
    main.o(i.main) refers to app_timer.o(i.app_timer_init) for app_timer_init
    main.o(i.main) refers to app_error.o(i.app_error_handler) for app_error_handler
    main.o(i.main) refers to main.o(i.timer_init) for timer_init
    main.o(i.main) refers to memcpya.o(.text) for __aeabi_memcpy4
    main.o(i.main) refers to app_uart_fifo.o(i.app_uart_init) for app_uart_init
    main.o(i.main) refers to nrf_log_frontend.o(i.nrf_log_init) for nrf_log_init
    main.o(i.main) refers to nrf_log_default_backends.o(i.nrf_log_default_backends_init) for nrf_log_default_backends_init
    main.o(i.main) refers to bsp.o(i.bsp_init) for bsp_init
    main.o(i.main) refers to bsp_btn_ble.o(i.bsp_btn_ble_init) for bsp_btn_ble_init
    main.o(i.main) refers to main.o(i.ble_stack_init) for ble_stack_init
    main.o(i.main) refers to nus_maser_datahanle.o(i.User_Get_Addr) for User_Get_Addr
    main.o(i.main) refers to main.o(i.gap_params_init) for gap_params_init
    main.o(i.main) refers to main.o(i.gatt_init) for gatt_init
    main.o(i.main) refers to ble_nus.o(i.ble_nus_init) for ble_nus_init
    main.o(i.main) refers to main.o(i.advertising_init) for advertising_init
    main.o(i.main) refers to memseta.o(.text) for __aeabi_memclr4
    main.o(i.main) refers to ble_conn_params.o(i.ble_conn_params_init) for ble_conn_params_init
    main.o(i.main) refers to printf8.o(i.__0printf$8) for __2printf
    main.o(i.main) refers to nrf_log_frontend.o(i.nrf_log_frontend_std_0) for nrf_log_frontend_std_0
[...]
    m_op_queue                               0x20003108   Data         268  app_timer.o(.bss)
    .bss                                     0x20003214   Section       32  app_uart_fifo.o(.bss)
    m_rx_fifo                                0x20003214   Data          16  app_uart_fifo.o(.bss)
    m_tx_fifo                                0x20003224   Data          16  app_uart_fifo.o(.bss)
    .bss                                     0x20003234   Section       12  app_util_platform.o(.bss)
    .bss                                     0x20003240   Section      160  nrf_fstorage_sd.o(.bss)
    m_fifo_data                              0x20003240   Data         140  nrf_fstorage_sd.o(.bss)
    m_flags                                  0x200032cc   Data          20  nrf_fstorage_sd.o(.bss)
    .bss                                     0x200032e0   Section       16  nrf_fstorage_sd.o(.bss)
    m_fifo_inst                              0x200032e0   Data          16  nrf_fstorage_sd.o(.bss)
    .bss                                     0x200032f0   Section       12  nrf_pwr_mgmt.o(.bss)
    m_handlers_iter                          0x200032f0   Data          12  nrf_pwr_mgmt.o(.bss)
    .bss                                     0x200032fc   Section       64  nrf_log_backend_rtt.o(.bss)
    m_string_buff                            0x200032fc   Data          64  nrf_log_backend_rtt.o(.bss)
    .bss                                     0x2000333c   Section      192  nrf_log_frontend.o(.bss)
    mempool_nrf_balloc_pool_mem              0x2000333c   Data         192  nrf_log_frontend.o(.bss)
    .bss                                     0x200033fc   Section     1056  nrf_log_frontend.o(.bss)
    m_log_data                               0x200033fc   Data        1056  nrf_log_frontend.o(.bss)
    .bss                                     0x2000381c   Section      648  segger_rtt.o(.bss)
    _acUpBuffer                              0x20003894   Data         512  segger_rtt.o(.bss)
    _acDownBuffer                            0x20003a94   Data          16  segger_rtt.o(.bss)
    .bss                                     0x20003aa4   Section       28  ble_dfu.o(.bss)
    m_dfu                                    0x20003aa4   Data          28  ble_dfu.o(.bss)
    .bss                                     0x20003ac0   Section       40  ble_dfu_unbonded.o(.bss)
    nrf_dfu_set_adv_name_svci_async_def      0x20003ac0   Data          12  ble_dfu_unbonded.o(.bss)
    m_adv_name                               0x20003acc   Data          28  ble_dfu_unbonded.o(.bss)
    STACK                                    0x20003ae8   Section     8192  arm_startup_nrf52.o(STACK)

    Global Symbols

    Symbol Name                              Value     Ov Type        Size  Object(Section)

    BuildAttributes$$THM_ISAv4$E$P$D$K$B$S$7EM$VFPi3$EXTD16$VFPS$VFMA$PE$A:L22UL41UL21$X:L11$S22US41US21$IEEE1$IW$USESV6$~STKCKD$USESV7$~SHL$OSPACE$ROPI$EBA8$MICROLIB$REQ8$PRES8$EABIv2 0x00000000   Number         0  anon$$obj.o ABSOLUTE
    __ARM_use_no_argv                        0x00000000   Number         0  main.o ABSOLUTE
    _printf_a                                0x00000000   Number         0  stubs.o ABSOLUTE
    _printf_c                                0x00000000   Number         0  stubs.o ABSOLUTE
    _printf_charcount                        0x00000000   Number         0  stubs.o ABSOLUTE
    _printf_d                                0x00000000   Number         0  stubs.o ABSOLUTE
    _printf_e                                0x00000000   Number         0  stubs.o ABSOLUTE
    _printf_f                                0x00000000   Number         0  stubs.o ABSOLUTE
    _printf_flags                            0x00000000   Number         0  stubs.o ABSOLUTE
    _printf_fp_dec                           0x00000000   Number         0  stubs.o ABSOLUTE
    _printf_fp_hex                           0x00000000   Number         0  stubs.o ABSOLUTE
    _printf_g                                0x00000000   Number         0  stubs.o ABSOLUTE
    _printf_i                                0x00000000   Number         0  stubs.o ABSOLUTE
    _printf_int_dec                          0x00000000   Number         0  stubs.o ABSOLUTE
    _printf_l                                0x00000000   Number         0  stubs.o ABSOLUTE
    _printf_lc                               0x00000000   Number         0  stubs.o ABSOLUTE
    _printf_ll                               0x00000000   Number         0  stubs.o ABSOLUTE
    _printf_lld                              0x00000000   Number         0  stubs.o ABSOLUTE
    _printf_lli                              0x00000000   Number         0  stubs.o ABSOLUTE
    _printf_llo                              0x00000000   Number         0  stubs.o ABSOLUTE
    _printf_llu                              0x00000000   Number         0  stubs.o ABSOLUTE
    _printf_llx                              0x00000000   Number         0  stubs.o ABSOLUTE
    _printf_longlong_dec                     0x00000000   Number         0  stubs.o ABSOLUTE
    _printf_longlong_hex                     0x00000000   Number         0  stubs.o ABSOLUTE
    _printf_longlong_oct                     0x00000000   Number         0  stubs.o ABSOLUTE
    _printf_ls                               0x00000000   Number         0  stubs.o ABSOLUTE
    _printf_mbtowc                           0x00000000   Number         0  stubs.o ABSOLUTE
    _printf_n                                0x00000000   Number         0  stubs.o ABSOLUTE
    _printf_o                                0x00000000   Number         0  stubs.o ABSOLUTE
    _printf_p                                0x00000000   Number         0  stubs.o ABSOLUTE
    _printf_percent                          0x00000000   Number         0  stubs.o ABSOLUTE
    _printf_pre_padding                      0x00000000   Number         0  stubs.o ABSOLUTE
    _printf_return_value                     0x00000000   Number         0  stubs.o ABSOLUTE
    _printf_s                                0x00000000   Number         0  stubs.o ABSOLUTE
    _printf_sizespec                         0x00000000   Number         0  stubs.o ABSOLUTE
    _printf_str                              0x00000000   Number         0  stubs.o ABSOLUTE
    _printf_truncate_signed                  0x00000000   Number         0  stubs.o ABSOLUTE
    _printf_truncate_unsigned                0x00000000   Number         0  stubs.o ABSOLUTE
    _printf_u                                0x00000000   Number         0  stubs.o ABSOLUTE
    _printf_wc                               0x00000000   Number         0  stubs.o ABSOLUTE
    _printf_wctomb                           0x00000000   Number         0  stubs.o ABSOLUTE
    _printf_widthprec                        0x00000000   Number         0  stubs.o ABSOLUTE
    _printf_x                                0x00000000   Number         0  stubs.o ABSOLUTE
    __cpp_initialize__aeabi_                  - Undefined Weak Reference
    __cxa_finalize                            - Undefined Weak Reference
    _clock_init                               - Undefined Weak Reference
    _microlib_exit                            - Undefined Weak Reference
    fs_data$$Base                             - Undefined Reference
    fs_data$$Limit                            - Undefined Reference
    pwr_mgmt_data0$$Base                      - Undefined Reference
    pwr_mgmt_data0$$Limit                     - Undefined Reference
    pwr_mgmt_data1$$Base                      - Undefined Reference
    pwr_mgmt_data1$$Limit                     - Undefined Reference
    pwr_mgmt_data2$$Base                      - Undefined Reference
    pwr_mgmt_data2$$Limit                     - Undefined Reference
    sdh_req_observers1$$Base                  - Undefined Reference
    sdh_req_observers1$$Limit                 - Undefined Reference
    sdh_stack_observers1$$Base                - Undefined Reference
    sdh_stack_observers1$$Limit               - Undefined Reference
    sdh_state_observers1$$Base                - Undefined Reference
    sdh_state_observers1$$Limit               - Undefined Reference
    __Vectors_Size                           0x00000200   Number         0  arm_startup_nrf52.o ABSOLUTE
    Image$$ER_IROM1$$Base                    0x00023000   Number         0  anon$$obj.o ABSOLUTE
    __Vectors                                0x00023000   Data           4  arm_startup_nrf52.o(RESET)
    __Vectors_End                            0x00023200   Data           0  arm_startup_nrf52.o(RESET)
    __main                                   0x00023201   Thumb Code     0  entry.o(.ARM.Collect$$$$00000000)
    _main_stk                                0x00023201   Thumb Code     0  entry2.o(.ARM.Collect$$$$00000001)
    _main_scatterload                        0x00023205   Thumb Code     0  entry5.o(.ARM.Collect$$$$00000004)
    __main_after_scatterload                 0x00023209   Thumb Code     0  entry5.o(.ARM.Collect$$$$00000004)
    _main_clock                              0x00023209   Thumb Code     0  entry7b.o(.ARM.Collect$$$$00000008)
    _main_cpp_init                           0x00023209   Thumb Code     0  entry8b.o(.ARM.Collect$$$$0000000A)
    _main_init                               0x00023209   Thumb Code     0  entry9a.o(.ARM.Collect$$$$0000000B)
    __rt_final_cpp                           0x00023211   Thumb Code     0  entry10a.o(.ARM.Collect$$$$0000000D)
    __rt_final_exit                          0x00023211   Thumb Code     0  entry11a.o(.ARM.Collect$$$$0000000F)
    __asm___12_nrf_atfifo_c_51f461e1__nrf_atfifo_wspace_req 0x00023215   Thumb Code    56  nrf_atfifo.o(.emb_text)
    __asm___12_nrf_atfifo_c_51f461e1__nrf_atfifo_wspace_close 0x0002324d   Thumb Code    18  nrf_atfifo.o(.emb_text)
    __asm___12_nrf_atfifo_c_51f461e1__nrf_atfifo_rspace_req 0x0002325f   Thumb Code    58  nrf_atfifo.o(.emb_text)
    __asm___12_nrf_atfifo_c_51f461e1__nrf_atfifo_rspace_close 0x00023299   Thumb Code    18  nrf_atfifo.o(.emb_text)
    __asm___12_nrf_atfifo_c_51f461e1__nrf_atfifo_space_clear 0x000232ab   Thumb Code    50  nrf_atfifo.o(.emb_text)
    __asm___12_nrf_memobj_c_9bb9f865__nrf_atomic_internal_mov 0x000232dd   Thumb Code    24  nrf_memobj.o(.emb_text)
    __asm___12_nrf_memobj_c_9bb9f865__nrf_atomic_internal_orr 0x000232f5   Thumb Code    26  nrf_memobj.o(.emb_text)
    __asm___12_nrf_memobj_c_9bb9f865__nrf_atomic_internal_and 0x0002330f   Thumb Code    26  nrf_memobj.o(.emb_text)
    __asm___12_nrf_memobj_c_9bb9f865__nrf_atomic_internal_eor 0x00023329   Thumb Code    26  nrf_memobj.o(.emb_text)
    __asm___12_nrf_memobj_c_9bb9f865__nrf_atomic_internal_add 0x00023343   Thumb Code    26  nrf_memobj.o(.emb_text)
    __asm___12_nrf_memobj_c_9bb9f865__nrf_atomic_internal_sub 0x0002335d   Thumb Code    26  nrf_memobj.o(.emb_text)
    __asm___14_nrf_pwr_mgmt_c_f22138a6__nrf_atomic_internal_mov 0x00023379   Thumb Code    24  nrf_pwr_mgmt.o(.emb_text)
    __asm___14_nrf_pwr_mgmt_c_f22138a6__nrf_atomic_internal_orr 0x00023391   Thumb Code    26  nrf_pwr_mgmt.o(.emb_text)
    __asm___14_nrf_pwr_mgmt_c_f22138a6__nrf_atomic_internal_and 0x000233ab   Thumb Code    26  nrf_pwr_mgmt.o(.emb_text)
    __asm___14_nrf_pwr_mgmt_c_f22138a6__nrf_atomic_internal_eor 0x000233c5   Thumb Code    26  nrf_pwr_mgmt.o(.emb_text)
    __asm___14_nrf_pwr_mgmt_c_f22138a6__nrf_atomic_internal_add 0x000233df   Thumb Code    26  nrf_pwr_mgmt.o(.emb_text)
    __asm___14_nrf_pwr_mgmt_c_f22138a6__nrf_atomic_internal_sub 0x000233f9   Thumb Code    26  nrf_pwr_mgmt.o(.emb_text)
    __asm___18_nrf_log_frontend_c_bc460776__nrf_atomic_internal_mov 0x00023415   Thumb Code    24  nrf_log_frontend.o(.emb_text)
    __asm___18_nrf_log_frontend_c_bc460776__nrf_atomic_internal_orr 0x0002342d   Thumb Code    26  nrf_log_frontend.o(.emb_text)
    __asm___18_nrf_log_frontend_c_bc460776__nrf_atomic_internal_and 0x00023447   Thumb Code    26  nrf_log_frontend.o(.emb_text)
    __asm___18_nrf_log_frontend_c_bc460776__nrf_atomic_internal_eor 0x00023461   Thumb Code    26  nrf_log_frontend.o(.emb_text)
    __asm___18_nrf_log_frontend_c_bc460776__nrf_atomic_internal_add 0x0002347b   Thumb Code    26  nrf_log_frontend.o(.emb_text)
    __asm___18_nrf_log_frontend_c_bc460776__nrf_atomic_internal_sub 0x00023495   Thumb Code    26  nrf_log_frontend.o(.emb_text)
    Reset_Handler                            0x000234b1   Thumb Code     8  arm_startup_nrf52.o(.text)
    NMI_Handler                              0x000234b9   Thumb Code     2  arm_startup_nrf52.o(.text)
    HardFault_Handler                        0x000234bb   Thumb Code     2  arm_startup_nrf52.o(.text)
    MemoryManagement_Handler                 0x000234bd   Thumb Code     2  arm_startup_nrf52.o(.text)
    BusFault_Handler                         0x000234bf   Thumb Code     2  arm_startup_nrf52.o(.text)
    UsageFault_Handler                       0x000234c1   Thumb Code     2  arm_startup_nrf52.o(.text)
    SVC_Handler                              0x000234c3   Thumb Code     2  arm_startup_nrf52.o(.text)
    DebugMon_Handler                         0x000234c5   Thumb Code     2  arm_startup_nrf52.o(.text)
    PendSV_Handler                           0x000234c7   Thumb Code     2  arm_startup_nrf52.o(.text)
    SysTick_Handler                          0x000234c9   Thumb Code     2  arm_startup_nrf52.o(.text)
    CCM_AAR_IRQHandler                       0x000234cb   Thumb Code     0  arm_startup_nrf52.o(.text)
    COMP_LPCOMP_IRQHandler                   0x000234cb   Thumb Code     0  arm_startup_nrf52.o(.text)
    ECB_IRQHandler                           0x000234cb   Thumb Code     0  arm_startup_nrf52.o(.text)
    FPU_IRQHandler                           0x000234cb   Thumb Code     0  arm_startup_nrf52.o(.text)
    I2S_IRQHandler                           0x000234cb   Thumb Code     0  arm_startup_nrf52.o(.text)
    MWU_IRQHandler                           0x000234cb   Thumb Code     0  arm_startup_nrf52.o(.text)
    NFCT_IRQHandler                          0x000234cb   Thumb Code     0  arm_startup_nrf52.o(.text)
    PDM_IRQHandler                           0x000234cb   Thumb Code     0  arm_startup_nrf52.o(.text)
    PWM0_IRQHandler                          0x000234cb   Thumb Code     0  arm_startup_nrf52.o(.text)
    PWM1_IRQHandler                          0x000234cb   Thumb Code     0  arm_startup_nrf52.o(.text)
    PWM2_IRQHandler                          0x000234cb   Thumb Code     0  arm_startup_nrf52.o(.text)
    QDEC_IRQHandler                          0x000234cb   Thumb Code     0  arm_startup_nrf52.o(.text)
    RADIO_IRQHandler                         0x000234cb   Thumb Code     0  arm_startup_nrf52.o(.text)
    RNG_IRQHandler                           0x000234cb   Thumb Code     0  arm_startup_nrf52.o(.text)
    RTC0_IRQHandler                          0x000234cb   Thumb Code     0  arm_startup_nrf52.o(.text)
    RTC2_IRQHandler                          0x000234cb   Thumb Code     0  arm_startup_nrf52.o(.text)
    SAADC_IRQHandler                         0x000234cb   Thumb Code     0  arm_startup_nrf52.o(.text)
    SPIM0_SPIS0_TWIM0_TWIS0_SPI0_TWI0_IRQHandler 0x000234cb   Thumb Code     0  arm_startup_nrf52.o(.text)
    SPIM1_SPIS1_TWIM1_TWIS1_SPI1_TWI1_IRQHandler 0x000234cb   Thumb Code     0  arm_startup_nrf52.o(.text)
    SPIM2_SPIS2_SPI2_IRQHandler              0x000234cb   Thumb Code     0  arm_startup_nrf52.o(.text)
    SWI1_EGU1_IRQHandler                     0x000234cb   Thumb Code     0  arm_startup_nrf52.o(.text)
    SWI3_EGU3_IRQHandler                     0x000234cb   Thumb Code     0  arm_startup_nrf52.o(.text)
    SWI4_EGU4_IRQHandler                     0x000234cb   Thumb Code     0  arm_startup_nrf52.o(.text)
    SWI5_EGU5_IRQHandler                     0x000234cb   Thumb Code     0  arm_startup_nrf52.o(.text)
    TEMP_IRQHandler                          0x000234cb   Thumb Code     0  arm_startup_nrf52.o(.text)
    TIMER0_IRQHandler                        0x000234cb   Thumb Code     0  arm_startup_nrf52.o(.text)
    TIMER1_IRQHandler                        0x000234cb   Thumb Code     0  arm_startup_nrf52.o(.text)
    TIMER2_IRQHandler                        0x000234cb   Thumb Code     0  arm_startup_nrf52.o(.text)
    TIMER3_IRQHandler                        0x000234cb   Thumb Code     0  arm_startup_nrf52.o(.text)
    TIMER4_IRQHandler                        0x000234cb   Thumb Code     0  arm_startup_nrf52.o(.text)
    WDT_IRQHandler                           0x000234cb   Thumb Code     0  arm_startup_nrf52.o(.text)
    __aeabi_uldivmod                         0x000234d5   Thumb Code    98  uldiv.o(.text)
    __rt_ctype_table                         0x00023539   Thumb Code     4  ctype_o.o(.text)
    __aeabi_memcpy                           0x00023541   Thumb Code    36  memcpya.o(.text)
    __aeabi_memcpy4                          0x00023541   Thumb Code     0  memcpya.o(.text)
    __aeabi_memcpy8                          0x00023541   Thumb Code     0  memcpya.o(.text)
    __aeabi_memset                           0x00023565   Thumb Code    14  memseta.o(.text)
    __aeabi_memset4                          0x00023565   Thumb Code     0  memseta.o(.text)
    __aeabi_memset8                          0x00023565   Thumb Code     0  memseta.o(.text)
    __aeabi_memclr                           0x00023573   Thumb Code     4  memseta.o(.text)
    __aeabi_memclr4                          0x00023573   Thumb Code     0  memseta.o(.text)
    __aeabi_memclr8                          0x00023573   Thumb Code     0  memseta.o(.text)
    _memset$wrapper                          0x00023577   Thumb Code    18  memseta.o(.text)
    strlen                                   0x00023589   Thumb Code    14  strlen.o(.text)
    strcpy                                   0x00023597   Thumb Code    18  strcpy.o(.text)
    __aeabi_llsl                             0x000235a9   Thumb Code    30  llshl.o(.text)
    _ll_shift_l                              0x000235a9   Thumb Code     0  llshl.o(.text)
    __aeabi_llsr                             0x000235c7   Thumb Code    32  llushr.o(.text)
    _ll_ushift_r                             0x000235c7   Thumb Code     0  llushr.o(.text)
    __scatterload                            0x000235e9   Thumb Code    28  init.o(.text)
    __scatterload_rt2                        0x000235e9   Thumb Code     0  init.o(.text)
    __decompress                             0x0002360d   Thumb Code     0  __dczerorl2.o(.text)
    __decompress1                            0x0002360d   Thumb Code    86  __dczerorl2.o(.text)
    App_RecvHandler                          0x00023665   Thumb Code   112  protocol_analysis.o(i.App_RecvHandler)
    Crc8                                     0x000236ed   Thumb Code    74  nus_maser_datahanle.o(i.Crc8)
    GPIOTE_IRQHandler                        0x0002373d   Thumb Code   362  nrf_drv_gpiote.o(i.GPIOTE_IRQHandler)
    POWER_CLOCK_IRQHandler                   0x00023915   Thumb Code    84  nrf_drv_clock.o(i.POWER_CLOCK_IRQHandler)
    RTC1_IRQHandler                          0x0002396d   Thumb Code    32  app_timer.o(i.RTC1_IRQHandler)
    SEGGER_RTT_Init                          0x00023991   Thumb Code     4  segger_rtt.o(i.SEGGER_RTT_Init)
    SEGGER_RTT_WriteNoLock                   0x00023995   Thumb Code    86  segger_rtt.o(i.SEGGER_RTT_WriteNoLock)
    SWI0_EGU0_IRQHandler                     0x000239f1   Thumb Code     4  app_timer.o(i.SWI0_EGU0_IRQHandler)
    SWI2_EGU2_IRQHandler                     0x000239f5   Thumb Code     4  nrf_sdh.o(i.SWI2_EGU2_IRQHandler)
    Somputon_Init                            0x000239f9   Thumb Code     6  protocol_analysis.o(i.Somputon_Init)
    SystemInit                               0x00023a05   Thumb Code   726  system_nrf52.o(i.SystemInit)
    UARTE0_UART0_IRQHandler                  0x00023d21   Thumb Code    20  nrf_drv_uart.o(i.UARTE0_UART0_IRQHandler)
    User_Get_Addr                            0x00023d3d   Thumb Code    30  nus_maser_datahanle.o(i.User_Get_Addr)
    __0printf$8                              0x00023e89   Thumb Code    22  printf8.o(i.__0printf$8)
    __1printf$8                              0x00023e89   Thumb Code     0  printf8.o(i.__0printf$8)
    __2printf                                0x00023e89   Thumb Code     0  printf8.o(i.__0printf$8)
    __scatterload_copy                       0x00023ea9   Thumb Code    14  handlers.o(i.__scatterload_copy)
    __scatterload_null                       0x00023eb7   Thumb Code     2  handlers.o(i.__scatterload_null)
    __scatterload_zeroinit                   0x00023eb9   Thumb Code    14  handlers.o(i.__scatterload_zeroinit)
    app_button_enable                        0x0002440d   Thumb Code    32  app_button.o(i.app_button_enable)
    app_button_init                          0x00024431   Thumb Code    96  app_button.o(i.app_button_init)
    app_error_fault_handler                  0x000244a1   Thumb Code   168  app_error_weak.o(i.app_error_fault_handler)
    app_error_handler                        0x000245e1   Thumb Code    24  app_error.o(i.app_error_handler)
    app_error_save_and_stop                  0x000245f9   Thumb Code    96  app_error.o(i.app_error_save_and_stop)
    app_fifo_get                             0x0002465d   Thumb Code    22  app_fifo.o(i.app_fifo_get)
    app_fifo_init                            0x00024673   Thumb Code    32  app_fifo.o(i.app_fifo_init)
    app_fifo_put                             0x00024693   Thumb Code    26  app_fifo.o(i.app_fifo_put)
    app_timer_create                         0x000246ad   Thumb Code    32  app_timer.o(i.app_timer_create)
    app_timer_init                           0x000246d1   Thumb Code    70  app_timer.o(i.app_timer_init)
    app_timer_start                          0x00024725   Thumb Code   128  app_timer.o(i.app_timer_start)
    app_timer_stop                           0x000247ad   Thumb Code    26  app_timer.o(i.app_timer_stop)
    app_uart_get                             0x000247cd   Thumb Code    46  app_uart_fifo.o(i.app_uart_get)
    app_uart_init                            0x00024841   Thumb Code   164  app_uart_fifo.o(i.app_uart_init)
    app_uart_put                             0x000248f5   Thumb Code    52  app_uart_fifo.o(i.app_uart_put)
    app_util_critical_region_enter           0x00024931   Thumb Code    64  app_util_platform.o(i.app_util_critical_region_enter)
    app_util_critical_region_exit            0x00024979   Thumb Code    46  app_util_platform.o(i.app_util_critical_region_exit)
    ble_advdata_encode                       0x00024a65   Thumb Code   386  ble_advdata.o(i.ble_advdata_encode)
    ble_advdata_set                          0x00024be7   Thumb Code   104  ble_advdata.o(i.ble_advdata_set)
    ble_advertising_conn_cfg_tag_set         0x00024c4f   Thumb Code     6  ble_advertising.o(i.ble_advertising_conn_cfg_tag_set)
    ble_advertising_init                     0x00024c55   Thumb Code   310  ble_advertising.o(i.ble_advertising_init)
    ble_advertising_on_ble_evt               0x00024d8b   Thumb Code   104  ble_advertising.o(i.ble_advertising_on_ble_evt)
    ble_advertising_on_sys_evt               0x00024df3   Thumb Code    50  ble_advertising.o(i.ble_advertising_on_sys_evt)
    ble_advertising_restart_without_whitelist 0x00024e25   Thumb Code    60  ble_advertising.o(i.ble_advertising_restart_without_whitelist)
    ble_advertising_start                    0x00024e61   Thumb Code   458  ble_advertising.o(i.ble_advertising_start)
    ble_conn_params_init                     0x0002502d   Thumb Code    90  ble_conn_params.o(i.ble_conn_params_init)
    ble_dfu_buttonless_bootloader_start_finalize 0x000250f5   Thumb Code    40  ble_dfu.o(i.ble_dfu_buttonless_bootloader_start_finalize)
    ble_dfu_buttonless_bootloader_start_prepare 0x00025121   Thumb Code    20  ble_dfu_unbonded.o(i.ble_dfu_buttonless_bootloader_start_prepare)
    ble_dfu_buttonless_on_ble_evt            0x00025139   Thumb Code   140  ble_dfu.o(i.ble_dfu_buttonless_on_ble_evt)
    ble_dfu_buttonless_on_ctrl_pt_write      0x000251ed   Thumb Code   150  ble_dfu_unbonded.o(i.ble_dfu_buttonless_on_ctrl_pt_write)
    ble_dfu_buttonless_on_sys_evt            0x0002528d   Thumb Code    66  ble_dfu_unbonded.o(i.ble_dfu_buttonless_on_sys_evt)
    ble_dfu_buttonless_resp_send             0x000252d9   Thumb Code    78  ble_dfu.o(i.ble_dfu_buttonless_resp_send)
    ble_nus_init                             0x00025779   Thumb Code    94  ble_nus.o(i.ble_nus_init)
    ble_nus_on_ble_evt                       0x000257dd   Thumb Code   136  ble_nus.o(i.ble_nus_on_ble_evt)
    ble_nus_string_send                      0x00025869   Thumb Code    72  ble_nus.o(i.ble_nus_string_send)
    ble_srv_is_indication_enabled            0x000258b1   Thumb Code     8  ble_srv_common.o(i.ble_srv_is_indication_enabled)
    ble_srv_is_notification_enabled          0x000258b9   Thumb Code     8  ble_srv_common.o(i.ble_srv_is_notification_enabled)
    bond_cmd                                 0x00025905   Thumb Code    66  somputon_ble_datahandle.o(i.bond_cmd)
    bsp_board_button_idx_to_pin              0x00025951   Thumb Code     6  boards.o(i.bsp_board_button_idx_to_pin)
    bsp_board_button_state_get               0x0002595d   Thumb Code    28  boards.o(i.bsp_board_button_state_get)
    bsp_board_led_invert                     0x0002597d   Thumb Code    32  boards.o(i.bsp_board_led_invert)
    bsp_board_led_off                        0x000259a1   Thumb Code    10  boards.o(i.bsp_board_led_off)
    bsp_board_led_on                         0x000259b1   Thumb Code    10  boards.o(i.bsp_board_led_on)
    bsp_board_led_state_get                  0x000259c1   Thumb Code    28  boards.o(i.bsp_board_led_state_get)
    bsp_board_leds_init                      0x000259e1   Thumb Code    38  boards.o(i.bsp_board_leds_init)
    bsp_board_leds_off                       0x00025a0d   Thumb Code    18  boards.o(i.bsp_board_leds_off)
    bsp_board_leds_on                        0x00025a1f   Thumb Code    18  boards.o(i.bsp_board_leds_on)
    bsp_board_pin_to_button_idx              0x00025a31   Thumb Code    30  boards.o(i.bsp_board_pin_to_button_idx)
    bsp_btn_ble_init                         0x00025a55   Thumb Code    52  bsp_btn_ble.o(i.bsp_btn_ble_init)
    bsp_btn_ble_sleep_mode_prepare           0x00025a8d   Thumb Code    30  bsp_btn_ble.o(i.bsp_btn_ble_sleep_mode_prepare)
    bsp_button_is_pressed                    0x00025b3d   Thumb Code     4  bsp.o(i.bsp_button_is_pressed)
    bsp_event_handler                        0x00025b41   Thumb Code    86  main.o(i.bsp_event_handler)
    bsp_event_to_button_action_assign        0x00025bb1   Thumb Code    64  bsp.o(i.bsp_event_to_button_action_assign)
    bsp_indication_set                       0x00025bf5   Thumb Code    20  bsp.o(i.bsp_indication_set)
    bsp_init                                 0x00025c0d   Thumb Code   126  bsp.o(i.bsp_init)
    bsp_wakeup_button_enable                 0x00025e59   Thumb Code    16  bsp.o(i.bsp_wakeup_button_enable)
    buffer_is_empty                          0x00025eed   Thumb Code    16  nrf_log_frontend.o(i.buffer_is_empty)
    clear_history_data_cmd                   0x00025f7d   Thumb Code     2  somputon_ble_datahandle.o(i.clear_history_data_cmd)
    control_device_cmd                       0x00026141   Thumb Code    42  somputon_ble_datahandle.o(i.control_device_cmd)
    fputc                                    0x00026291   Thumb Code    14  retarget.o(i.fputc)
    gatt_evt_handler                         0x00026309   Thumb Code    48  main.o(i.gatt_evt_handler)
    gatt_init                                0x0002635d   Thumb Code    50  main.o(i.gatt_init)
    get_device_time_cmd                      0x000263a9   Thumb Code     2  somputon_ble_datahandle.o(i.get_device_time_cmd)
    get_mac_addr                             0x000263ab   Thumb Code    32  nus_maser_datahanle.o(i.get_mac_addr)
    get_real_time_data_cmd                   0x000263cd   Thumb Code    94  somputon_ble_datahandle.o(i.get_real_time_data_cmd)
    main                                     0x00026811   Thumb Code   320  main.o(i.main)
    nrf_atfifo_item_free                     0x00026b5d   Thumb Code    22  nrf_atfifo.o(i.nrf_atfifo_item_free)
    nrf_atfifo_item_get                      0x00026b73   Thumb Code    22  nrf_atfifo.o(i.nrf_atfifo_item_get)
    nrf_balloc_alloc                         0x00026b97   Thumb Code    68  nrf_balloc.o(i.nrf_balloc_alloc)
    nrf_balloc_free                          0x00026bdb   Thumb Code    48  nrf_balloc.o(i.nrf_balloc_free)
    nrf_balloc_init                          0x00026c0b   Thumb Code    48  nrf_balloc.o(i.nrf_balloc_init)
    nrf_ble_gatt_att_mtu_periph_set          0x00026c4b   Thumb Code    24  nrf_ble_gatt.o(i.nrf_ble_gatt_att_mtu_periph_set)
    nrf_ble_gatt_init                        0x00026c63   Thumb Code    34  nrf_ble_gatt.o(i.nrf_ble_gatt_init)
    nrf_ble_gatt_on_ble_evt                  0x00026c85   Thumb Code   312  nrf_ble_gatt.o(i.nrf_ble_gatt_on_ble_evt)
    nrf_drv_clock_init                       0x00026e79   Thumb Code    64  nrf_drv_clock.o(i.nrf_drv_clock_init)
    nrf_drv_clock_lfclk_release              0x00026ec1   Thumb Code    40  nrf_drv_clock.o(i.nrf_drv_clock_lfclk_release)
    nrf_drv_common_irq_enable                0x00026eed   Thumb Code    56  nrf_drv_common.o(i.nrf_drv_common_irq_enable)
    nrf_drv_gpiote_in_event_enable           0x00026f2d   Thumb Code   156  nrf_drv_gpiote.o(i.nrf_drv_gpiote_in_event_enable)
    nrf_drv_gpiote_in_init                   0x00026fd1   Thumb Code   172  nrf_drv_gpiote.o(i.nrf_drv_gpiote_in_init)
    nrf_drv_gpiote_in_is_set                 0x00027089   Thumb Code    20  nrf_drv_gpiote.o(i.nrf_drv_gpiote_in_is_set)
    nrf_drv_gpiote_init                      0x0002709d   Thumb Code    84  nrf_drv_gpiote.o(i.nrf_drv_gpiote_init)
    nrf_drv_gpiote_is_init                   0x000270f9   Thumb Code    14  nrf_drv_gpiote.o(i.nrf_drv_gpiote_is_init)
    nrf_drv_uart_init                        0x0002711d   Thumb Code    98  nrf_drv_uart.o(i.nrf_drv_uart_init)
    nrf_drv_uart_rx                          0x00027185   Thumb Code   170  nrf_drv_uart.o(i.nrf_drv_uart_rx)
    nrf_drv_uart_rx_enable                   0x00027235   Thumb Code    42  nrf_drv_uart.o(i.nrf_drv_uart_rx_enable)
    nrf_drv_uart_tx                          0x000273bd   Thumb Code   262  nrf_drv_uart.o(i.nrf_drv_uart_tx)
    nrf_drv_uart_tx_in_progress              0x000274c9   Thumb Code    18  nrf_drv_uart.o(i.nrf_drv_uart_tx_in_progress)
    nrf_fprintf                              0x000274e1   Thumb Code    26  nrf_fprintf.o(i.nrf_fprintf)
    nrf_fprintf_buffer_flush                 0x000274fb   Thumb Code    24  nrf_fprintf.o(i.nrf_fprintf_buffer_flush)
    nrf_fprintf_fmt                          0x00027513   Thumb Code   474  nrf_fprintf_format.o(i.nrf_fprintf_fmt)
    nrf_fstorage_is_busy                     0x000276ed   Thumb Code    70  nrf_fstorage.o(i.nrf_fstorage_is_busy)
    nrf_fstorage_sdh_req_handler             0x0002773d   Thumb Code    18  nrf_fstorage_sd.o(i.nrf_fstorage_sdh_req_handler)
    nrf_fstorage_sdh_state_handler           0x00027755   Thumb Code    28  nrf_fstorage_sd.o(i.nrf_fstorage_sdh_state_handler)
    nrf_fstorage_sys_evt_handler             0x00027775   Thumb Code   150  nrf_fstorage_sd.o(i.nrf_fstorage_sys_evt_handler)
    nrf_log_backend_add                      0x00027951   Thumb Code    74  nrf_log_frontend.o(i.nrf_log_backend_add)
    nrf_log_backend_rtt_init                 0x000279a3   Thumb Code     4  nrf_log_backend_rtt.o(i.nrf_log_backend_rtt_init)
    nrf_log_backend_serial_put               0x000279c1   Thumb Code   210  nrf_log_backend_serial.o(i.nrf_log_backend_serial_put)
    nrf_log_color_id_get                     0x00027a95   Thumb Code    42  nrf_log_frontend.o(i.nrf_log_color_id_get)
    nrf_log_default_backends_init            0x00027ac5   Thumb Code    22  nrf_log_default_backends.o(i.nrf_log_default_backends_init)
    nrf_log_frontend_dequeue                 0x00027ae1   Thumb Code   488  nrf_log_frontend.o(i.nrf_log_frontend_dequeue)
    nrf_log_frontend_std_0                   0x00027cd1   Thumb Code     8  nrf_log_frontend.o(i.nrf_log_frontend_std_0)
    nrf_log_frontend_std_1                   0x00027cd9   Thumb Code    14  nrf_log_frontend.o(i.nrf_log_frontend_std_1)
    nrf_log_frontend_std_2                   0x00027ce7   Thumb Code    16  nrf_log_frontend.o(i.nrf_log_frontend_std_2)
    nrf_log_frontend_std_4                   0x00027cf7   Thumb Code    20  nrf_log_frontend.o(i.nrf_log_frontend_std_4)
    nrf_log_hexdump_entry_process            0x00027d0d   Thumb Code   146  nrf_log_str_formatter.o(i.nrf_log_hexdump_entry_process)
    nrf_log_init                             0x00027db9   Thumb Code    70  nrf_log_frontend.o(i.nrf_log_init)
    nrf_log_module_cnt_get                   0x00027e15   Thumb Code    10  nrf_log_frontend.o(i.nrf_log_module_cnt_get)
    nrf_log_module_name_get                  0x00027e29   Thumb Code    24  nrf_log_frontend.o(i.nrf_log_module_name_get)
    nrf_log_panic                            0x00027e45   Thumb Code    34  nrf_log_frontend.o(i.nrf_log_panic)
    nrf_log_std_entry_process                0x00027e6d   Thumb Code   182  nrf_log_str_formatter.o(i.nrf_log_std_entry_process)
    nrf_memobj_alloc                         0x00027f23   Thumb Code    96  nrf_memobj.o(i.nrf_memobj_alloc)
    nrf_memobj_free                          0x00027f83   Thumb Code    50  nrf_memobj.o(i.nrf_memobj_free)
    nrf_memobj_get                           0x00027fb5   Thumb Code    14  nrf_memobj.o(i.nrf_memobj_get)
    nrf_memobj_pool_init                     0x00027fc3   Thumb Code     4  nrf_memobj.o(i.nrf_memobj_pool_init)
    nrf_memobj_put                           0x00027fc7   Thumb Code    34  nrf_memobj.o(i.nrf_memobj_put)
    nrf_memobj_read                          0x00027fe9   Thumb Code    12  nrf_memobj.o(i.nrf_memobj_read)
    nrf_memobj_write                         0x00027ff5   Thumb Code    12  nrf_memobj.o(i.nrf_memobj_write)
    nrf_pwr_mgmt_shutdown                    0x00028001   Thumb Code    58  nrf_pwr_mgmt.o(i.nrf_pwr_mgmt_shutdown)
    nrf_sdh_ble_app_ram_start_get            0x00028041   Thumb Code    16  nrf_sdh_ble.o(i.nrf_sdh_ble_app_ram_start_get)
    nrf_sdh_ble_default_cfg_set              0x00028055   Thumb Code   314  nrf_sdh_ble.o(i.nrf_sdh_ble_default_cfg_set)
    nrf_sdh_ble_enable                       0x000281ad   Thumb Code    84  nrf_sdh_ble.o(i.nrf_sdh_ble_enable)
    nrf_sdh_disable_request                  0x00028321   Thumb Code    54  nrf_sdh.o(i.nrf_sdh_disable_request)
    nrf_sdh_enable_request                   0x0002835d   Thumb Code    72  nrf_sdh.o(i.nrf_sdh_enable_request)
    nrf_sdh_evts_poll                        0x000283b1   Thumb Code    32  nrf_sdh.o(i.nrf_sdh_evts_poll)
    nrf_sdh_is_enabled                       0x000283d5   Thumb Code     6  nrf_sdh.o(i.nrf_sdh_is_enabled)
    nrf_sdh_request_continue                 0x000283e1   Thumb Code    22  nrf_sdh.o(i.nrf_sdh_request_continue)
    nrf_section_iter_init                    0x0002847d   Thumb Code    10  nrf_section_iter.o(i.nrf_section_iter_init)
    nrf_section_iter_next                    0x000284ab   Thumb Code    32  nrf_section_iter.o(i.nrf_section_iter_next)
    nrf_strerror_find                        0x000284cd   Thumb Code    52  nrf_strerror.o(i.nrf_strerror_find)
    nrf_strerror_get                         0x00028505   Thumb Code    14  nrf_strerror.o(i.nrf_strerror_get)
    nus_data_handle                          0x00028551   Thumb Code   270  nus_maser_datahanle.o(i.nus_data_handle)
    sdk_mapped_flags_bulk_update_by_key      0x00028c31   Thumb Code    68  sdk_mapped_flags.o(i.sdk_mapped_flags_bulk_update_by_key)
    sdk_mapped_flags_first_key_index_get     0x00028c75   Thumb Code    34  sdk_mapped_flags.o(i.sdk_mapped_flags_first_key_index_get)
    sdk_mapped_flags_key_list_get            0x00028ca7   Thumb Code    74  sdk_mapped_flags.o(i.sdk_mapped_flags_key_list_get)
    sdk_mapped_flags_update_by_key           0x00028cf1   Thumb Code    14  sdk_mapped_flags.o(i.sdk_mapped_flags_update_by_key)
    send_data_proc                           0x00028d01   Thumb Code    26  main.o(i.send_data_proc)
    timer_init                               0x00029159   Thumb Code    32  main.o(i.timer_init)
    uart_event_handle                        0x00029481   Thumb Code   120  main.o(i.uart_event_handle)
    nrf_log_backend_rtt_api                  0x00029bbc   Data          12  nrf_log_backend_rtt.o(.constdata)
    m_ram_start                              0x00029c54   Data           4  nrf_sdh_ble.o(.constdata)
    __ctype_table                            0x00029c80   Data         129  ctype_o.o(.constdata)
    Region$$Table$$Base                      0x0002a3d4   Number         0  anon$$obj.o(Region$$Table)
    Region$$Table$$Limit                     0x0002a3f4   Number         0  anon$$obj.o(Region$$Table)
    log_const_data$$Base                     0x0002a3f4   Number         0  nrf_ble_gatt.o(log_const_data)
    m_nrf_log_ble_gatt_logs_data_const       0x0002a3f4   Data           8  nrf_ble_gatt.o(log_const_data)
    m_nrf_log_clock_logs_data_const          0x0002a3fc   Data           8  nrf_drv_clock.o(log_const_data)
    m_nrf_log_gpiote_logs_data_const         0x0002a404   Data           8  nrf_drv_gpiote.o(log_const_data)
    m_nrf_log_uart_logs_data_const           0x0002a40c   Data           8  nrf_drv_uart.o(log_const_data)
    m_nrf_log_balloc_logs_data_const         0x0002a414   Data           8  nrf_balloc.o(log_const_data)
    m_nrf_log_pwr_mgmt_logs_data_const       0x0002a41c   Data           8  nrf_pwr_mgmt.o(log_const_data)
    m_nrf_log_app_logs_data_const            0x0002a424   Data           8  nrf_log_frontend.o(log_const_data)
    m_nrf_log_nrf_sdh_logs_data_const        0x0002a42c   Data           8  nrf_sdh.o(log_const_data)
    m_nrf_log_nrf_sdh_ble_logs_data_const    0x0002a434   Data           8  nrf_sdh_ble.o(log_const_data)
    m_nrf_log_nrf_sdh_soc_logs_data_const    0x0002a43c   Data           8  nrf_sdh_soc.o(log_const_data)
    log_const_data$$Limit                    0x0002a444   Number         0  nrf_sdh_soc.o(log_const_data)
    sdh_ble_observers0$$Base                 0x0002a444   Number         0  ble_conn_state.o(sdh_ble_observers0)
    sdh_ble_observers0$$Limit                0x0002a44c   Number         0  ble_conn_state.o(sdh_ble_observers0)
    sdh_ble_observers1$$Base                 0x0002a44c   Number         0  main.o(sdh_ble_observers1)
    sdh_ble_observers1$$Limit                0x0002a46c   Number         0  ble_conn_params.o(sdh_ble_observers1)
    sdh_ble_observers2$$Base                 0x0002a46c   Number         0  main.o(sdh_ble_observers2)
    sdh_ble_observers2$$Limit                0x0002a47c   Number         0  ble_dfu.o(sdh_ble_observers2)
    sdh_ble_observers3$$Base                 0x0002a47c   Number         0  main.o(sdh_ble_observers3)
    m_req_obs                                0x0002a484   Data           8  nrf_fstorage_sd.o(sdh_req_observers0)
    sdh_ble_observers3$$Limit                0x0002a484   Number         0  main.o(sdh_ble_observers3)
    sdh_req_observers0$$Base                 0x0002a484   Number         0  nrf_fstorage_sd.o(sdh_req_observers0)
    sdh_req_observers0$$Limit                0x0002a48c   Number         0  nrf_fstorage_sd.o(sdh_req_observers0)
    sdh_soc_observers0$$Base                 0x0002a48c   Number         0  nrf_drv_clock.o(sdh_soc_observers0)
    sdh_soc_observers0$$Limit                0x0002a49c   Number         0  nrf_fstorage_sd.o(sdh_soc_observers0)
    sdh_soc_observers1$$Base                 0x0002a49c   Number         0  main.o(sdh_soc_observers1)
    sdh_soc_observers1$$Limit                0x0002a4ac   Number         0  ble_dfu_unbonded.o(sdh_soc_observers1)
    sdh_stack_observers0$$Base               0x0002a4ac   Number         0  nrf_sdh_ble.o(sdh_stack_observers0)
    sdh_stack_observers0$$Limit              0x0002a4bc   Number         0  nrf_sdh_soc.o(sdh_stack_observers0)
    sdh_state_observers0$$Base               0x0002a4bc   Number         0  nrf_drv_clock.o(sdh_state_observers0)
    sdh_state_observers0$$Limit              0x0002a4cc   Number         0  nrf_fstorage_sd.o(sdh_state_observers0)
    Image$$RW_IRAM1$$Base                    0x20002770   Number         0  anon$$obj.o ABSOLUTE
    conn_flag                                0x20002770   Data           1  main.o(.data)
    work_step                                0x20002773   Data           1  main.o(.data)
    length                                   0x2000277c   Data          10  main.o(.data)
    receive_data_from_app                    0x20002788   Data           4  protocol_analysis.o(.data)
    Common_Word                              0x20002790   Data           6  nus_maser_datahanle.o(.data)
    system_work                              0x20002796   Data           6  system_variable.o(.data)
    __stdout                                 0x20002804   Data           4  retarget.o(.data)
    data                                     0x20002860   Data           4  nrf_sdh_ble.o(.data)
    mp_dfu                                   0x20002864   Data           4  ble_dfu_unbonded.o(.data)
    SystemCoreClock                          0x20002868   Data           4  system_nrf52.o(.data)
    log_dynamic_data$$Base                   0x2000286c   Number         0  nrf_ble_gatt.o(log_dynamic_data)
    m_nrf_log_ble_gatt_logs_data_dynamic     0x2000286c   Data          12  nrf_ble_gatt.o(log_dynamic_data)
    m_nrf_log_clock_logs_data_dynamic        0x20002878   Data          12  nrf_drv_clock.o(log_dynamic_data)
    m_nrf_log_gpiote_logs_data_dynamic       0x20002884   Data          12  nrf_drv_gpiote.o(log_dynamic_data)
    m_nrf_log_uart_logs_data_dynamic         0x20002890   Data          12  nrf_drv_uart.o(log_dynamic_data)
    m_nrf_log_balloc_logs_data_dynamic       0x2000289c   Data          12  nrf_balloc.o(log_dynamic_data)
    m_nrf_log_pwr_mgmt_logs_data_dynamic     0x200028a8   Data          12  nrf_pwr_mgmt.o(log_dynamic_data)
    m_nrf_log_app_logs_data_dynamic          0x200028b4   Data          12  nrf_log_frontend.o(log_dynamic_data)
    m_nrf_log_nrf_sdh_logs_data_dynamic      0x200028c0   Data          12  nrf_sdh.o(log_dynamic_data)
    m_nrf_log_nrf_sdh_ble_logs_data_dynamic  0x200028cc   Data          12  nrf_sdh_ble.o(log_dynamic_data)
    m_nrf_log_nrf_sdh_soc_logs_data_dynamic  0x200028d8   Data          12  nrf_sdh_soc.o(log_dynamic_data)
    buffer                                   0x20002d00   Data          50  main.o(.bss)
    aSendBuffer                              0x20002d32   Data         256  main.o(.bss)
    send_buff                                0x20002e32   Data          50  somputon_ble_datahandle.o(.bss)
    nrf_nvic_state                           0x20003234   Data          12  app_util_platform.o(.bss)
    _SEGGER_RTT                              0x2000381c   Data         120  segger_rtt.o(.bss)
    __initial_sp                             0x20005ae8   Data           0  arm_startup_nrf52.o(STACK)



==============================================================================

Memory Map of the image

  Image Entry point : 0x00023201

  Load Region LR_IROM1 (Base: 0x00023000, Size: 0x00007640, Max: 0x0005d000, ABSOLUTE, COMPRESSED[0x00007510])

    Execution Region ER_IROM1 (Base: 0x00023000, Size: 0x000074cc, Max: 0x0005d000, ABSOLUTE)

    Base Addr    Size         Type   Attr      Idx    E Section Name        Object

    0x00023000   0x00000200   Data   RO         4544    RESET               arm_startup_nrf52.o
    0x00023200   0x00000000   Code   RO         4589  * .ARM.Collect$$$$00000000  mc_w.l(entry.o)
    0x00023200   0x00000004   Code   RO         4893    .ARM.Collect$$$$00000001  mc_w.l(entry2.o)
    0x00023204   0x00000004   Code   RO         4896    .ARM.Collect$$$$00000004  mc_w.l(entry5.o)
    0x00023208   0x00000000   Code   RO         4898    .ARM.Collect$$$$00000008  mc_w.l(entry7b.o)
    0x00023208   0x00000000   Code   RO         4900    .ARM.Collect$$$$0000000A  mc_w.l(entry8b.o)
    0x00023208   0x00000008   Code   RO         4901    .ARM.Collect$$$$0000000B  mc_w.l(entry9a.o)
    0x00023210   0x00000000   Code   RO         4903    .ARM.Collect$$$$0000000D  mc_w.l(entry10a.o)
    0x00023210   0x00000000   Code   RO         4905    .ARM.Collect$$$$0000000F  mc_w.l(entry11a.o)
    0x00023210   0x00000004   Code   RO         4894    .ARM.Collect$$$$00002712  mc_w.l(entry2.o)
    0x00023214   0x000000c8   Code   RO         2802    .emb_text           nrf_atfifo.o
    0x000232dc   0x0000009a   Code   RO         3181    .emb_text           nrf_memobj.o
    0x00023376   0x00000002   PAD
    0x00023378   0x0000009a   Code   RO         3266    .emb_text           nrf_pwr_mgmt.o
    0x00023412   0x00000002   PAD
    0x00023414   0x0000009a   Code   RO         3648    .emb_text           nrf_log_frontend.o
    0x000234ae   0x00000002   PAD
    0x000234b0   0x00000024   Code   RO         4545    .text               arm_startup_nrf52.o
    0x000234d4   0x00000062   Code   RO         4592    .text               mc_w.l(uldiv.o)
    0x00023536   0x00000002   PAD
    0x00023538   0x00000008   Code   RO         4594    .text               mc_w.l(ctype_o.o)
    0x00023540   0x00000024   Code   RO         4622    .text               mc_w.l(memcpya.o)
    0x00023564   0x00000024   Code   RO         4624    .text               mc_w.l(memseta.o)
    0x00023588   0x0000000e   Code   RO         4626    .text               mc_w.l(strlen.o)
    0x00023596   0x00000012   Code   RO         4628    .text               mc_w.l(strcpy.o)
    0x000235a8   0x0000001e   Code   RO         4909    .text               mc_w.l(llshl.o)
    0x000235c6   0x00000020   Code   RO         4911    .text               mc_w.l(llushr.o)
    0x000235e6   0x00000002   PAD
    0x000235e8   0x00000024   Code   RO         4924    .text               mc_w.l(init.o)
    0x0002360c   0x00000056   Code   RO         4938    .text               mc_w.l(__dczerorl2.o)
    0x00023662   0x00000002   PAD
    0x00023664   0x00000088   Code   RO          400    i.App_RecvHandler   protocol_analysis.o
    0x000236ec   0x00000050   Code   RO          544    i.Crc8              nus_maser_datahanle.o
    0x0002373c   0x00000174   Code   RO         1726    i.GPIOTE_IRQHandler  nrf_drv_gpiote.o
    0x000238b0   0x00000016   Code   RO         2460    i.NVIC_ClearPendingIRQ  app_timer.o
    0x000238c6   0x00000016   Code   RO         2461    i.NVIC_EnableIRQ    app_timer.o
    0x000238dc   0x00000016   Code   RO         2462    i.NVIC_SetPendingIRQ  app_timer.o
    0x000238f2   0x00000020   Code   RO         2463    i.NVIC_SetPriority  app_timer.o
    0x00023912   0x00000002   PAD
    0x00023914   0x00000058   Code   RO         1520    i.POWER_CLOCK_IRQHandler  nrf_drv_clock.o
    0x0002396c   0x00000024   Code   RO         2464    i.RTC1_IRQHandler   app_timer.o
    0x00023990   0x00000004   Code   RO         3893    i.SEGGER_RTT_Init   segger_rtt.o
    0x00023994   0x0000005c   Code   RO         3907    i.SEGGER_RTT_WriteNoLock  segger_rtt.o
    0x000239f0   0x00000004   Code   RO         2465    i.SWI0_EGU0_IRQHandler  app_timer.o
    0x000239f4   0x00000004   Code   RO         4141    i.SWI2_EGU2_IRQHandler  nrf_sdh.o
    0x000239f8   0x0000000c   Code   RO          401    i.Somputon_Init     protocol_analysis.o
    0x00023a04   0x0000031c   Code   RO         4553    i.SystemInit        system_nrf52.o
    0x00023d20   0x0000001c   Code   RO         1973    i.UARTE0_UART0_IRQHandler  nrf_drv_uart.o
    0x00023d3c   0x00000030   Code   RO          545    i.User_Get_Addr     nus_maser_datahanle.o
    0x00023d6c   0x00000068   Code   RO         3911    i._DoInit           segger_rtt.o
    0x00023dd4   0x00000016   Code   RO         3912    i._GetAvailWriteSpace  segger_rtt.o
    0x00023dea   0x0000005a   Code   RO         3914    i._WriteBlocking    segger_rtt.o
    0x00023e44   0x00000042   Code   RO         3915    i._WriteNoCheck     segger_rtt.o
    0x00023e86   0x00000002   PAD
    0x00023e88   0x00000020   Code   RO         4839    i.__0printf$8       mc_w.l(printf8.o)
    0x00023ea8   0x0000000e   Code   RO         4932    i.__scatterload_copy  mc_w.l(handlers.o)
    0x00023eb6   0x00000002   Code   RO         4933    i.__scatterload_null  mc_w.l(handlers.o)
    0x00023eb8   0x0000000e   Code   RO         4934    i.__scatterload_zeroinit  mc_w.l(handlers.o)
    0x00023ec6   0x00000002   PAD
    0x00023ec8   0x00000024   Code   RO         4142    i.__sd_nvic_app_accessible_irq  nrf_sdh.o
    0x00023eec   0x00000016   Code   RO         4143    i.__sd_nvic_is_app_accessible_priority  nrf_sdh.o
    0x00023f02   0x00000002   PAD
    0x00023f04   0x00000410   Code   RO         4846    i._printf_core      mc_w.l(printf8.o)
    0x00024314   0x00000024   Code   RO         4847    i._printf_post_padding  mc_w.l(printf8.o)
    0x00024338   0x0000002e   Code   RO         4848    i._printf_pre_padding  mc_w.l(printf8.o)
    0x00024366   0x00000036   Code   RO          852    i.advertising_buttons_configure  bsp_btn_ble.o
    0x0002439c   0x00000068   Code   RO            4    i.advertising_init  main.o
    0x00024404   0x00000006   Code   RO          732    i.alert_timer_handler  bsp.o
    0x0002440a   0x00000002   PAD
    0x0002440c   0x00000024   Code   RO         2205    i.app_button_enable  app_button.o
    0x00024430   0x00000070   Code   RO         2206    i.app_button_init   app_button.o
    0x000244a0   0x00000140   Code   RO         2306    i.app_error_fault_handler  app_error_weak.o
    0x000245e0   0x00000018   Code   RO         2266    i.app_error_handler  app_error.o
    0x000245f8   0x00000064   Code   RO         2268    i.app_error_save_and_stop  app_error.o
    0x0002465c   0x00000016   Code   RO         2337    i.app_fifo_get      app_fifo.o
    0x00024672   0x00000020   Code   RO         2338    i.app_fifo_init     app_fifo.o
    0x00024692   0x0000001a   Code   RO         2340    i.app_fifo_put      app_fifo.o
    0x000246ac   0x00000024   Code   RO         2468    i.app_timer_create  app_timer.o
    0x000246d0   0x00000054   Code   RO         2469    i.app_timer_init    app_timer.o
    0x00024724   0x00000088   Code   RO         2472    i.app_timer_start   app_timer.o
    0x000247ac   0x00000020   Code   RO         2473    i.app_timer_stop    app_timer.o
    0x000247cc   0x00000074   Code   RO         2631    i.app_uart_get      app_uart_fifo.o
    0x00024840   0x000000b4   Code   RO         2632    i.app_uart_init     app_uart_fifo.o
    0x000248f4   0x0000003c   Code   RO         2633    i.app_uart_put      app_uart_fifo.o
    0x00024930   0x00000048   Code   RO         2689    i.app_util_critical_region_enter  app_util_platform.o
    0x00024978   0x00000034   Code   RO         2690    i.app_util_critical_region_exit  app_util_platform.o
    0x000249ac   0x000000b8   Code   RO         1974    i.apply_config      nrf_drv_uart.o
    0x00024a64   0x00000182   Code   RO          934    i.ble_advdata_encode  ble_advdata.o
    0x00024be6   0x00000068   Code   RO          935    i.ble_advdata_set   ble_advdata.o
    0x00024c4e   0x00000006   Code   RO         1011    i.ble_advertising_conn_cfg_tag_set  ble_advertising.o
    0x00024c54   0x00000136   Code   RO         1012    i.ble_advertising_init  ble_advertising.o
    0x00024d8a   0x00000068   Code   RO         1014    i.ble_advertising_on_ble_evt  ble_advertising.o
    0x00024df2   0x00000032   Code   RO         1015    i.ble_advertising_on_sys_evt  ble_advertising.o
    0x00024e24   0x0000003c   Code   RO         1017    i.ble_advertising_restart_without_whitelist  ble_advertising.o
    0x00024e60   0x000001ca   Code   RO         1018    i.ble_advertising_start  ble_advertising.o
    0x0002502a   0x00000002   PAD
    0x0002502c   0x00000068   Code   RO         1087    i.ble_conn_params_init  ble_conn_params.o
    0x00025094   0x00000060   Code   RO          936    i.ble_device_addr_encode  ble_advdata.o
    0x000250f4   0x0000002c   Code   RO         4365    i.ble_dfu_buttonless_bootloader_start_finalize  ble_dfu.o
    0x00025120   0x00000018   Code   RO         4457    i.ble_dfu_buttonless_bootloader_start_prepare  ble_dfu_unbonded.o
    0x00025138   0x000000b4   Code   RO         4367    i.ble_dfu_buttonless_on_ble_evt  ble_dfu.o
    0x000251ec   0x000000a0   Code   RO         4459    i.ble_dfu_buttonless_on_ctrl_pt_write  ble_dfu_unbonded.o
    0x0002528c   0x0000004c   Code   RO         4460    i.ble_dfu_buttonless_on_sys_evt  ble_dfu_unbonded.o
    0x000252d8   0x00000054   Code   RO         4368    i.ble_dfu_buttonless_resp_send  ble_dfu.o
    0x0002532c   0x00000194   Code   RO            6    i.ble_evt_handler   main.o
    0x000254c0   0x00000070   Code   RO          853    i.ble_evt_handler   bsp_btn_ble.o
    0x00025530   0x000000fc   Code   RO         1089    i.ble_evt_handler   ble_conn_params.o
    0x0002562c   0x0000014c   Code   RO         1180    i.ble_evt_handler   ble_conn_state.o
    0x00025778   0x00000064   Code   RO         1470    i.ble_nus_init      ble_nus.o
    0x000257dc   0x0000008c   Code   RO         1471    i.ble_nus_on_ble_evt  ble_nus.o
    0x00025868   0x00000048   Code   RO         1472    i.ble_nus_string_send  ble_nus.o
    0x000258b0   0x00000008   Code   RO         1315    i.ble_srv_is_indication_enabled  ble_srv_common.o
    0x000258b8   0x00000008   Code   RO         1316    i.ble_srv_is_notification_enabled  ble_srv_common.o
    0x000258c0   0x00000044   Code   RO            7    i.ble_stack_init    main.o
    0x00025904   0x0000004c   Code   RO          447    i.bond_cmd          somputon_ble_datahandle.o
    0x00025950   0x0000000c   Code   RO          620    i.bsp_board_button_idx_to_pin  boards.o
    0x0002595c   0x00000020   Code   RO          621    i.bsp_board_button_state_get  boards.o
    0x0002597c   0x00000024   Code   RO          624    i.bsp_board_led_invert  boards.o
    0x000259a0   0x00000010   Code   RO          625    i.bsp_board_led_off  boards.o
    0x000259b0   0x00000010   Code   RO          626    i.bsp_board_led_on  boards.o
    0x000259c0   0x00000020   Code   RO          627    i.bsp_board_led_state_get  boards.o
    0x000259e0   0x0000002c   Code   RO          628    i.bsp_board_leds_init  boards.o
    0x00025a0c   0x00000012   Code   RO          629    i.bsp_board_leds_off  boards.o
    0x00025a1e   0x00000012   Code   RO          630    i.bsp_board_leds_on  boards.o
    0x00025a30   0x00000024   Code   RO          631    i.bsp_board_pin_to_button_idx  boards.o
    0x00025a54   0x00000038   Code   RO          854    i.bsp_btn_ble_init  bsp_btn_ble.o
    0x00025a8c   0x0000001e   Code   RO          855    i.bsp_btn_ble_sleep_mode_prepare  bsp_btn_ble.o
    0x00025aaa   0x00000002   PAD
    0x00025aac   0x00000090   Code   RO          733    i.bsp_button_event_handler  bsp.o
    0x00025b3c   0x00000004   Code   RO          734    i.bsp_button_is_pressed  bsp.o
    0x00025b40   0x00000070   Code   RO            8    i.bsp_event_handler  main.o
    0x00025bb0   0x00000044   Code   RO          737    i.bsp_event_to_button_action_assign  bsp.o
    0x00025bf4   0x00000018   Code   RO          738    i.bsp_indication_set  bsp.o
    0x00025c0c   0x00000094   Code   RO          739    i.bsp_init          bsp.o
    0x00025ca0   0x000001b8   Code   RO          740    i.bsp_led_indication  bsp.o
    0x00025e58   0x00000010   Code   RO          742    i.bsp_wakeup_button_enable  bsp.o
    0x00025e68   0x00000064   Code   RO         3649    i.buf_prealloc      nrf_log_frontend.o
    0x00025ecc   0x0000001e   Code   RO         2959    i.buffer_add        nrf_fprintf_format.o
    0x00025eea   0x00000002   PAD
    0x00025eec   0x00000014   Code   RO         3650    i.buffer_is_empty   nrf_log_frontend.o
    0x00025f00   0x00000008   Code   RO          743    i.button_timer_handler  bsp.o
    0x00025f08   0x0000001c   Code   RO         1727    i.channel_free      nrf_drv_gpiote.o
    0x00025f24   0x00000048   Code   RO         1728    i.channel_port_alloc  nrf_drv_gpiote.o
    0x00025f6c   0x00000010   Code   RO         1729    i.channel_port_get  nrf_drv_gpiote.o
    0x00025f7c   0x00000002   Code   RO          448    i.clear_history_data_cmd  somputon_ble_datahandle.o
    0x00025f7e   0x00000002   PAD
    0x00025f80   0x00000028   Code   RO         1521    i.clock_clk_started_notify  nrf_drv_clock.o
    0x00025fa8   0x000000ac   Code   RO         2475    i.compare_reg_update  app_timer.o
    0x00026054   0x00000088   Code   RO          937    i.conn_int_encode   ble_advdata.o
    0x000260dc   0x0000001c   Code   RO            9    i.conn_params_error_handler  main.o
    0x000260f8   0x00000048   Code   RO         1090    i.conn_params_negotiation  ble_conn_params.o
    0x00026140   0x0000003c   Code   RO          449    i.control_device_cmd  somputon_ble_datahandle.o
    0x0002617c   0x00000060   Code   RO         2208    i.detection_delay_timeout_handler  app_button.o
    0x000261dc   0x00000040   Code   RO         2476    i.elapsed_ticks_acquire  app_timer.o
    0x0002621c   0x0000004e   Code   RO         3066    i.event_send        nrf_fstorage_sd.o
    0x0002626a   0x00000014   Code   RO         2343    i.fifo_get          app_fifo.o
    0x0002627e   0x00000012   Code   RO         2344    i.fifo_put          app_fifo.o
    0x00026290   0x0000000e   Code   RO         3415    i.fputc             retarget.o
    0x0002629e   0x00000002   PAD
    0x000262a0   0x00000068   Code   RO           10    i.gap_params_init   main.o
    0x00026308   0x00000054   Code   RO           11    i.gatt_evt_handler  main.o
    0x0002635c   0x0000004c   Code   RO           12    i.gatt_init         main.o
    0x000263a8   0x00000002   Code   RO          450    i.get_device_time_cmd  somputon_ble_datahandle.o
    0x000263aa   0x00000020   Code   RO          546    i.get_mac_addr      nus_maser_datahanle.o
    0x000263ca   0x00000002   PAD
    0x000263cc   0x00000064   Code   RO          451    i.get_real_time_data_cmd  somputon_ble_datahandle.o
    0x00026430   0x00000058   Code   RO         2209    i.gpiote_event_handler  app_button.o
    0x00026488   0x00000014   Code   RO         1091    i.instance_get      ble_conn_params.o
    0x0002649c   0x000000a6   Code   RO         2960    i.int_print         nrf_fprintf_format.o
    0x00026542   0x00000002   PAD
    0x00026544   0x00000078   Code   RO         1975    i.interrupts_enable  nrf_drv_uart.o
    0x000265bc   0x00000044   Code   RO         1092    i.is_conn_params_ok  ble_conn_params.o
    0x00026600   0x00000030   Code   RO          744    i.leds_off          bsp.o
    0x00026630   0x00000014   Code   RO          745    i.leds_timer_handler  bsp.o
    0x00026644   0x00000028   Code   RO         1524    i.lfclk_stop        nrf_drv_clock.o
    0x0002666c   0x00000018   Code   RO         1373    i.link_init         nrf_ble_gatt.o
    0x00026684   0x000000f8   Code   RO         2477    i.list_insertions_handler  app_timer.o
    0x0002677c   0x00000094   Code   RO         3652    i.log_skip          nrf_log_frontend.o
    0x00026810   0x000001a0   Code   RO           13    i.main              main.o
    0x000269b0   0x00000064   Code   RO          938    i.manuf_specific_data_encode  ble_advdata.o
    0x00026a14   0x00000076   Code   RO         3182    i.memobj_op         nrf_memobj.o
    0x00026a8a   0x00000002   PAD
    0x00026a8c   0x00000034   Code   RO         3653    i.module_idx_get    nrf_log_frontend.o
    0x00026ac0   0x0000009c   Code   RO          939    i.name_encode       ble_advdata.o
    0x00026b5c   0x00000016   Code   RO         2808    i.nrf_atfifo_item_free  nrf_atfifo.o
    0x00026b72   0x00000016   Code   RO         2809    i.nrf_atfifo_item_get  nrf_atfifo.o
    0x00026b88   0x0000000e   Code   RO         3654    i.nrf_atomic_flag_set  nrf_log_frontend.o
    0x00026b96   0x00000044   Code   RO         2875    i.nrf_balloc_alloc  nrf_balloc.o
    0x00026bda   0x00000030   Code   RO         2876    i.nrf_balloc_free   nrf_balloc.o
    0x00026c0a   0x00000030   Code   RO         2877    i.nrf_balloc_init   nrf_balloc.o
    0x00026c3a   0x00000010   Code   RO         1730    i.nrf_bitmask_bit_is_set  nrf_drv_gpiote.o
    0x00026c4a   0x00000018   Code   RO         1375    i.nrf_ble_gatt_att_mtu_periph_set  nrf_ble_gatt.o
    0x00026c62   0x00000022   Code   RO         1379    i.nrf_ble_gatt_init  nrf_ble_gatt.o
    0x00026c84   0x00000148   Code   RO         1380    i.nrf_ble_gatt_on_ble_evt  nrf_ble_gatt.o
    0x00026dcc   0x0000000e   Code   RO         1525    i.nrf_clock_event_check  nrf_drv_clock.o
    0x00026dda   0x00000010   Code   RO         1526    i.nrf_clock_event_clear  nrf_drv_clock.o
    0x00026dea   0x00000002   PAD
    0x00026dec   0x0000008c   Code   RO         2478    i.nrf_delay_us      app_timer.o
    0x00026e78   0x00000048   Code   RO         1533    i.nrf_drv_clock_init  nrf_drv_clock.o
    0x00026ec0   0x0000002c   Code   RO         1537    i.nrf_drv_clock_lfclk_release  nrf_drv_clock.o
    0x00026eec   0x00000038   Code   RO         1690    i.nrf_drv_common_irq_enable  nrf_drv_common.o
    0x00026f24   0x00000006   Code   RO         1977    i.nrf_drv_get_IRQn  nrf_drv_uart.o
    0x00026f2a   0x00000002   PAD
    0x00026f2c   0x000000a4   Code   RO         1735    i.nrf_drv_gpiote_in_event_enable  nrf_drv_gpiote.o
    0x00026fd0   0x000000b8   Code   RO         1736    i.nrf_drv_gpiote_in_init  nrf_drv_gpiote.o
    0x00027088   0x00000014   Code   RO         1737    i.nrf_drv_gpiote_in_is_set  nrf_drv_gpiote.o
    0x0002709c   0x0000005c   Code   RO         1739    i.nrf_drv_gpiote_init  nrf_drv_gpiote.o
    0x000270f8   0x00000014   Code   RO         1740    i.nrf_drv_gpiote_is_init  nrf_drv_gpiote.o
    0x0002710c   0x00000010   Code   RO         1978    i.nrf_drv_is_in_RAM  nrf_drv_uart.o
    0x0002711c   0x00000068   Code   RO         1980    i.nrf_drv_uart_init  nrf_drv_uart.o
    0x00027184   0x000000b0   Code   RO         1981    i.nrf_drv_uart_rx   nrf_drv_uart.o
    0x00027234   0x00000030   Code   RO         1984    i.nrf_drv_uart_rx_enable  nrf_drv_uart.o
    0x00027264   0x000000a8   Code   RO         1985    i.nrf_drv_uart_rx_for_uart  nrf_drv_uart.o
    0x0002730c   0x000000b0   Code   RO         1986    i.nrf_drv_uart_rx_for_uarte  nrf_drv_uart.o
    0x000273bc   0x0000010c   Code   RO         1988    i.nrf_drv_uart_tx   nrf_drv_uart.o
    0x000274c8   0x00000018   Code   RO         1990    i.nrf_drv_uart_tx_in_progress  nrf_drv_uart.o
    0x000274e0   0x0000001a   Code   RO         2916    i.nrf_fprintf       nrf_fprintf.o
    0x000274fa   0x00000018   Code   RO         2917    i.nrf_fprintf_buffer_flush  nrf_fprintf.o
    0x00027512   0x000001da   Code   RO         2961    i.nrf_fprintf_fmt   nrf_fprintf_format.o
    0x000276ec   0x00000050   Code   RO         3000    i.nrf_fstorage_is_busy  nrf_fstorage.o
    0x0002773c   0x00000018   Code   RO         3069    i.nrf_fstorage_sdh_req_handler  nrf_fstorage_sd.o
    0x00027754   0x00000020   Code   RO         3070    i.nrf_fstorage_sdh_state_handler  nrf_fstorage_sd.o
    0x00027774   0x000000a4   Code   RO         3071    i.nrf_fstorage_sys_evt_handler  nrf_fstorage_sd.o
    0x00027818   0x00000024   Code   RO          633    i.nrf_gpio_cfg      boards.o
    0x0002783c   0x00000024   Code   RO         1754    i.nrf_gpio_cfg      nrf_drv_gpiote.o
    0x00027860   0x00000024   Code   RO         1992    i.nrf_gpio_cfg      nrf_drv_uart.o
    0x00027884   0x00000012   Code   RO         1994    i.nrf_gpio_cfg_input  nrf_drv_uart.o
    0x00027896   0x00000014   Code   RO         1995    i.nrf_gpio_cfg_output  nrf_drv_uart.o
    0x000278aa   0x00000022   Code   RO          746    i.nrf_gpio_cfg_sense_set  bsp.o
    0x000278cc   0x00000022   Code   RO         1756    i.nrf_gpio_cfg_sense_set  nrf_drv_gpiote.o
    0x000278ee   0x00000016   Code   RO          634    i.nrf_gpio_pin_write  boards.o
    0x00027904   0x00000028   Code   RO         1757    i.nrf_gpio_ports_read  nrf_drv_gpiote.o
    0x0002792c   0x00000014   Code   RO         1758    i.nrf_gpiote_event_clear  nrf_drv_gpiote.o
    0x00027940   0x00000010   Code   RO         1759    i.nrf_gpiote_event_is_set  nrf_drv_gpiote.o
    0x00027950   0x00000050   Code   RO         3655    i.nrf_log_backend_add  nrf_log_frontend.o
    0x000279a0   0x00000002   Code   RO         3517    i.nrf_log_backend_rtt_flush  nrf_log_backend_rtt.o
    0x000279a2   0x00000004   Code   RO         3518    i.nrf_log_backend_rtt_init  nrf_log_backend_rtt.o
    0x000279a6   0x00000002   Code   RO         3519    i.nrf_log_backend_rtt_panic_set  nrf_log_backend_rtt.o
    0x000279a8   0x00000018   Code   RO         3520    i.nrf_log_backend_rtt_put  nrf_log_backend_rtt.o
    0x000279c0   0x000000d2   Code   RO         3581    i.nrf_log_backend_serial_put  nrf_log_backend_serial.o
    0x00027a92   0x00000002   PAD
    0x00027a94   0x00000030   Code   RO         3657    i.nrf_log_color_id_get  nrf_log_frontend.o
    0x00027ac4   0x0000001c   Code   RO         3615    i.nrf_log_default_backends_init  nrf_log_default_backends.o
    0x00027ae0   0x000001f0   Code   RO         3658    i.nrf_log_frontend_dequeue  nrf_log_frontend.o
    0x00027cd0   0x00000008   Code   RO         3660    i.nrf_log_frontend_std_0  nrf_log_frontend.o
    0x00027cd8   0x0000000e   Code   RO         3661    i.nrf_log_frontend_std_1  nrf_log_frontend.o
    0x00027ce6   0x00000010   Code   RO         3662    i.nrf_log_frontend_std_2  nrf_log_frontend.o
    0x00027cf6   0x00000014   Code   RO         3664    i.nrf_log_frontend_std_4  nrf_log_frontend.o
    0x00027d0a   0x00000002   PAD
    0x00027d0c   0x000000ac   Code   RO         3840    i.nrf_log_hexdump_entry_process  nrf_log_str_formatter.o
    0x00027db8   0x0000005c   Code   RO         3667    i.nrf_log_init      nrf_log_frontend.o
    0x00027e14   0x00000014   Code   RO         3668    i.nrf_log_module_cnt_get  nrf_log_frontend.o
    0x00027e28   0x0000001c   Code   RO         3671    i.nrf_log_module_name_get  nrf_log_frontend.o
    0x00027e44   0x00000028   Code   RO         3672    i.nrf_log_panic     nrf_log_frontend.o
    0x00027e6c   0x000000b6   Code   RO         3841    i.nrf_log_std_entry_process  nrf_log_str_formatter.o
    0x00027f22   0x00000060   Code   RO         3183    i.nrf_memobj_alloc  nrf_memobj.o
    0x00027f82   0x00000032   Code   RO         3184    i.nrf_memobj_free   nrf_memobj.o
    0x00027fb4   0x0000000e   Code   RO         3185    i.nrf_memobj_get    nrf_memobj.o
    0x00027fc2   0x00000004   Code   RO         3186    i.nrf_memobj_pool_init  nrf_memobj.o
    0x00027fc6   0x00000022   Code   RO         3187    i.nrf_memobj_put    nrf_memobj.o
    0x00027fe8   0x0000000c   Code   RO         3188    i.nrf_memobj_read   nrf_memobj.o
    0x00027ff4   0x0000000c   Code   RO         3189    i.nrf_memobj_write  nrf_memobj.o
    0x00028000   0x00000040   Code   RO         3270    i.nrf_pwr_mgmt_shutdown  nrf_pwr_mgmt.o
    0x00028040   0x00000014   Code   RO         4277    i.nrf_sdh_ble_app_ram_start_get  nrf_sdh_ble.o
    0x00028054   0x00000158   Code   RO         4278    i.nrf_sdh_ble_default_cfg_set  nrf_sdh_ble.o
    0x000281ac   0x000000e0   Code   RO         4279    i.nrf_sdh_ble_enable  nrf_sdh_ble.o
    0x0002828c   0x00000094   Code   RO         4280    i.nrf_sdh_ble_evts_poll  nrf_sdh_ble.o
    0x00028320   0x0000003c   Code   RO         4144    i.nrf_sdh_disable_request  nrf_sdh.o
    0x0002835c   0x00000054   Code   RO         4145    i.nrf_sdh_enable_request  nrf_sdh.o
    0x000283b0   0x00000024   Code   RO         4146    i.nrf_sdh_evts_poll  nrf_sdh.o
    0x000283d4   0x0000000c   Code   RO         4147    i.nrf_sdh_is_enabled  nrf_sdh.o
    0x000283e0   0x0000001c   Code   RO         4149    i.nrf_sdh_request_continue  nrf_sdh.o
    0x000283fc   0x00000080   Code   RO         4333    i.nrf_sdh_soc_evts_poll  nrf_sdh_soc.o
    0x0002847c   0x0000000a   Code   RO         3346    i.nrf_section_iter_init  nrf_section_iter.o
    0x00028486   0x00000024   Code   RO         3347    i.nrf_section_iter_item_set  nrf_section_iter.o
    0x000284aa   0x00000020   Code   RO         3348    i.nrf_section_iter_next  nrf_section_iter.o
    0x000284ca   0x00000002   PAD
    0x000284cc   0x00000038   Code   RO         3381    i.nrf_strerror_find  nrf_strerror.o
    0x00028504   0x00000014   Code   RO         3382    i.nrf_strerror_get  nrf_strerror.o
    0x00028518   0x0000000a   Code   RO         1996    i.nrf_uart_event_check  nrf_drv_uart.o
    0x00028522   0x0000000c   Code   RO         1997    i.nrf_uart_event_clear  nrf_drv_uart.o
    0x0002852e   0x0000000c   Code   RO         1998    i.nrf_uart_int_enable_check  nrf_drv_uart.o
    0x0002853a   0x0000000a   Code   RO         1999    i.nrf_uarte_event_check  nrf_drv_uart.o
    0x00028544   0x0000000c   Code   RO         2000    i.nrf_uarte_event_clear  nrf_drv_uart.o
    0x00028550   0x0000011c   Code   RO          547    i.nus_data_handle   nus_maser_datahanle.o
    0x0002866c   0x00000028   Code   RO           14    i.nus_data_handler  main.o
    0x00028694   0x0000003c   Code   RO           15    i.on_adv_evt        main.o
    0x000286d0   0x00000034   Code   RO           16    i.on_conn_params_evt  main.o
    0x00028704   0x0000009c   Code   RO         1381    i.on_connected_evt  nrf_ble_gatt.o
    0x000287a0   0x00000074   Code   RO         1382    i.on_exchange_mtu_request_evt  nrf_ble_gatt.o
    0x00028814   0x00000070   Code   RO         4369    i.on_rw_authorize_req  ble_dfu.o
    0x00028884   0x00000018   Code   RO         1760    i.pin_in_use_by_port  nrf_drv_gpiote.o
    0x0002889c   0x00000018   Code   RO         1761    i.pin_in_use_by_te  nrf_drv_gpiote.o
    0x000288b4   0x0000003c   Code   RO         3842    i.postfix_process   nrf_log_str_formatter.o
    0x000288f0   0x0000005c   Code   RO         3843    i.prefix_process    nrf_log_str_formatter.o
    0x0002894c   0x00000098   Code   RO         3072    i.queue_process     nrf_fstorage_sd.o
    0x000289e4   0x00000010   Code   RO         4281    i.ram_end_address_get  nrf_sdh_ble.o
    0x000289f4   0x0000003c   Code   RO         2479    i.rtc1_stop         app_timer.o
    0x00028a30   0x00000032   Code   RO         2002    i.rx_byte           nrf_drv_uart.o
    0x00028a62   0x000000a2   Code   RO         1473    i.rx_char_add       ble_nus.o
    0x00028b04   0x00000018   Code   RO         2003    i.rx_done_event     nrf_drv_uart.o
    0x00028b1c   0x00000020   Code   RO         2004    i.rx_enable         nrf_drv_uart.o
    0x00028b3c   0x00000042   Code   RO         4152    i.sd_nvic_SetPriority  nrf_sdh.o
    0x00028b7e   0x00000002   PAD
    0x00028b80   0x00000054   Code   RO         1540    i.sd_state_evt_handler  nrf_drv_clock.o
    0x00028bd4   0x00000030   Code   RO         4153    i.sdh_request_observer_notify  nrf_sdh.o
    0x00028c04   0x0000002c   Code   RO         4154    i.sdh_state_observer_notify  nrf_sdh.o
    0x00028c30   0x00000044   Code   RO         3452    i.sdk_mapped_flags_bulk_update_by_key  sdk_mapped_flags.o
    0x00028c74   0x00000022   Code   RO         3453    i.sdk_mapped_flags_first_key_index_get  sdk_mapped_flags.o
    0x00028c96   0x00000010   Code   RO         3454    i.sdk_mapped_flags_get_by_index  sdk_mapped_flags.o
    0x00028ca6   0x0000004a   Code   RO         3457    i.sdk_mapped_flags_key_list_get  sdk_mapped_flags.o
    0x00028cf0   0x0000000e   Code   RO         3459    i.sdk_mapped_flags_update_by_key  sdk_mapped_flags.o
    0x00028cfe   0x00000002   PAD
    0x00028d00   0x00000020   Code   RO           17    i.send_data_proc    main.o
    0x00028d20   0x00000010   Code   RO         1093    i.send_error_evt    ble_conn_params.o
    0x00028d30   0x0000002a   Code   RO         3521    i.serial_tx         nrf_log_backend_rtt.o
    0x00028d5a   0x00000002   PAD
    0x00028d5c   0x00000088   Code   RO          940    i.service_data_encode  ble_advdata.o
    0x00028de4   0x0000007c   Code   RO         3271    i.shutdown_process  nrf_pwr_mgmt.o
    0x00028e60   0x0000004c   Code   RO           18    i.sleep_mode_enter  main.o
    0x00028eac   0x0000000a   Code   RO         1541    i.soc_evt_handler   nrf_drv_clock.o
    0x00028eb6   0x00000002   PAD
    0x00028eb8   0x00000078   Code   RO         4155    i.softdevice_evt_irq_disable  nrf_sdh.o
    0x00028f30   0x00000090   Code   RO         4156    i.softdevices_evt_irq_enable  nrf_sdh.o
    0x00028fc0   0x00000090   Code   RO         3674    i.std_n             nrf_log_frontend.o
    0x00029050   0x0000006c   Code   RO         4157    i.swi_interrupt_priority_workaround  nrf_sdh.o
    0x000290bc   0x0000009c   Code   RO           19    i.sys_meas_timeout_handler  main.o
    0x00029158   0x00000038   Code   RO           20    i.timer_init        main.o
    0x00029190   0x00000080   Code   RO         2480    i.timer_list_handler  app_timer.o
    0x00029210   0x0000003c   Code   RO         2481    i.timer_list_insert  app_timer.o
    0x0002924c   0x00000060   Code   RO         2482    i.timer_list_remove  app_timer.o
    0x000292ac   0x00000048   Code   RO         2483    i.timer_stop_op_schedule  app_timer.o
    0x000292f4   0x00000074   Code   RO         2484    i.timer_timeouts_check  app_timer.o
    0x00029368   0x00000020   Code   RO         2005    i.tx_byte           nrf_drv_uart.o
    0x00029388   0x000000da   Code   RO         1474    i.tx_char_add       ble_nus.o
    0x00029462   0x0000001c   Code   RO         2006    i.tx_done_event     nrf_drv_uart.o
    0x0002947e   0x00000002   PAD
    0x00029480   0x00000090   Code   RO           22    i.uart_event_handle  main.o
    0x00029510   0x000000a0   Code   RO         2634    i.uart_event_handler  app_uart_fifo.o
    0x000295b0   0x0000011e   Code   RO         2007    i.uart_irq_handler  nrf_drv_uart.o
    0x000296ce   0x000000f0   Code   RO         2008    i.uarte_irq_handler  nrf_drv_uart.o
    0x000297be   0x0000000a   Code   RO          941    i.uint16_encode     ble_advdata.o
    0x000297c8   0x000000b4   Code   RO         2962    i.unsigned_print    nrf_fprintf_format.o
    0x0002987c   0x00000068   Code   RO         1094    i.update_timeout_handler  ble_conn_params.o
    0x000298e4   0x00000030   Code   RO         2485    i.user_op_alloc     app_timer.o
    0x00029914   0x00000030   Code   RO          942    i.uuid_list_encode  ble_advdata.o
    0x00029944   0x0000009e   Code   RO          943    i.uuid_list_sized_encode  ble_advdata.o
    0x000299e2   0x00000002   PAD
    0x000299e4   0x0000001c   Data   RO           25    .constdata          main.o
    0x00029a00   0x00000008   Data   RO          635    .constdata          boards.o
    0x00029a08   0x0000002c   Data   RO          751    .constdata          bsp.o
    0x00029a34   0x00000016   Data   RO         1383    .constdata          nrf_ble_gatt.o
    0x00029a4a   0x00000002   PAD
    0x00029a4c   0x00000020   Data   RO         1475    .constdata          ble_nus.o
    0x00029a6c   0x00000004   Data   RO         1763    .constdata          nrf_drv_gpiote.o
    0x00029a70   0x00000008   Data   RO         2211    .constdata          app_button.o
    0x00029a78   0x00000020   Data   RO         2636    .constdata          app_uart_fifo.o
    0x00029a98   0x00000010   Data   RO         2963    .constdata          nrf_fprintf_format.o
    0x00029aa8   0x00000010   Data   RO         3081    .constdata          nrf_fstorage_sd.o
    0x00029ab8   0x00000104   Data   RO         3383    .constdata          nrf_strerror.o
    0x00029bbc   0x0000000c   Data   RO         3523    .constdata          nrf_log_backend_rtt.o
    0x00029bc8   0x00000014   Data   RO         3677    .constdata          nrf_log_frontend.o
    0x00029bdc   0x00000010   Data   RO         4158    .constdata          nrf_sdh.o
    0x00029bec   0x00000028   Data   RO         4159    .constdata          nrf_sdh.o
    0x00029c14   0x00000010   Data   RO         4160    .constdata          nrf_sdh.o
    0x00029c24   0x00000010   Data   RO         4161    .constdata          nrf_sdh.o
    0x00029c34   0x00000020   Data   RO         4282    .constdata          nrf_sdh_ble.o
    0x00029c54   0x00000010   Data   RO         4283    .constdata          nrf_sdh_ble.o
    0x00029c64   0x00000010   Data   RO         4334    .constdata          nrf_sdh_soc.o
    0x00029c74   0x0000000c   Data   RO         4335    .constdata          nrf_sdh_soc.o
    0x00029c80   0x00000081   Data   RO         4595    .constdata          mc_w.l(ctype_o.o)
    0x00029d01   0x00000003   PAD
    0x00029d04   0x00000004   Data   RO         4596    .constdata          mc_w.l(ctype_o.o)
    0x00029d08   0x0000012d   Data   RO         1384    .conststring        nrf_ble_gatt.o
    0x00029e35   0x00000003   PAD
    0x00029e38   0x00000307   Data   RO         3384    .conststring        nrf_strerror.o
    0x0002a13f   0x00000001   PAD
    0x0002a140   0x00000066   Data   RO         3844    .conststring        nrf_log_str_formatter.o
    0x0002a1a6   0x00000002   PAD
    0x0002a1a8   0x000001cf   Data   RO         4284    .conststring        nrf_sdh_ble.o
    0x0002a377   0x00000001   PAD
    0x0002a378   0x00000009   Data   RO         1385    .conststrlit        nrf_ble_gatt.o
    0x0002a381   0x00000003   PAD
    0x0002a384   0x00000006   Data   RO         1547    .conststrlit        nrf_drv_clock.o
    0x0002a38a   0x00000002   PAD
    0x0002a38c   0x00000007   Data   RO         1767    .conststrlit        nrf_drv_gpiote.o
    0x0002a393   0x00000001   PAD
    0x0002a394   0x00000005   Data   RO         2010    .conststrlit        nrf_drv_uart.o
    0x0002a399   0x00000003   PAD
    0x0002a39c   0x00000007   Data   RO         2878    .conststrlit        nrf_balloc.o
    0x0002a3a3   0x00000001   PAD
    0x0002a3a4   0x00000009   Data   RO         3275    .conststrlit        nrf_pwr_mgmt.o
    0x0002a3ad   0x00000003   PAD
    0x0002a3b0   0x00000004   Data   RO         3679    .conststrlit        nrf_log_frontend.o
    0x0002a3b4   0x00000008   Data   RO         4162    .conststrlit        nrf_sdh.o
    0x0002a3bc   0x0000000c   Data   RO         4285    .conststrlit        nrf_sdh_ble.o
    0x0002a3c8   0x0000000c   Data   RO         4336    .conststrlit        nrf_sdh_soc.o
    0x0002a3d4   0x00000020   Data   RO         4930    Region$$Table       anon$$obj.o
    0x0002a3f4   0x00000008   Data   RO         1386    log_const_data      nrf_ble_gatt.o
    0x0002a3fc   0x00000008   Data   RO         1548    log_const_data      nrf_drv_clock.o
    0x0002a404   0x00000008   Data   RO         1768    log_const_data      nrf_drv_gpiote.o
    0x0002a40c   0x00000008   Data   RO         2011    log_const_data      nrf_drv_uart.o
    0x0002a414   0x00000008   Data   RO         2879    log_const_data      nrf_balloc.o
    0x0002a41c   0x00000008   Data   RO         3277    log_const_data      nrf_pwr_mgmt.o
    0x0002a424   0x00000008   Data   RO         3683    log_const_data      nrf_log_frontend.o
    0x0002a42c   0x00000008   Data   RO         4164    log_const_data      nrf_sdh.o
    0x0002a434   0x00000008   Data   RO         4287    log_const_data      nrf_sdh_ble.o
    0x0002a43c   0x00000008   Data   RO         4337    log_const_data      nrf_sdh_soc.o
    0x0002a444   0x00000008   Data   RO         1183    sdh_ble_observers0  ble_conn_state.o
    0x0002a44c   0x00000010   Data   RO           28    sdh_ble_observers1  main.o
    0x0002a45c   0x00000008   Data   RO          857    sdh_ble_observers1  bsp_btn_ble.o
    0x0002a464   0x00000008   Data   RO         1097    sdh_ble_observers1  ble_conn_params.o
    0x0002a46c   0x00000008   Data   RO           29    sdh_ble_observers2  main.o
    0x0002a474   0x00000008   Data   RO         4372    sdh_ble_observers2  ble_dfu.o
    0x0002a47c   0x00000008   Data   RO           30    sdh_ble_observers3  main.o
    0x0002a484   0x00000008   Data   RO         3084    sdh_req_observers0  nrf_fstorage_sd.o
    0x0002a48c   0x00000008   Data   RO         1550    sdh_soc_observers0  nrf_drv_clock.o
    0x0002a494   0x00000008   Data   RO         3085    sdh_soc_observers0  nrf_fstorage_sd.o
    0x0002a49c   0x00000008   Data   RO           31    sdh_soc_observers1  main.o
    0x0002a4a4   0x00000008   Data   RO         4463    sdh_soc_observers1  ble_dfu_unbonded.o
    0x0002a4ac   0x00000008   Data   RO         4289    sdh_stack_observers0  nrf_sdh_ble.o
    0x0002a4b4   0x00000008   Data   RO         4339    sdh_stack_observers0  nrf_sdh_soc.o
    0x0002a4bc   0x00000008   Data   RO         1551    sdh_state_observers0  nrf_drv_clock.o
    0x0002a4c4   0x00000008   Data   RO         3086    sdh_state_observers0  nrf_fstorage_sd.o


    Execution Region RW_IRAM1 (Base: 0x20002770, Size: 0x00003378, Max: 0x0000d890, ABSOLUTE, COMPRESSED[0x00000044])

    Base Addr    Size         Type   Attr      Idx    E Section Name        Object

    0x20002770   0x00000016   Data   RW           26    .data               main.o
    0x20002786   0x00000002   PAD
    0x20002788   0x00000004   Data   RW          404    .data               protocol_analysis.o
    0x2000278c   0x0000000a   Data   RW          549    .data               nus_maser_datahanle.o
    0x20002796   0x00000006   Data   RW          596    .data               system_variable.o
    0x2000279c   0x00000010   Data   RW          752    .data               bsp.o
    0x200027ac   0x00000008   Data   RW          856    .data               bsp_btn_ble.o
    0x200027b4   0x00000008   Data   RW         1096    .data               ble_conn_params.o
    0x200027bc   0x00000014   Data   RW         2212    .data               app_button.o
    0x200027d0   0x00000014   Data   RW         2487    .data               app_timer.o
    0x200027e4   0x00000010   Data   RW         2637    .data               app_uart_fifo.o
    0x200027f4   0x00000008   Data   RW         3083    .data               nrf_fstorage_sd.o
    0x200027fc   0x00000008   Data   RW         3276    .data               nrf_pwr_mgmt.o
    0x20002804   0x00000004   Data   RW         3416    .data               retarget.o
    0x20002808   0x0000000c   Data   RW         3616    .data               nrf_log_default_backends.o
    0x20002814   0x00000008   Data   RW         3681    .data               nrf_log_frontend.o
    0x2000281c   0x00000008   Data   RW         3682    .data               nrf_log_frontend.o
    0x20002824   0x00000038   Data   RW         3845    .data               nrf_log_str_formatter.o
    0x2000285c   0x00000003   Data   RW         4163    .data               nrf_sdh.o
    0x2000285f   0x00000001   PAD
    0x20002860   0x00000004   Data   RW         4286    .data               nrf_sdh_ble.o
    0x20002864   0x00000004   Data   RW         4462    .data               ble_dfu_unbonded.o
    0x20002868   0x00000004   Data   RW         4554    .data               system_nrf52.o
    0x2000286c   0x0000000c   Data   RW         1387    log_dynamic_data    nrf_ble_gatt.o
    0x20002878   0x0000000c   Data   RW         1549    log_dynamic_data    nrf_drv_clock.o
    0x20002884   0x0000000c   Data   RW         1769    log_dynamic_data    nrf_drv_gpiote.o
    0x20002890   0x0000000c   Data   RW         2012    log_dynamic_data    nrf_drv_uart.o
    0x2000289c   0x0000000c   Data   RW         2880    log_dynamic_data    nrf_balloc.o
    0x200028a8   0x0000000c   Data   RW         3278    log_dynamic_data    nrf_pwr_mgmt.o
    0x200028b4   0x0000000c   Data   RW         3684    log_dynamic_data    nrf_log_frontend.o
    0x200028c0   0x0000000c   Data   RW         4165    log_dynamic_data    nrf_sdh.o
    0x200028cc   0x0000000c   Data   RW         4288    log_dynamic_data    nrf_sdh_ble.o
    0x200028d8   0x0000000c   Data   RW         4338    log_dynamic_data    nrf_sdh_soc.o
    0x200028e4   0x00000020   Zero   RW           23    .bss                main.o
    0x20002904   0x0000052e   Zero   RW           24    .bss                main.o
    0x20002e32   0x00000032   Zero   RW          454    .bss                somputon_ble_datahandle.o
    0x20002e64   0x00000064   Zero   RW          548    .bss                nus_maser_datahanle.o
    0x20002ec8   0x00000020   Zero   RW          747    .bss                bsp.o
    0x20002ee8   0x00000020   Zero   RW          748    .bss                bsp.o
    0x20002f08   0x0000000c   Zero   RW          749    .bss                bsp.o
    0x20002f14   0x00000020   Zero   RW          750    .bss                bsp.o
    0x20002f34   0x00000050   Zero   RW         1095    .bss                ble_conn_params.o
    0x20002f84   0x000000b8   Zero   RW         1182    .bss                ble_conn_state.o
    0x2000303c   0x00000014   Zero   RW         1542    .bss                nrf_drv_clock.o
    0x20003050   0x00000058   Zero   RW         1762    .bss                nrf_drv_gpiote.o
    0x200030a8   0x00000020   Zero   RW         2009    .bss                nrf_drv_uart.o
    0x200030c8   0x00000020   Zero   RW         2210    .bss                app_button.o
    0x200030e8   0x00000020   Zero   RW         2269    .bss                app_error.o
    0x20003108   0x0000010c   Zero   RW         2486    .bss                app_timer.o
    0x20003214   0x00000020   Zero   RW         2635    .bss                app_uart_fifo.o
    0x20003234   0x0000000c   Zero   RW         2695    .bss                app_util_platform.o
    0x20003240   0x000000a0   Zero   RW         3079    .bss                nrf_fstorage_sd.o
    0x200032e0   0x00000010   Zero   RW         3080    .bss                nrf_fstorage_sd.o
    0x200032f0   0x0000000c   Zero   RW         3272    .bss                nrf_pwr_mgmt.o
    0x200032fc   0x00000040   Zero   RW         3522    .bss                nrf_log_backend_rtt.o
    0x2000333c   0x000000c0   Zero   RW         3675    .bss                nrf_log_frontend.o
    0x200033fc   0x00000420   Zero   RW         3676    .bss                nrf_log_frontend.o
    0x2000381c   0x00000288   Zero   RW         3916    .bss                segger_rtt.o
    0x20003aa4   0x0000001c   Zero   RW         4370    .bss                ble_dfu.o
    0x20003ac0   0x00000028   Zero   RW         4461    .bss                ble_dfu_unbonded.o
    0x20003ae8   0x00002000   Zero   RW         4542    STACK               arm_startup_nrf52.o


==============================================================================

Image component sizes


      Code (inc. data)   RO Data    RW Data    ZI Data      Debug   Object Name

       332         34          8         20         32      10086   app_button.o
       124          4          0          0         32       3794   app_error.o
       320        152          0          0          0       4742   app_error_weak.o
       118          0          0          0          0       4946   app_fifo.o
      1630        122          0         20        268      47503   app_timer.o
       516        102         32         16         32       7382   app_uart_fifo.o
       124         14          0          0         12       9054   app_util_platform.o
        36          8        512          0       8192        920   arm_startup_nrf52.o
      1330          0          0          0          0      36427   ble_advdata.o
       988          6          0          0          0      10280   ble_advertising.o
       636         44          8          8         80      11679   ble_conn_params.o
       332         66          8          0        184       3391   ble_conn_state.o
       420         56          8          0         28       5450   ble_dfu.o
       260         24          8          4         40       4881   ble_dfu_unbonded.o
       692         10         32          0          0       7542   ble_nus.o
        16          0          0          0          0       2114   ble_srv_common.o
       318         42          8          0          0      13272   boards.o
       960         84         44         16        108      15211   bsp.o
       252         10          8          8          0       4736   bsp_btn_ble.o
      2012        434         68         22       1358     165086   main.o
       244          0          0          0          0       4909   nrf_atfifo.o
       164          0         15         12          0       3829   nrf_balloc.o
       682         44        340         12          0      40034   nrf_ble_gatt.o
       408         40         30         12         20      40959   nrf_drv_clock.o
        56          0          0          0          0      27531   nrf_drv_common.o
      1178         84         19         12         88      30246   nrf_drv_gpiote.o
      2140         66         13         12         32      41507   nrf_drv_uart.o
        50          0          0          0          0       3497   nrf_fprintf.o
       850          4         16          0          0       5370   nrf_fprintf_format.o
        80         10          0          0          0        851   nrf_fstorage.o
       450         36         40          8        176      10887   nrf_fstorage_sd.o
        74          8         12          0         64       5417   nrf_log_backend_rtt.o
       210          0          0          0          0      10303   nrf_log_backend_serial.o
        28          6          0         12          0       3170   nrf_log_default_backends.o
      1494         88         32         28       1248      31656   nrf_log_frontend.o
       506         66        102         56          0       5440   nrf_log_str_formatter.o
       494          0          0          0          0      12987   nrf_memobj.o
       342         26         17         20         12      10269   nrf_pwr_mgmt.o
       812        242        104         15          0      50708   nrf_sdh.o
       752        244        539         16          0       6386   nrf_sdh_ble.o
       128         68         56         12          0       2564   nrf_sdh_soc.o
        78          0          0          0          0       2712   nrf_section_iter.o
        76         10       1035          0          0       2691   nrf_strerror.o
       444         38          0         10        100       4355   nus_maser_datahanle.o
       148         30          0          4          0       3497   protocol_analysis.o
        14          0          0          4          0       2842   retarget.o
       206          0          0          0          0       5286   sdk_mapped_flags.o
       378         34          0          0        648       8825   segger_rtt.o
       240         34          0          0         50       7742   somputon_ble_datahandle.o
       796         70          0          4          0      29622   system_nrf52.o
         0          0          0          6          0        870   system_variable.o

    ----------------------------------------------------------------------
     24990       2460       3168        372      12804     785458   Object Totals
         0          0         32          0          0          0   (incl. Generated)
        52          0         22          3          0          0   (incl. Padding)

    ----------------------------------------------------------------------

      Code (inc. data)   RO Data    RW Data    ZI Data      Debug   Library Member Name

        86          0          0          0          0          0   __dczerorl2.o
         8          4        133          0          0         68   ctype_o.o
         0          0          0          0          0          0   entry.o
         0          0          0          0          0          0   entry10a.o
         0          0          0          0          0          0   entry11a.o
         8          4          0          0          0          0   entry2.o
         4          0          0          0          0          0   entry5.o
         0          0          0          0          0          0   entry7b.o
         0          0          0          0          0          0   entry8b.o
         8          4          0          0          0          0   entry9a.o
        30          0          0          0          0          0   handlers.o
        36          8          0          0          0         68   init.o
        30          0          0          0          0         68   llshl.o
        32          0          0          0          0         68   llushr.o
        36          0          0          0          0         68   memcpya.o
        36          0          0          0          0        108   memseta.o
      1154         54          0          0          0        352   printf8.o
        18          0          0          0          0         68   strcpy.o
        14          0          0          0          0         68   strlen.o
        98          0          0          0          0         92   uldiv.o

    ----------------------------------------------------------------------
      1606         74        136          0          0       1028   Library Totals
         8          0          3          0          0          0   (incl. Padding)

    ----------------------------------------------------------------------

      Code (inc. data)   RO Data    RW Data    ZI Data      Debug   Library Name

      1598         74        133          0          0       1028   mc_w.l

    ----------------------------------------------------------------------
      1606         74        136          0          0       1028   Library Totals

    ----------------------------------------------------------------------

==============================================================================


      Code (inc. data)   RO Data    RW Data    ZI Data      Debug   

     26596       2534       3304        372      12804     758054   Grand Totals
     26596       2534       3304         68      12804     758054   ELF Image Totals (compressed)
     26596       2534       3304         68          0          0   ROM Totals

==============================================================================

    Total RO  Size (Code + RO Data)                29900 (  29.20kB)
    Total RW  Size (RW Data + ZI Data)             13176 (  12.87kB)
    Total ROM Size (Code + RO Data + RW Data)      29968 (  29.27kB)

==============================================================================

