Component: ARM Compiler 5.05 update 2 (build 169) Tool: armlink [4d0f33]

==============================================================================

Section Cross References

    main.o(i.advertising_init) refers to memseta.o(.text) for __aeabi_memclr4
    main.o(i.advertising_init) refers to ble_advertising.o(i.ble_advertising_init) for ble_advertising_init
    main.o(i.advertising_init) refers to app_error.o(i.app_error_handler) for app_error_handler
    main.o(i.advertising_init) refers to ble_advertising.o(i.ble_advertising_conn_cfg_tag_set) for ble_advertising_conn_cfg_tag_set
    main.o(i.advertising_init) refers to main.o(.data) for .data
    main.o(i.advertising_init) refers to main.o(i.on_adv_evt) for on_adv_evt
    main.o(i.advertising_init) refers to main.o(.bss) for .bss
    main.o(i.advertising_init) refers to main.o(i.timer_init) for i.timer_init
    main.o(i.assert_nrf_callback) refers to app_error.o(i.app_error_handler) for app_error_handler
    main.o(i.ble_evt_handler) refers to nrf_log_frontend.o(i.nrf_log_frontend_std_0) for nrf_log_frontend_std_0
    main.o(i.ble_evt_handler) refers to bsp.o(i.bsp_indication_set) for bsp_indication_set
    main.o(i.ble_evt_handler) refers to app_error.o(i.app_error_handler) for app_error_handler
    main.o(i.ble_evt_handler) refers to memcpya.o(.text) for __aeabi_memcpy
    main.o(i.ble_evt_handler) refers to main.o(.data) for .data
    main.o(i.ble_evt_handler) refers to nrf_log_frontend.o(log_dynamic_data) for m_nrf_log_app_logs_data_dynamic
    main.o(i.ble_stack_init) refers to nrf_sdh.o(i.nrf_sdh_enable_request) for nrf_sdh_enable_request
    main.o(i.ble_stack_init) refers to app_error.o(i.app_error_handler) for app_error_handler
    main.o(i.ble_stack_init) refers to nrf_sdh_ble.o(i.nrf_sdh_ble_default_cfg_set) for nrf_sdh_ble_default_cfg_set
    main.o(i.ble_stack_init) refers to nrf_sdh_ble.o(i.nrf_sdh_ble_enable) for nrf_sdh_ble_enable
    main.o(i.ble_stack_init) refers to main.o(i.timer_init) for i.timer_init
    main.o(i.bsp_event_handler) refers to main.o(i.sleep_mode_enter) for sleep_mode_enter
    main.o(i.bsp_event_handler) refers to ble_advertising.o(i.ble_advertising_restart_without_whitelist) for ble_advertising_restart_without_whitelist
    main.o(i.bsp_event_handler) refers to app_error.o(i.app_error_handler) for app_error_handler
    main.o(i.bsp_event_handler) refers to main.o(.data) for .data
    main.o(i.bsp_event_handler) refers to main.o(.bss) for .bss
    main.o(i.conn_params_error_handler) refers to app_error.o(i.app_error_handler) for app_error_handler
    main.o(i.gap_params_init) refers to app_error.o(i.app_error_handler) for app_error_handler
    main.o(i.gap_params_init) refers to main.o(i.timer_init) for i.timer_init
    main.o(i.gatt_evt_handler) refers to nrf_log_frontend.o(i.nrf_log_frontend_std_2) for nrf_log_frontend_std_2
    main.o(i.gatt_evt_handler) refers to main.o(.data) for .data
    main.o(i.gatt_evt_handler) refers to nrf_log_frontend.o(log_dynamic_data) for m_nrf_log_app_logs_data_dynamic
    main.o(i.gatt_init) refers to nrf_ble_gatt.o(i.nrf_ble_gatt_init) for nrf_ble_gatt_init
    main.o(i.gatt_init) refers to app_error.o(i.app_error_handler) for app_error_handler
    main.o(i.gatt_init) refers to nrf_ble_gatt.o(i.nrf_ble_gatt_att_mtu_periph_set) for nrf_ble_gatt_att_mtu_periph_set
    main.o(i.gatt_init) refers to main.o(i.gatt_evt_handler) for gatt_evt_handler
    main.o(i.gatt_init) refers to main.o(.bss) for .bss
    main.o(i.main) refers to app_timer.o(i.app_timer_init) for app_timer_init
    main.o(i.main) refers to app_error.o(i.app_error_handler) for app_error_handler
    main.o(i.main) refers to main.o(i.timer_init) for timer_init
    main.o(i.main) refers to memcpya.o(.text) for __aeabi_memcpy4
    main.o(i.main) refers to app_uart_fifo.o(i.app_uart_init) for app_uart_init
    main.o(i.main) refers to nrf_log_frontend.o(i.nrf_log_init) for nrf_log_init
    main.o(i.main) refers to nrf_log_default_backends.o(i.nrf_log_default_backends_init) for nrf_log_default_backends_init
    main.o(i.main) refers to led_control.o(i.led_init) for led_init
    main.o(i.main) refers to main.o(i.ble_stack_init) for ble_stack_init
    main.o(i.main) refers to nus_maser_datahanle.o(i.User_Get_Addr) for User_Get_Addr
    main.o(i.main) refers to main.o(i.gap_params_init) for gap_params_init
    main.o(i.main) refers to main.o(i.gatt_init) for gatt_init
    main.o(i.main) refers to ble_nus.o(i.ble_nus_init) for ble_nus_init
    main.o(i.main) refers to main.o(i.advertising_init) for advertising_init
    main.o(i.main) refers to memseta.o(.text) for __aeabi_memclr4
    main.o(i.main) refers to ble_conn_params.o(i.ble_conn_params_init) for ble_conn_params_init
    main.o(i.main) refers to printf8.o(i.__0printf$8) for __2printf
    main.o(i.main) refers to nrf_log_frontend.o(i.nrf_log_frontend_std_0) for nrf_log_frontend_std_0
[...]
    log_dynamic_data                         0x200028c4   Section       12  nrf_sdh_soc.o(log_dynamic_data)
    __tagsym$$used                           0x200028c4   Number         0  nrf_sdh_soc.o(log_dynamic_data)
    .bss                                     0x200028d0   Section       32  main.o(.bss)
    m_sys_timer_id_data                      0x200028d0   Data          32  main.o(.bss)
    .bss                                     0x200028f0   Section     1326  main.o(.bss)
    data_array                               0x200028f0   Data         244  main.o(.bss)
    rx_buf                                   0x200029e4   Data         256  main.o(.bss)
    tx_buf                                   0x20002ae4   Data         256  main.o(.bss)
    m_nus                                    0x20002be4   Data          28  main.o(.bss)
    m_gatt                                   0x20002c00   Data          20  main.o(.bss)
    m_advertising                            0x20002c14   Data         216  main.o(.bss)
    .bss                                     0x20002e1e   Section       50  somputon_ble_datahandle.o(.bss)
    .bss                                     0x20002e50   Section      184  nus_maser_datahanle.o(.bss)
    .bss                                     0x20002f08   Section       32  bsp.o(.bss)
    m_leds_timer_id_data                     0x20002f08   Data          32  bsp.o(.bss)
    .bss                                     0x20002f28   Section       32  bsp.o(.bss)
    m_alert_timer_id_data                    0x20002f28   Data          32  bsp.o(.bss)
    .bss                                     0x20002f48   Section       12  bsp.o(.bss)
    m_events_list                            0x20002f48   Data          12  bsp.o(.bss)
    .bss                                     0x20002f54   Section       32  bsp.o(.bss)
    m_button_timer_id_data                   0x20002f54   Data          32  bsp.o(.bss)
    .bss                                     0x20002f74   Section       80  ble_conn_params.o(.bss)
    m_timer_data                             0x20002f74   Data          32  ble_conn_params.o(.bss)
    m_conn_params_instances                  0x20002f94   Data          20  ble_conn_params.o(.bss)
    m_conn_params_config                     0x20002fa8   Data          28  ble_conn_params.o(.bss)
    .bss                                     0x20002fc4   Section      184  ble_conn_state.o(.bss)
    m_bcs                                    0x20002fc4   Data         184  ble_conn_state.o(.bss)
    .bss                                     0x2000307c   Section       20  nrf_drv_clock.o(.bss)
    m_clock_cb                               0x2000307c   Data          20  nrf_drv_clock.o(.bss)
    .bss                                     0x20003090   Section       88  nrf_drv_gpiote.o(.bss)
    m_cb                                     0x20003090   Data          88  nrf_drv_gpiote.o(.bss)
    .bss                                     0x200030e8   Section       32  nrf_drv_uart.o(.bss)
    m_cb                                     0x200030e8   Data          32  nrf_drv_uart.o(.bss)
    .bss                                     0x20003108   Section       32  app_error.o(.bss)
    m_error_data                             0x20003108   Data          32  app_error.o(.bss)
    .bss                                     0x20003128   Section      268  app_timer.o(.bss)
    m_op_queue                               0x20003128   Data         268  app_timer.o(.bss)
    .bss                                     0x20003234   Section       32  app_uart_fifo.o(.bss)
    m_rx_fifo                                0x20003234   Data          16  app_uart_fifo.o(.bss)
    m_tx_fifo                                0x20003244   Data          16  app_uart_fifo.o(.bss)
    .bss                                     0x20003254   Section       12  app_util_platform.o(.bss)
    .bss                                     0x20003260   Section      160  nrf_fstorage_sd.o(.bss)
    m_fifo_data                              0x20003260   Data         140  nrf_fstorage_sd.o(.bss)
    m_flags                                  0x200032ec   Data          20  nrf_fstorage_sd.o(.bss)
    .bss                                     0x20003300   Section       16  nrf_fstorage_sd.o(.bss)
    m_fifo_inst                              0x20003300   Data          16  nrf_fstorage_sd.o(.bss)
    .bss                                     0x20003310   Section       12  nrf_pwr_mgmt.o(.bss)
    m_handlers_iter                          0x20003310   Data          12  nrf_pwr_mgmt.o(.bss)
    .bss                                     0x2000331c   Section       64  nrf_log_backend_rtt.o(.bss)
    m_string_buff                            0x2000331c   Data          64  nrf_log_backend_rtt.o(.bss)
    .bss                                     0x2000335c   Section      192  nrf_log_frontend.o(.bss)
    mempool_nrf_balloc_pool_mem              0x2000335c   Data         192  nrf_log_frontend.o(.bss)
    .bss                                     0x2000341c   Section     1056  nrf_log_frontend.o(.bss)
    m_log_data                               0x2000341c   Data        1056  nrf_log_frontend.o(.bss)
    .bss                                     0x2000383c   Section      648  segger_rtt.o(.bss)
    _acUpBuffer                              0x200038b4   Data         512  segger_rtt.o(.bss)
    _acDownBuffer                            0x20003ab4   Data          16  segger_rtt.o(.bss)
    .bss                                     0x20003ac4   Section       28  ble_dfu.o(.bss)
    m_dfu                                    0x20003ac4   Data          28  ble_dfu.o(.bss)
    .bss                                     0x20003ae0   Section       40  ble_dfu_unbonded.o(.bss)
    nrf_dfu_set_adv_name_svci_async_def      0x20003ae0   Data          12  ble_dfu_unbonded.o(.bss)
    m_adv_name                               0x20003aec   Data          28  ble_dfu_unbonded.o(.bss)
    STACK                                    0x20003b08   Section     8192  arm_startup_nrf52.o(STACK)

    Global Symbols

    Symbol Name                              Value     Ov Type        Size  Object(Section)

    BuildAttributes$$THM_ISAv4$E$P$D$K$B$S$7EM$VFPi3$EXTD16$VFPS$VFMA$PE$A:L22UL41UL21$X:L11$S22US41US21$IEEE1$IW$USESV6$~STKCKD$USESV7$~SHL$OSPACE$ROPI$EBA8$MICROLIB$REQ8$PRES8$EABIv2 0x00000000   Number         0  anon$$obj.o ABSOLUTE
    __ARM_use_no_argv                        0x00000000   Number         0  main.o ABSOLUTE
    _printf_a                                0x00000000   Number         0  stubs.o ABSOLUTE
    _printf_c                                0x00000000   Number         0  stubs.o ABSOLUTE
    _printf_charcount                        0x00000000   Number         0  stubs.o ABSOLUTE
    _printf_d                                0x00000000   Number         0  stubs.o ABSOLUTE
    _printf_e                                0x00000000   Number         0  stubs.o ABSOLUTE
    _printf_f                                0x00000000   Number         0  stubs.o ABSOLUTE
    _printf_flags                            0x00000000   Number         0  stubs.o ABSOLUTE
    _printf_fp_dec                           0x00000000   Number         0  stubs.o ABSOLUTE
    _printf_fp_hex                           0x00000000   Number         0  stubs.o ABSOLUTE
    _printf_g                                0x00000000   Number         0  stubs.o ABSOLUTE
    _printf_i                                0x00000000   Number         0  stubs.o ABSOLUTE
    _printf_int_dec                          0x00000000   Number         0  stubs.o ABSOLUTE
    _printf_l                                0x00000000   Number         0  stubs.o ABSOLUTE
    _printf_lc                               0x00000000   Number         0  stubs.o ABSOLUTE
    _printf_ll                               0x00000000   Number         0  stubs.o ABSOLUTE
    _printf_lld                              0x00000000   Number         0  stubs.o ABSOLUTE
    _printf_lli                              0x00000000   Number         0  stubs.o ABSOLUTE
    _printf_llo                              0x00000000   Number         0  stubs.o ABSOLUTE
    _printf_llu                              0x00000000   Number         0  stubs.o ABSOLUTE
    _printf_llx                              0x00000000   Number         0  stubs.o ABSOLUTE
    _printf_longlong_dec                     0x00000000   Number         0  stubs.o ABSOLUTE
    _printf_longlong_hex                     0x00000000   Number         0  stubs.o ABSOLUTE
    _printf_longlong_oct                     0x00000000   Number         0  stubs.o ABSOLUTE
    _printf_ls                               0x00000000   Number         0  stubs.o ABSOLUTE
    _printf_mbtowc                           0x00000000   Number         0  stubs.o ABSOLUTE
    _printf_n                                0x00000000   Number         0  stubs.o ABSOLUTE
    _printf_o                                0x00000000   Number         0  stubs.o ABSOLUTE
    _printf_p                                0x00000000   Number         0  stubs.o ABSOLUTE
    _printf_percent                          0x00000000   Number         0  stubs.o ABSOLUTE
    _printf_pre_padding                      0x00000000   Number         0  stubs.o ABSOLUTE
    _printf_return_value                     0x00000000   Number         0  stubs.o ABSOLUTE
    _printf_s                                0x00000000   Number         0  stubs.o ABSOLUTE
    _printf_sizespec                         0x00000000   Number         0  stubs.o ABSOLUTE
    _printf_str                              0x00000000   Number         0  stubs.o ABSOLUTE
    _printf_truncate_signed                  0x00000000   Number         0  stubs.o ABSOLUTE
    _printf_truncate_unsigned                0x00000000   Number         0  stubs.o ABSOLUTE
    _printf_u                                0x00000000   Number         0  stubs.o ABSOLUTE
    _printf_wc                               0x00000000   Number         0  stubs.o ABSOLUTE
    _printf_wctomb                           0x00000000   Number         0  stubs.o ABSOLUTE
    _printf_widthprec                        0x00000000   Number         0  stubs.o ABSOLUTE
    _printf_x                                0x00000000   Number         0  stubs.o ABSOLUTE
    __cpp_initialize__aeabi_                  - Undefined Weak Reference
    __cxa_finalize                            - Undefined Weak Reference
    _clock_init                               - Undefined Weak Reference
    _microlib_exit                            - Undefined Weak Reference
    fs_data$$Base                             - Undefined Reference
    fs_data$$Limit                            - Undefined Reference
    pwr_mgmt_data0$$Base                      - Undefined Reference
    pwr_mgmt_data0$$Limit                     - Undefined Reference
    pwr_mgmt_data1$$Base                      - Undefined Reference
    pwr_mgmt_data1$$Limit                     - Undefined Reference
    pwr_mgmt_data2$$Base                      - Undefined Reference
    pwr_mgmt_data2$$Limit                     - Undefined Reference
    sdh_req_observers1$$Base                  - Undefined Reference
    sdh_req_observers1$$Limit                 - Undefined Reference
    sdh_stack_observers1$$Base                - Undefined Reference
    sdh_stack_observers1$$Limit               - Undefined Reference
    sdh_state_observers1$$Base                - Undefined Reference
    sdh_state_observers1$$Limit               - Undefined Reference
    __Vectors_Size                           0x00000200   Number         0  arm_startup_nrf52.o ABSOLUTE
    Image$$ER_IROM1$$Base                    0x00023000   Number         0  anon$$obj.o ABSOLUTE
    __Vectors                                0x00023000   Data           4  arm_startup_nrf52.o(RESET)
    __Vectors_End                            0x00023200   Data           0  arm_startup_nrf52.o(RESET)
    __main                                   0x00023201   Thumb Code     0  entry.o(.ARM.Collect$$$$00000000)
    _main_stk                                0x00023201   Thumb Code     0  entry2.o(.ARM.Collect$$$$00000001)
    _main_scatterload                        0x00023205   Thumb Code     0  entry5.o(.ARM.Collect$$$$00000004)
    __main_after_scatterload                 0x00023209   Thumb Code     0  entry5.o(.ARM.Collect$$$$00000004)
    _main_clock                              0x00023209   Thumb Code     0  entry7b.o(.ARM.Collect$$$$00000008)
    _main_cpp_init                           0x00023209   Thumb Code     0  entry8b.o(.ARM.Collect$$$$0000000A)
    _main_init                               0x00023209   Thumb Code     0  entry9a.o(.ARM.Collect$$$$0000000B)
    __rt_final_cpp                           0x00023211   Thumb Code     0  entry10a.o(.ARM.Collect$$$$0000000D)
    __rt_final_exit                          0x00023211   Thumb Code     0  entry11a.o(.ARM.Collect$$$$0000000F)
    __asm___12_nrf_atfifo_c_51f461e1__nrf_atfifo_wspace_req 0x00023215   Thumb Code    56  nrf_atfifo.o(.emb_text)
    __asm___12_nrf_atfifo_c_51f461e1__nrf_atfifo_wspace_close 0x0002324d   Thumb Code    18  nrf_atfifo.o(.emb_text)
    __asm___12_nrf_atfifo_c_51f461e1__nrf_atfifo_rspace_req 0x0002325f   Thumb Code    58  nrf_atfifo.o(.emb_text)
    __asm___12_nrf_atfifo_c_51f461e1__nrf_atfifo_rspace_close 0x00023299   Thumb Code    18  nrf_atfifo.o(.emb_text)
    __asm___12_nrf_atfifo_c_51f461e1__nrf_atfifo_space_clear 0x000232ab   Thumb Code    50  nrf_atfifo.o(.emb_text)
    __asm___12_nrf_memobj_c_9bb9f865__nrf_atomic_internal_mov 0x000232dd   Thumb Code    24  nrf_memobj.o(.emb_text)
    __asm___12_nrf_memobj_c_9bb9f865__nrf_atomic_internal_orr 0x000232f5   Thumb Code    26  nrf_memobj.o(.emb_text)
    __asm___12_nrf_memobj_c_9bb9f865__nrf_atomic_internal_and 0x0002330f   Thumb Code    26  nrf_memobj.o(.emb_text)
    __asm___12_nrf_memobj_c_9bb9f865__nrf_atomic_internal_eor 0x00023329   Thumb Code    26  nrf_memobj.o(.emb_text)
    __asm___12_nrf_memobj_c_9bb9f865__nrf_atomic_internal_add 0x00023343   Thumb Code    26  nrf_memobj.o(.emb_text)
    __asm___12_nrf_memobj_c_9bb9f865__nrf_atomic_internal_sub 0x0002335d   Thumb Code    26  nrf_memobj.o(.emb_text)
    __asm___14_nrf_pwr_mgmt_c_f22138a6__nrf_atomic_internal_mov 0x00023379   Thumb Code    24  nrf_pwr_mgmt.o(.emb_text)
    __asm___14_nrf_pwr_mgmt_c_f22138a6__nrf_atomic_internal_orr 0x00023391   Thumb Code    26  nrf_pwr_mgmt.o(.emb_text)
    __asm___14_nrf_pwr_mgmt_c_f22138a6__nrf_atomic_internal_and 0x000233ab   Thumb Code    26  nrf_pwr_mgmt.o(.emb_text)
    __asm___14_nrf_pwr_mgmt_c_f22138a6__nrf_atomic_internal_eor 0x000233c5   Thumb Code    26  nrf_pwr_mgmt.o(.emb_text)
    __asm___14_nrf_pwr_mgmt_c_f22138a6__nrf_atomic_internal_add 0x000233df   Thumb Code    26  nrf_pwr_mgmt.o(.emb_text)
    __asm___14_nrf_pwr_mgmt_c_f22138a6__nrf_atomic_internal_sub 0x000233f9   Thumb Code    26  nrf_pwr_mgmt.o(.emb_text)
    __asm___18_nrf_log_frontend_c_bc460776__nrf_atomic_internal_mov 0x00023415   Thumb Code    24  nrf_log_frontend.o(.emb_text)
    __asm___18_nrf_log_frontend_c_bc460776__nrf_atomic_internal_orr 0x0002342d   Thumb Code    26  nrf_log_frontend.o(.emb_text)
    __asm___18_nrf_log_frontend_c_bc460776__nrf_atomic_internal_and 0x00023447   Thumb Code    26  nrf_log_frontend.o(.emb_text)
    __asm___18_nrf_log_frontend_c_bc460776__nrf_atomic_internal_eor 0x00023461   Thumb Code    26  nrf_log_frontend.o(.emb_text)
    __asm___18_nrf_log_frontend_c_bc460776__nrf_atomic_internal_add 0x0002347b   Thumb Code    26  nrf_log_frontend.o(.emb_text)
    __asm___18_nrf_log_frontend_c_bc460776__nrf_atomic_internal_sub 0x00023495   Thumb Code    26  nrf_log_frontend.o(.emb_text)
    Reset_Handler                            0x000234b1   Thumb Code     8  arm_startup_nrf52.o(.text)
    NMI_Handler                              0x000234b9   Thumb Code     2  arm_startup_nrf52.o(.text)
    HardFault_Handler                        0x000234bb   Thumb Code     2  arm_startup_nrf52.o(.text)
    MemoryManagement_Handler                 0x000234bd   Thumb Code     2  arm_startup_nrf52.o(.text)
    BusFault_Handler                         0x000234bf   Thumb Code     2  arm_startup_nrf52.o(.text)
    UsageFault_Handler                       0x000234c1   Thumb Code     2  arm_startup_nrf52.o(.text)
    SVC_Handler                              0x000234c3   Thumb Code     2  arm_startup_nrf52.o(.text)
    DebugMon_Handler                         0x000234c5   Thumb Code     2  arm_startup_nrf52.o(.text)
    PendSV_Handler                           0x000234c7   Thumb Code     2  arm_startup_nrf52.o(.text)
    SysTick_Handler                          0x000234c9   Thumb Code     2  arm_startup_nrf52.o(.text)
    CCM_AAR_IRQHandler                       0x000234cb   Thumb Code     0  arm_startup_nrf52.o(.text)
    COMP_LPCOMP_IRQHandler                   0x000234cb   Thumb Code     0  arm_startup_nrf52.o(.text)
    ECB_IRQHandler                           0x000234cb   Thumb Code     0  arm_startup_nrf52.o(.text)
    FPU_IRQHandler                           0x000234cb   Thumb Code     0  arm_startup_nrf52.o(.text)
    I2S_IRQHandler                           0x000234cb   Thumb Code     0  arm_startup_nrf52.o(.text)
    MWU_IRQHandler                           0x000234cb   Thumb Code     0  arm_startup_nrf52.o(.text)
    NFCT_IRQHandler                          0x000234cb   Thumb Code     0  arm_startup_nrf52.o(.text)
    PDM_IRQHandler                           0x000234cb   Thumb Code     0  arm_startup_nrf52.o(.text)
    PWM0_IRQHandler                          0x000234cb   Thumb Code     0  arm_startup_nrf52.o(.text)
    PWM1_IRQHandler                          0x000234cb   Thumb Code     0  arm_startup_nrf52.o(.text)
    PWM2_IRQHandler                          0x000234cb   Thumb Code     0  arm_startup_nrf52.o(.text)
    QDEC_IRQHandler                          0x000234cb   Thumb Code     0  arm_startup_nrf52.o(.text)
    RADIO_IRQHandler                         0x000234cb   Thumb Code     0  arm_startup_nrf52.o(.text)
    RNG_IRQHandler                           0x000234cb   Thumb Code     0  arm_startup_nrf52.o(.text)
    RTC0_IRQHandler                          0x000234cb   Thumb Code     0  arm_startup_nrf52.o(.text)
    RTC2_IRQHandler                          0x000234cb   Thumb Code     0  arm_startup_nrf52.o(.text)
    SAADC_IRQHandler                         0x000234cb   Thumb Code     0  arm_startup_nrf52.o(.text)
    SPIM0_SPIS0_TWIM0_TWIS0_SPI0_TWI0_IRQHandler 0x000234cb   Thumb Code     0  arm_startup_nrf52.o(.text)
    SPIM1_SPIS1_TWIM1_TWIS1_SPI1_TWI1_IRQHandler 0x000234cb   Thumb Code     0  arm_startup_nrf52.o(.text)
    SPIM2_SPIS2_SPI2_IRQHandler              0x000234cb   Thumb Code     0  arm_startup_nrf52.o(.text)
    SWI1_EGU1_IRQHandler                     0x000234cb   Thumb Code     0  arm_startup_nrf52.o(.text)
    SWI3_EGU3_IRQHandler                     0x000234cb   Thumb Code     0  arm_startup_nrf52.o(.text)
    SWI4_EGU4_IRQHandler                     0x000234cb   Thumb Code     0  arm_startup_nrf52.o(.text)
    SWI5_EGU5_IRQHandler                     0x000234cb   Thumb Code     0  arm_startup_nrf52.o(.text)
    TEMP_IRQHandler                          0x000234cb   Thumb Code     0  arm_startup_nrf52.o(.text)
    TIMER0_IRQHandler                        0x000234cb   Thumb Code     0  arm_startup_nrf52.o(.text)
    TIMER1_IRQHandler                        0x000234cb   Thumb Code     0  arm_startup_nrf52.o(.text)
    TIMER2_IRQHandler                        0x000234cb   Thumb Code     0  arm_startup_nrf52.o(.text)
    TIMER3_IRQHandler                        0x000234cb   Thumb Code     0  arm_startup_nrf52.o(.text)
    TIMER4_IRQHandler                        0x000234cb   Thumb Code     0  arm_startup_nrf52.o(.text)
    WDT_IRQHandler                           0x000234cb   Thumb Code     0  arm_startup_nrf52.o(.text)
    __aeabi_uldivmod                         0x000234d5   Thumb Code    98  uldiv.o(.text)
    __rt_ctype_table                         0x00023539   Thumb Code     4  ctype_o.o(.text)
    __aeabi_memcpy                           0x00023541   Thumb Code    36  memcpya.o(.text)
    __aeabi_memcpy4                          0x00023541   Thumb Code     0  memcpya.o(.text)
    __aeabi_memcpy8                          0x00023541   Thumb Code     0  memcpya.o(.text)
    __aeabi_memset                           0x00023565   Thumb Code    14  memseta.o(.text)
    __aeabi_memset4                          0x00023565   Thumb Code     0  memseta.o(.text)
    __aeabi_memset8                          0x00023565   Thumb Code     0  memseta.o(.text)
    __aeabi_memclr                           0x00023573   Thumb Code     4  memseta.o(.text)
    __aeabi_memclr4                          0x00023573   Thumb Code     0  memseta.o(.text)
    __aeabi_memclr8                          0x00023573   Thumb Code     0  memseta.o(.text)
    _memset$wrapper                          0x00023577   Thumb Code    18  memseta.o(.text)
    strlen                                   0x00023589   Thumb Code    14  strlen.o(.text)
    strcpy                                   0x00023597   Thumb Code    18  strcpy.o(.text)
    __aeabi_llsl                             0x000235a9   Thumb Code    30  llshl.o(.text)
    _ll_shift_l                              0x000235a9   Thumb Code     0  llshl.o(.text)
    __aeabi_llsr                             0x000235c7   Thumb Code    32  llushr.o(.text)
    _ll_ushift_r                             0x000235c7   Thumb Code     0  llushr.o(.text)
    __scatterload                            0x000235e9   Thumb Code    28  init.o(.text)
    __scatterload_rt2                        0x000235e9   Thumb Code     0  init.o(.text)
    __decompress                             0x0002360d   Thumb Code     0  __dczerorl2.o(.text)
    __decompress1                            0x0002360d   Thumb Code    86  __dczerorl2.o(.text)
    App_RecvHandler                          0x00023665   Thumb Code   112  protocol_analysis.o(i.App_RecvHandler)
    Crc8                                     0x000236ed   Thumb Code    74  nus_maser_datahanle.o(i.Crc8)
    GPIOTE_IRQHandler                        0x0002373d   Thumb Code   362  nrf_drv_gpiote.o(i.GPIOTE_IRQHandler)
    POWER_CLOCK_IRQHandler                   0x00023915   Thumb Code    84  nrf_drv_clock.o(i.POWER_CLOCK_IRQHandler)
    RTC1_IRQHandler                          0x0002396d   Thumb Code    32  app_timer.o(i.RTC1_IRQHandler)
    SEGGER_RTT_Init                          0x00023991   Thumb Code     4  segger_rtt.o(i.SEGGER_RTT_Init)
    SEGGER_RTT_WriteNoLock                   0x00023995   Thumb Code    86  segger_rtt.o(i.SEGGER_RTT_WriteNoLock)
    SWI0_EGU0_IRQHandler                     0x000239f1   Thumb Code     4  app_timer.o(i.SWI0_EGU0_IRQHandler)
    SWI2_EGU2_IRQHandler                     0x000239f5   Thumb Code     4  nrf_sdh.o(i.SWI2_EGU2_IRQHandler)
    Somputon_Init                            0x000239f9   Thumb Code     6  protocol_analysis.o(i.Somputon_Init)
    SystemInit                               0x00023a05   Thumb Code   726  system_nrf52.o(i.SystemInit)
    UARTE0_UART0_IRQHandler                  0x00023d21   Thumb Code    20  nrf_drv_uart.o(i.UARTE0_UART0_IRQHandler)
    User_Get_Addr                            0x00023d3d   Thumb Code    30  nus_maser_datahanle.o(i.User_Get_Addr)
    __0printf$8                              0x00023e89   Thumb Code    22  printf8.o(i.__0printf$8)
    __1printf$8                              0x00023e89   Thumb Code     0  printf8.o(i.__0printf$8)
    __2printf                                0x00023e89   Thumb Code     0  printf8.o(i.__0printf$8)
    __scatterload_copy                       0x00023ea9   Thumb Code    14  handlers.o(i.__scatterload_copy)
    __scatterload_null                       0x00023eb7   Thumb Code     2  handlers.o(i.__scatterload_null)
    __scatterload_zeroinit                   0x00023eb9   Thumb Code    14  handlers.o(i.__scatterload_zeroinit)
    app_error_fault_handler                  0x00024405   Thumb Code   168  app_error_weak.o(i.app_error_fault_handler)
    app_error_handler                        0x00024545   Thumb Code    24  app_error.o(i.app_error_handler)
    app_error_save_and_stop                  0x0002455d   Thumb Code    96  app_error.o(i.app_error_save_and_stop)
    app_fifo_get                             0x000245c1   Thumb Code    22  app_fifo.o(i.app_fifo_get)
    app_fifo_init                            0x000245d7   Thumb Code    32  app_fifo.o(i.app_fifo_init)
    app_fifo_put                             0x000245f7   Thumb Code    26  app_fifo.o(i.app_fifo_put)
    app_timer_create                         0x00024611   Thumb Code    32  app_timer.o(i.app_timer_create)
    app_timer_init                           0x00024635   Thumb Code    70  app_timer.o(i.app_timer_init)
    app_timer_start                          0x00024689   Thumb Code   128  app_timer.o(i.app_timer_start)
    app_timer_stop                           0x00024711   Thumb Code    26  app_timer.o(i.app_timer_stop)
    app_uart_get                             0x00024731   Thumb Code    46  app_uart_fifo.o(i.app_uart_get)
    app_uart_init                            0x000247a5   Thumb Code   164  app_uart_fifo.o(i.app_uart_init)
    app_uart_put                             0x00024859   Thumb Code    52  app_uart_fifo.o(i.app_uart_put)
    app_util_critical_region_enter           0x00024895   Thumb Code    64  app_util_platform.o(i.app_util_critical_region_enter)
    app_util_critical_region_exit            0x000248dd   Thumb Code    46  app_util_platform.o(i.app_util_critical_region_exit)
    ble_advdata_encode                       0x000249c9   Thumb Code   386  ble_advdata.o(i.ble_advdata_encode)
    ble_advdata_set                          0x00024b4b   Thumb Code   104  ble_advdata.o(i.ble_advdata_set)
    ble_advertising_conn_cfg_tag_set         0x00024bb3   Thumb Code     6  ble_advertising.o(i.ble_advertising_conn_cfg_tag_set)
    ble_advertising_init                     0x00024bb9   Thumb Code   310  ble_advertising.o(i.ble_advertising_init)
    ble_advertising_on_ble_evt               0x00024cef   Thumb Code   104  ble_advertising.o(i.ble_advertising_on_ble_evt)
    ble_advertising_on_sys_evt               0x00024d57   Thumb Code    50  ble_advertising.o(i.ble_advertising_on_sys_evt)
    ble_advertising_start                    0x00024d89   Thumb Code   458  ble_advertising.o(i.ble_advertising_start)
    ble_conn_params_init                     0x00024f55   Thumb Code    90  ble_conn_params.o(i.ble_conn_params_init)
    ble_dfu_buttonless_bootloader_start_finalize 0x0002501d   Thumb Code    40  ble_dfu.o(i.ble_dfu_buttonless_bootloader_start_finalize)
    ble_dfu_buttonless_bootloader_start_prepare 0x00025049   Thumb Code    20  ble_dfu_unbonded.o(i.ble_dfu_buttonless_bootloader_start_prepare)
    ble_dfu_buttonless_on_ble_evt            0x00025061   Thumb Code   140  ble_dfu.o(i.ble_dfu_buttonless_on_ble_evt)
    ble_dfu_buttonless_on_ctrl_pt_write      0x00025115   Thumb Code   150  ble_dfu_unbonded.o(i.ble_dfu_buttonless_on_ctrl_pt_write)
    ble_dfu_buttonless_on_sys_evt            0x000251b5   Thumb Code    66  ble_dfu_unbonded.o(i.ble_dfu_buttonless_on_sys_evt)
    ble_dfu_buttonless_resp_send             0x00025201   Thumb Code    78  ble_dfu.o(i.ble_dfu_buttonless_resp_send)
    ble_nus_init                             0x000256a1   Thumb Code    94  ble_nus.o(i.ble_nus_init)
    ble_nus_on_ble_evt                       0x00025705   Thumb Code   136  ble_nus.o(i.ble_nus_on_ble_evt)
    ble_nus_string_send                      0x00025791   Thumb Code    72  ble_nus.o(i.ble_nus_string_send)
    ble_srv_is_indication_enabled            0x000257d9   Thumb Code     8  ble_srv_common.o(i.ble_srv_is_indication_enabled)
    ble_srv_is_notification_enabled          0x000257e1   Thumb Code     8  ble_srv_common.o(i.ble_srv_is_notification_enabled)
    bond_cmd                                 0x0002582d   Thumb Code    66  somputon_ble_datahandle.o(i.bond_cmd)
    bsp_board_button_idx_to_pin              0x00025879   Thumb Code     6  boards.o(i.bsp_board_button_idx_to_pin)
    bsp_board_led_invert                     0x00025885   Thumb Code    32  boards.o(i.bsp_board_led_invert)
    bsp_board_led_off                        0x000258a9   Thumb Code    10  boards.o(i.bsp_board_led_off)
    bsp_board_led_on                         0x000258b9   Thumb Code    10  boards.o(i.bsp_board_led_on)
    bsp_board_led_state_get                  0x000258c9   Thumb Code    28  boards.o(i.bsp_board_led_state_get)
    bsp_board_leds_off                       0x000258e9   Thumb Code    18  boards.o(i.bsp_board_leds_off)
    bsp_board_leds_on                        0x000258fb   Thumb Code    18  boards.o(i.bsp_board_leds_on)
    bsp_board_pin_to_button_idx              0x0002590d   Thumb Code    30  boards.o(i.bsp_board_pin_to_button_idx)
    bsp_btn_ble_sleep_mode_prepare           0x00025931   Thumb Code    30  bsp_btn_ble.o(i.bsp_btn_ble_sleep_mode_prepare)
    bsp_event_to_button_action_assign        0x000259e1   Thumb Code    64  bsp.o(i.bsp_event_to_button_action_assign)
    bsp_indication_set                       0x00025a25   Thumb Code    20  bsp.o(i.bsp_indication_set)
    bsp_wakeup_button_enable                 0x00025bf5   Thumb Code    16  bsp.o(i.bsp_wakeup_button_enable)
    buffer_is_empty                          0x00025c89   Thumb Code    16  nrf_log_frontend.o(i.buffer_is_empty)
    clear_history_data_cmd                   0x00025cad   Thumb Code     2  somputon_ble_datahandle.o(i.clear_history_data_cmd)
    control_device_cmd                       0x00025e71   Thumb Code   252  somputon_ble_datahandle.o(i.control_device_cmd)
    fputc                                    0x00026021   Thumb Code    14  retarget.o(i.fputc)
    gatt_evt_handler                         0x00026099   Thumb Code    48  main.o(i.gatt_evt_handler)
    gatt_init                                0x000260ed   Thumb Code    50  main.o(i.gatt_init)
    get_device_time_cmd                      0x00026139   Thumb Code     2  somputon_ble_datahandle.o(i.get_device_time_cmd)
    get_mac_addr                             0x0002613b   Thumb Code    32  nus_maser_datahanle.o(i.get_mac_addr)
    get_real_time_data_cmd                   0x0002615d   Thumb Code    94  somputon_ble_datahandle.o(i.get_real_time_data_cmd)
    led_init                                 0x00026339   Thumb Code    54  led_control.o(i.led_init)
    main                                     0x0002656d   Thumb Code   280  main.o(i.main)
    nrf_atfifo_item_free                     0x0002688d   Thumb Code    22  nrf_atfifo.o(i.nrf_atfifo_item_free)
    nrf_atfifo_item_get                      0x000268a3   Thumb Code    22  nrf_atfifo.o(i.nrf_atfifo_item_get)
    nrf_balloc_alloc                         0x000268c7   Thumb Code    68  nrf_balloc.o(i.nrf_balloc_alloc)
    nrf_balloc_free                          0x0002690b   Thumb Code    48  nrf_balloc.o(i.nrf_balloc_free)
    nrf_balloc_init                          0x0002693b   Thumb Code    48  nrf_balloc.o(i.nrf_balloc_init)
    nrf_ble_gatt_att_mtu_periph_set          0x0002697b   Thumb Code    24  nrf_ble_gatt.o(i.nrf_ble_gatt_att_mtu_periph_set)
    nrf_ble_gatt_init                        0x00026993   Thumb Code    34  nrf_ble_gatt.o(i.nrf_ble_gatt_init)
    nrf_ble_gatt_on_ble_evt                  0x000269b5   Thumb Code   312  nrf_ble_gatt.o(i.nrf_ble_gatt_on_ble_evt)
    nrf_drv_clock_init                       0x00026ba9   Thumb Code    64  nrf_drv_clock.o(i.nrf_drv_clock_init)
    nrf_drv_clock_lfclk_release              0x00026bf1   Thumb Code    40  nrf_drv_clock.o(i.nrf_drv_clock_lfclk_release)
    nrf_drv_common_irq_enable                0x00026c1d   Thumb Code    56  nrf_drv_common.o(i.nrf_drv_common_irq_enable)
    nrf_drv_uart_init                        0x00026c6d   Thumb Code    98  nrf_drv_uart.o(i.nrf_drv_uart_init)
    nrf_drv_uart_rx                          0x00026cd5   Thumb Code   170  nrf_drv_uart.o(i.nrf_drv_uart_rx)
    nrf_drv_uart_rx_enable                   0x00026d85   Thumb Code    42  nrf_drv_uart.o(i.nrf_drv_uart_rx_enable)
    nrf_drv_uart_tx                          0x00026f0d   Thumb Code   262  nrf_drv_uart.o(i.nrf_drv_uart_tx)
    nrf_drv_uart_tx_in_progress              0x00027019   Thumb Code    18  nrf_drv_uart.o(i.nrf_drv_uart_tx_in_progress)
    nrf_fprintf                              0x00027031   Thumb Code    26  nrf_fprintf.o(i.nrf_fprintf)
    nrf_fprintf_buffer_flush                 0x0002704b   Thumb Code    24  nrf_fprintf.o(i.nrf_fprintf_buffer_flush)
    nrf_fprintf_fmt                          0x00027063   Thumb Code   474  nrf_fprintf_format.o(i.nrf_fprintf_fmt)
    nrf_fstorage_is_busy                     0x0002723d   Thumb Code    70  nrf_fstorage.o(i.nrf_fstorage_is_busy)
    nrf_fstorage_sdh_req_handler             0x0002728d   Thumb Code    18  nrf_fstorage_sd.o(i.nrf_fstorage_sdh_req_handler)
    nrf_fstorage_sdh_state_handler           0x000272a5   Thumb Code    28  nrf_fstorage_sd.o(i.nrf_fstorage_sdh_state_handler)
    nrf_fstorage_sys_evt_handler             0x000272c5   Thumb Code   150  nrf_fstorage_sd.o(i.nrf_fstorage_sys_evt_handler)
    nrf_log_backend_add                      0x00027485   Thumb Code    74  nrf_log_frontend.o(i.nrf_log_backend_add)
    nrf_log_backend_rtt_init                 0x000274d7   Thumb Code     4  nrf_log_backend_rtt.o(i.nrf_log_backend_rtt_init)
    nrf_log_backend_serial_put               0x000274f5   Thumb Code   210  nrf_log_backend_serial.o(i.nrf_log_backend_serial_put)
    nrf_log_color_id_get                     0x000275c9   Thumb Code    42  nrf_log_frontend.o(i.nrf_log_color_id_get)
    nrf_log_default_backends_init            0x000275f9   Thumb Code    22  nrf_log_default_backends.o(i.nrf_log_default_backends_init)
    nrf_log_frontend_dequeue                 0x00027615   Thumb Code   488  nrf_log_frontend.o(i.nrf_log_frontend_dequeue)
    nrf_log_frontend_std_0                   0x00027805   Thumb Code     8  nrf_log_frontend.o(i.nrf_log_frontend_std_0)
    nrf_log_frontend_std_1                   0x0002780d   Thumb Code    14  nrf_log_frontend.o(i.nrf_log_frontend_std_1)
    nrf_log_frontend_std_2                   0x0002781b   Thumb Code    16  nrf_log_frontend.o(i.nrf_log_frontend_std_2)
    nrf_log_frontend_std_4                   0x0002782b   Thumb Code    20  nrf_log_frontend.o(i.nrf_log_frontend_std_4)
    nrf_log_hexdump_entry_process            0x00027841   Thumb Code   146  nrf_log_str_formatter.o(i.nrf_log_hexdump_entry_process)
    nrf_log_init                             0x000278ed   Thumb Code    70  nrf_log_frontend.o(i.nrf_log_init)
    nrf_log_module_cnt_get                   0x00027949   Thumb Code    10  nrf_log_frontend.o(i.nrf_log_module_cnt_get)
    nrf_log_module_name_get                  0x0002795d   Thumb Code    24  nrf_log_frontend.o(i.nrf_log_module_name_get)
    nrf_log_panic                            0x00027979   Thumb Code    34  nrf_log_frontend.o(i.nrf_log_panic)
    nrf_log_std_entry_process                0x000279a1   Thumb Code   182  nrf_log_str_formatter.o(i.nrf_log_std_entry_process)
    nrf_memobj_alloc                         0x00027a57   Thumb Code    96  nrf_memobj.o(i.nrf_memobj_alloc)
    nrf_memobj_free                          0x00027ab7   Thumb Code    50  nrf_memobj.o(i.nrf_memobj_free)
    nrf_memobj_get                           0x00027ae9   Thumb Code    14  nrf_memobj.o(i.nrf_memobj_get)
    nrf_memobj_pool_init                     0x00027af7   Thumb Code     4  nrf_memobj.o(i.nrf_memobj_pool_init)
    nrf_memobj_put                           0x00027afb   Thumb Code    34  nrf_memobj.o(i.nrf_memobj_put)
    nrf_memobj_read                          0x00027b1d   Thumb Code    12  nrf_memobj.o(i.nrf_memobj_read)
    nrf_memobj_write                         0x00027b29   Thumb Code    12  nrf_memobj.o(i.nrf_memobj_write)
    nrf_pwr_mgmt_shutdown                    0x00027b35   Thumb Code    58  nrf_pwr_mgmt.o(i.nrf_pwr_mgmt_shutdown)
    nrf_sdh_ble_app_ram_start_get            0x00027b75   Thumb Code    16  nrf_sdh_ble.o(i.nrf_sdh_ble_app_ram_start_get)
    nrf_sdh_ble_default_cfg_set              0x00027b89   Thumb Code   314  nrf_sdh_ble.o(i.nrf_sdh_ble_default_cfg_set)
    nrf_sdh_ble_enable                       0x00027ce1   Thumb Code    84  nrf_sdh_ble.o(i.nrf_sdh_ble_enable)
    nrf_sdh_disable_request                  0x00027e55   Thumb Code    54  nrf_sdh.o(i.nrf_sdh_disable_request)
    nrf_sdh_enable_request                   0x00027e91   Thumb Code    72  nrf_sdh.o(i.nrf_sdh_enable_request)
    nrf_sdh_evts_poll                        0x00027ee5   Thumb Code    32  nrf_sdh.o(i.nrf_sdh_evts_poll)
    nrf_sdh_is_enabled                       0x00027f09   Thumb Code     6  nrf_sdh.o(i.nrf_sdh_is_enabled)
    nrf_sdh_request_continue                 0x00027f15   Thumb Code    22  nrf_sdh.o(i.nrf_sdh_request_continue)
    nrf_section_iter_init                    0x00027fb1   Thumb Code    10  nrf_section_iter.o(i.nrf_section_iter_init)
    nrf_section_iter_next                    0x00027fdf   Thumb Code    32  nrf_section_iter.o(i.nrf_section_iter_next)
    nrf_strerror_find                        0x00028001   Thumb Code    52  nrf_strerror.o(i.nrf_strerror_find)
    nrf_strerror_get                         0x00028039   Thumb Code    14  nrf_strerror.o(i.nrf_strerror_get)
    nus_data_handle                          0x00028085   Thumb Code   262  nus_maser_datahanle.o(i.nus_data_handle)
    sdk_mapped_flags_bulk_update_by_key      0x000287c9   Thumb Code    68  sdk_mapped_flags.o(i.sdk_mapped_flags_bulk_update_by_key)
    sdk_mapped_flags_first_key_index_get     0x0002880d   Thumb Code    34  sdk_mapped_flags.o(i.sdk_mapped_flags_first_key_index_get)
    sdk_mapped_flags_key_list_get            0x0002883f   Thumb Code    74  sdk_mapped_flags.o(i.sdk_mapped_flags_key_list_get)
    sdk_mapped_flags_update_by_key           0x00028889   Thumb Code    14  sdk_mapped_flags.o(i.sdk_mapped_flags_update_by_key)
    send_data_proc                           0x00028899   Thumb Code    26  main.o(i.send_data_proc)
    timer_init                               0x00028cf1   Thumb Code    32  main.o(i.timer_init)
    turn_to_u16                              0x00028f01   Thumb Code    12  nus_maser_datahanle.o(i.turn_to_u16)
    uart_event_handle                        0x00029025   Thumb Code    88  main.o(i.uart_event_handle)
    nrf_log_backend_rtt_api                  0x00029738   Data          12  nrf_log_backend_rtt.o(.constdata)
    m_ram_start                              0x000297d0   Data           4  nrf_sdh_ble.o(.constdata)
    __ctype_table                            0x000297fc   Data         129  ctype_o.o(.constdata)
    Region$$Table$$Base                      0x00029f50   Number         0  anon$$obj.o(Region$$Table)
    Region$$Table$$Limit                     0x00029f70   Number         0  anon$$obj.o(Region$$Table)
    log_const_data$$Base                     0x00029f70   Number         0  nrf_ble_gatt.o(log_const_data)
    m_nrf_log_ble_gatt_logs_data_const       0x00029f70   Data           8  nrf_ble_gatt.o(log_const_data)
    m_nrf_log_clock_logs_data_const          0x00029f78   Data           8  nrf_drv_clock.o(log_const_data)
    m_nrf_log_gpiote_logs_data_const         0x00029f80   Data           8  nrf_drv_gpiote.o(log_const_data)
    m_nrf_log_uart_logs_data_const           0x00029f88   Data           8  nrf_drv_uart.o(log_const_data)
    m_nrf_log_balloc_logs_data_const         0x00029f90   Data           8  nrf_balloc.o(log_const_data)
    m_nrf_log_pwr_mgmt_logs_data_const       0x00029f98   Data           8  nrf_pwr_mgmt.o(log_const_data)
    m_nrf_log_app_logs_data_const            0x00029fa0   Data           8  nrf_log_frontend.o(log_const_data)
    m_nrf_log_nrf_sdh_logs_data_const        0x00029fa8   Data           8  nrf_sdh.o(log_const_data)
    m_nrf_log_nrf_sdh_ble_logs_data_const    0x00029fb0   Data           8  nrf_sdh_ble.o(log_const_data)
    m_nrf_log_nrf_sdh_soc_logs_data_const    0x00029fb8   Data           8  nrf_sdh_soc.o(log_const_data)
    log_const_data$$Limit                    0x00029fc0   Number         0  nrf_sdh_soc.o(log_const_data)
    sdh_ble_observers0$$Base                 0x00029fc0   Number         0  ble_conn_state.o(sdh_ble_observers0)
    sdh_ble_observers0$$Limit                0x00029fc8   Number         0  ble_conn_state.o(sdh_ble_observers0)
    sdh_ble_observers1$$Base                 0x00029fc8   Number         0  main.o(sdh_ble_observers1)
    sdh_ble_observers1$$Limit                0x00029fe8   Number         0  ble_conn_params.o(sdh_ble_observers1)
    sdh_ble_observers2$$Base                 0x00029fe8   Number         0  main.o(sdh_ble_observers2)
    sdh_ble_observers2$$Limit                0x00029ff8   Number         0  ble_dfu.o(sdh_ble_observers2)
    sdh_ble_observers3$$Base                 0x00029ff8   Number         0  main.o(sdh_ble_observers3)
    m_req_obs                                0x0002a000   Data           8  nrf_fstorage_sd.o(sdh_req_observers0)
    sdh_ble_observers3$$Limit                0x0002a000   Number         0  main.o(sdh_ble_observers3)
    sdh_req_observers0$$Base                 0x0002a000   Number         0  nrf_fstorage_sd.o(sdh_req_observers0)
    sdh_req_observers0$$Limit                0x0002a008   Number         0  nrf_fstorage_sd.o(sdh_req_observers0)
    sdh_soc_observers0$$Base                 0x0002a008   Number         0  nrf_drv_clock.o(sdh_soc_observers0)
    sdh_soc_observers0$$Limit                0x0002a018   Number         0  nrf_fstorage_sd.o(sdh_soc_observers0)
    sdh_soc_observers1$$Base                 0x0002a018   Number         0  main.o(sdh_soc_observers1)
    sdh_soc_observers1$$Limit                0x0002a028   Number         0  ble_dfu_unbonded.o(sdh_soc_observers1)
    sdh_stack_observers0$$Base               0x0002a028   Number         0  nrf_sdh_ble.o(sdh_stack_observers0)
    sdh_stack_observers0$$Limit              0x0002a038   Number         0  nrf_sdh_soc.o(sdh_stack_observers0)
    sdh_state_observers0$$Base               0x0002a038   Number         0  nrf_drv_clock.o(sdh_state_observers0)
    sdh_state_observers0$$Limit              0x0002a048   Number         0  nrf_fstorage_sd.o(sdh_state_observers0)
    Image$$RW_IRAM1$$Base                    0x20002770   Number         0  anon$$obj.o ABSOLUTE
    conn_flag                                0x20002770   Data           1  main.o(.data)
    work_step                                0x20002773   Data           1  main.o(.data)
    length                                   0x2000277c   Data          10  main.o(.data)
    receive_data_from_app                    0x20002788   Data           4  protocol_analysis.o(.data)
    Common_Word                              0x20002790   Data           6  nus_maser_datahanle.o(.data)
    system_work                              0x20002796   Data           6  system_variable.o(.data)
    __stdout                                 0x200027f0   Data           4  retarget.o(.data)
    data                                     0x2000284c   Data           4  nrf_sdh_ble.o(.data)
    mp_dfu                                   0x20002850   Data           4  ble_dfu_unbonded.o(.data)
    SystemCoreClock                          0x20002854   Data           4  system_nrf52.o(.data)
    log_dynamic_data$$Base                   0x20002858   Number         0  nrf_ble_gatt.o(log_dynamic_data)
    m_nrf_log_ble_gatt_logs_data_dynamic     0x20002858   Data          12  nrf_ble_gatt.o(log_dynamic_data)
    m_nrf_log_clock_logs_data_dynamic        0x20002864   Data          12  nrf_drv_clock.o(log_dynamic_data)
    m_nrf_log_gpiote_logs_data_dynamic       0x20002870   Data          12  nrf_drv_gpiote.o(log_dynamic_data)
    m_nrf_log_uart_logs_data_dynamic         0x2000287c   Data          12  nrf_drv_uart.o(log_dynamic_data)
    m_nrf_log_balloc_logs_data_dynamic       0x20002888   Data          12  nrf_balloc.o(log_dynamic_data)
    m_nrf_log_pwr_mgmt_logs_data_dynamic     0x20002894   Data          12  nrf_pwr_mgmt.o(log_dynamic_data)
    m_nrf_log_app_logs_data_dynamic          0x200028a0   Data          12  nrf_log_frontend.o(log_dynamic_data)
    m_nrf_log_nrf_sdh_logs_data_dynamic      0x200028ac   Data          12  nrf_sdh.o(log_dynamic_data)
    m_nrf_log_nrf_sdh_ble_logs_data_dynamic  0x200028b8   Data          12  nrf_sdh_ble.o(log_dynamic_data)
    m_nrf_log_nrf_sdh_soc_logs_data_dynamic  0x200028c4   Data          12  nrf_sdh_soc.o(log_dynamic_data)
    buffer                                   0x20002cec   Data          50  main.o(.bss)
    aSendBuffer                              0x20002d1e   Data         256  main.o(.bss)
    send_buff                                0x20002e1e   Data          50  somputon_ble_datahandle.o(.bss)
    data_recv                                0x20002e50   Data         184  nus_maser_datahanle.o(.bss)
    nrf_nvic_state                           0x20003254   Data          12  app_util_platform.o(.bss)
    _SEGGER_RTT                              0x2000383c   Data         120  segger_rtt.o(.bss)
    __initial_sp                             0x20005b08   Data           0  arm_startup_nrf52.o(STACK)



==============================================================================

Memory Map of the image

  Image Entry point : 0x00023201

  Load Region LR_IROM1 (Base: 0x00023000, Size: 0x000071a8, Max: 0x00055000, ABSOLUTE, COMPRESSED[0x00007090])

    Execution Region ER_IROM1 (Base: 0x00023000, Size: 0x00007048, Max: 0x00055000, ABSOLUTE)

    Base Addr    Size         Type   Attr      Idx    E Section Name        Object

    0x00023000   0x00000200   Data   RO         4597    RESET               arm_startup_nrf52.o
    0x00023200   0x00000000   Code   RO         4642  * .ARM.Collect$$$$00000000  mc_w.l(entry.o)
    0x00023200   0x00000004   Code   RO         4946    .ARM.Collect$$$$00000001  mc_w.l(entry2.o)
    0x00023204   0x00000004   Code   RO         4949    .ARM.Collect$$$$00000004  mc_w.l(entry5.o)
    0x00023208   0x00000000   Code   RO         4951    .ARM.Collect$$$$00000008  mc_w.l(entry7b.o)
    0x00023208   0x00000000   Code   RO         4953    .ARM.Collect$$$$0000000A  mc_w.l(entry8b.o)
    0x00023208   0x00000008   Code   RO         4954    .ARM.Collect$$$$0000000B  mc_w.l(entry9a.o)
    0x00023210   0x00000000   Code   RO         4956    .ARM.Collect$$$$0000000D  mc_w.l(entry10a.o)
    0x00023210   0x00000000   Code   RO         4958    .ARM.Collect$$$$0000000F  mc_w.l(entry11a.o)
    0x00023210   0x00000004   Code   RO         4947    .ARM.Collect$$$$00002712  mc_w.l(entry2.o)
    0x00023214   0x000000c8   Code   RO         2855    .emb_text           nrf_atfifo.o
    0x000232dc   0x0000009a   Code   RO         3234    .emb_text           nrf_memobj.o
    0x00023376   0x00000002   PAD
    0x00023378   0x0000009a   Code   RO         3319    .emb_text           nrf_pwr_mgmt.o
    0x00023412   0x00000002   PAD
    0x00023414   0x0000009a   Code   RO         3701    .emb_text           nrf_log_frontend.o
    0x000234ae   0x00000002   PAD
    0x000234b0   0x00000024   Code   RO         4598    .text               arm_startup_nrf52.o
    0x000234d4   0x00000062   Code   RO         4645    .text               mc_w.l(uldiv.o)
    0x00023536   0x00000002   PAD
    0x00023538   0x00000008   Code   RO         4647    .text               mc_w.l(ctype_o.o)
    0x00023540   0x00000024   Code   RO         4675    .text               mc_w.l(memcpya.o)
    0x00023564   0x00000024   Code   RO         4677    .text               mc_w.l(memseta.o)
    0x00023588   0x0000000e   Code   RO         4679    .text               mc_w.l(strlen.o)
    0x00023596   0x00000012   Code   RO         4681    .text               mc_w.l(strcpy.o)
    0x000235a8   0x0000001e   Code   RO         4962    .text               mc_w.l(llshl.o)
    0x000235c6   0x00000020   Code   RO         4964    .text               mc_w.l(llushr.o)
    0x000235e6   0x00000002   PAD
    0x000235e8   0x00000024   Code   RO         4977    .text               mc_w.l(init.o)
    0x0002360c   0x00000056   Code   RO         4991    .text               mc_w.l(__dczerorl2.o)
    0x00023662   0x00000002   PAD
    0x00023664   0x00000088   Code   RO          403    i.App_RecvHandler   protocol_analysis.o
    0x000236ec   0x00000050   Code   RO          560    i.Crc8              nus_maser_datahanle.o
    0x0002373c   0x00000174   Code   RO         1779    i.GPIOTE_IRQHandler  nrf_drv_gpiote.o
    0x000238b0   0x00000016   Code   RO         2513    i.NVIC_ClearPendingIRQ  app_timer.o
    0x000238c6   0x00000016   Code   RO         2514    i.NVIC_EnableIRQ    app_timer.o
    0x000238dc   0x00000016   Code   RO         2515    i.NVIC_SetPendingIRQ  app_timer.o
    0x000238f2   0x00000020   Code   RO         2516    i.NVIC_SetPriority  app_timer.o
    0x00023912   0x00000002   PAD
    0x00023914   0x00000058   Code   RO         1573    i.POWER_CLOCK_IRQHandler  nrf_drv_clock.o
    0x0002396c   0x00000024   Code   RO         2517    i.RTC1_IRQHandler   app_timer.o
    0x00023990   0x00000004   Code   RO         3946    i.SEGGER_RTT_Init   segger_rtt.o
    0x00023994   0x0000005c   Code   RO         3960    i.SEGGER_RTT_WriteNoLock  segger_rtt.o
    0x000239f0   0x00000004   Code   RO         2518    i.SWI0_EGU0_IRQHandler  app_timer.o
    0x000239f4   0x00000004   Code   RO         4194    i.SWI2_EGU2_IRQHandler  nrf_sdh.o
    0x000239f8   0x0000000c   Code   RO          404    i.Somputon_Init     protocol_analysis.o
    0x00023a04   0x0000031c   Code   RO         4606    i.SystemInit        system_nrf52.o
    0x00023d20   0x0000001c   Code   RO         2026    i.UARTE0_UART0_IRQHandler  nrf_drv_uart.o
    0x00023d3c   0x00000030   Code   RO          561    i.User_Get_Addr     nus_maser_datahanle.o
    0x00023d6c   0x00000068   Code   RO         3964    i._DoInit           segger_rtt.o
    0x00023dd4   0x00000016   Code   RO         3965    i._GetAvailWriteSpace  segger_rtt.o
    0x00023dea   0x0000005a   Code   RO         3967    i._WriteBlocking    segger_rtt.o
    0x00023e44   0x00000042   Code   RO         3968    i._WriteNoCheck     segger_rtt.o
    0x00023e86   0x00000002   PAD
    0x00023e88   0x00000020   Code   RO         4892    i.__0printf$8       mc_w.l(printf8.o)
    0x00023ea8   0x0000000e   Code   RO         4985    i.__scatterload_copy  mc_w.l(handlers.o)
    0x00023eb6   0x00000002   Code   RO         4986    i.__scatterload_null  mc_w.l(handlers.o)
    0x00023eb8   0x0000000e   Code   RO         4987    i.__scatterload_zeroinit  mc_w.l(handlers.o)
    0x00023ec6   0x00000002   PAD
    0x00023ec8   0x00000024   Code   RO         4195    i.__sd_nvic_app_accessible_irq  nrf_sdh.o
    0x00023eec   0x00000016   Code   RO         4196    i.__sd_nvic_is_app_accessible_priority  nrf_sdh.o
    0x00023f02   0x00000002   PAD
    0x00023f04   0x00000410   Code   RO         4899    i._printf_core      mc_w.l(printf8.o)
    0x00024314   0x00000024   Code   RO         4900    i._printf_post_padding  mc_w.l(printf8.o)
    0x00024338   0x0000002e   Code   RO         4901    i._printf_pre_padding  mc_w.l(printf8.o)
    0x00024366   0x00000036   Code   RO          905    i.advertising_buttons_configure  bsp_btn_ble.o
    0x0002439c   0x00000068   Code   RO            4    i.advertising_init  main.o
    0x00024404   0x00000140   Code   RO         2359    i.app_error_fault_handler  app_error_weak.o
    0x00024544   0x00000018   Code   RO         2319    i.app_error_handler  app_error.o
    0x0002455c   0x00000064   Code   RO         2321    i.app_error_save_and_stop  app_error.o
    0x000245c0   0x00000016   Code   RO         2390    i.app_fifo_get      app_fifo.o
    0x000245d6   0x00000020   Code   RO         2391    i.app_fifo_init     app_fifo.o
    0x000245f6   0x0000001a   Code   RO         2393    i.app_fifo_put      app_fifo.o
    0x00024610   0x00000024   Code   RO         2521    i.app_timer_create  app_timer.o
    0x00024634   0x00000054   Code   RO         2522    i.app_timer_init    app_timer.o
    0x00024688   0x00000088   Code   RO         2525    i.app_timer_start   app_timer.o
    0x00024710   0x00000020   Code   RO         2526    i.app_timer_stop    app_timer.o
    0x00024730   0x00000074   Code   RO         2684    i.app_uart_get      app_uart_fifo.o
    0x000247a4   0x000000b4   Code   RO         2685    i.app_uart_init     app_uart_fifo.o
    0x00024858   0x0000003c   Code   RO         2686    i.app_uart_put      app_uart_fifo.o
    0x00024894   0x00000048   Code   RO         2742    i.app_util_critical_region_enter  app_util_platform.o
    0x000248dc   0x00000034   Code   RO         2743    i.app_util_critical_region_exit  app_util_platform.o
    0x00024910   0x000000b8   Code   RO         2027    i.apply_config      nrf_drv_uart.o
    0x000249c8   0x00000182   Code   RO          987    i.ble_advdata_encode  ble_advdata.o
    0x00024b4a   0x00000068   Code   RO          988    i.ble_advdata_set   ble_advdata.o
    0x00024bb2   0x00000006   Code   RO         1064    i.ble_advertising_conn_cfg_tag_set  ble_advertising.o
    0x00024bb8   0x00000136   Code   RO         1065    i.ble_advertising_init  ble_advertising.o
    0x00024cee   0x00000068   Code   RO         1067    i.ble_advertising_on_ble_evt  ble_advertising.o
    0x00024d56   0x00000032   Code   RO         1068    i.ble_advertising_on_sys_evt  ble_advertising.o
    0x00024d88   0x000001ca   Code   RO         1071    i.ble_advertising_start  ble_advertising.o
    0x00024f52   0x00000002   PAD
    0x00024f54   0x00000068   Code   RO         1140    i.ble_conn_params_init  ble_conn_params.o
    0x00024fbc   0x00000060   Code   RO          989    i.ble_device_addr_encode  ble_advdata.o
    0x0002501c   0x0000002c   Code   RO         4418    i.ble_dfu_buttonless_bootloader_start_finalize  ble_dfu.o
    0x00025048   0x00000018   Code   RO         4510    i.ble_dfu_buttonless_bootloader_start_prepare  ble_dfu_unbonded.o
    0x00025060   0x000000b4   Code   RO         4420    i.ble_dfu_buttonless_on_ble_evt  ble_dfu.o
    0x00025114   0x000000a0   Code   RO         4512    i.ble_dfu_buttonless_on_ctrl_pt_write  ble_dfu_unbonded.o
    0x000251b4   0x0000004c   Code   RO         4513    i.ble_dfu_buttonless_on_sys_evt  ble_dfu_unbonded.o
    0x00025200   0x00000054   Code   RO         4421    i.ble_dfu_buttonless_resp_send  ble_dfu.o
    0x00025254   0x00000194   Code   RO            6    i.ble_evt_handler   main.o
    0x000253e8   0x00000070   Code   RO          906    i.ble_evt_handler   bsp_btn_ble.o
    0x00025458   0x000000fc   Code   RO         1142    i.ble_evt_handler   ble_conn_params.o
    0x00025554   0x0000014c   Code   RO         1233    i.ble_evt_handler   ble_conn_state.o
    0x000256a0   0x00000064   Code   RO         1523    i.ble_nus_init      ble_nus.o
    0x00025704   0x0000008c   Code   RO         1524    i.ble_nus_on_ble_evt  ble_nus.o
    0x00025790   0x00000048   Code   RO         1525    i.ble_nus_string_send  ble_nus.o
    0x000257d8   0x00000008   Code   RO         1368    i.ble_srv_is_indication_enabled  ble_srv_common.o
    0x000257e0   0x00000008   Code   RO         1369    i.ble_srv_is_notification_enabled  ble_srv_common.o
    0x000257e8   0x00000044   Code   RO            7    i.ble_stack_init    main.o
    0x0002582c   0x0000004c   Code   RO          450    i.bond_cmd          somputon_ble_datahandle.o
    0x00025878   0x0000000c   Code   RO          673    i.bsp_board_button_idx_to_pin  boards.o
    0x00025884   0x00000024   Code   RO          677    i.bsp_board_led_invert  boards.o
    0x000258a8   0x00000010   Code   RO          678    i.bsp_board_led_off  boards.o
    0x000258b8   0x00000010   Code   RO          679    i.bsp_board_led_on  boards.o
    0x000258c8   0x00000020   Code   RO          680    i.bsp_board_led_state_get  boards.o
    0x000258e8   0x00000012   Code   RO          682    i.bsp_board_leds_off  boards.o
    0x000258fa   0x00000012   Code   RO          683    i.bsp_board_leds_on  boards.o
    0x0002590c   0x00000024   Code   RO          684    i.bsp_board_pin_to_button_idx  boards.o
    0x00025930   0x0000001e   Code   RO          908    i.bsp_btn_ble_sleep_mode_prepare  bsp_btn_ble.o
    0x0002594e   0x00000002   PAD
    0x00025950   0x00000090   Code   RO          786    i.bsp_button_event_handler  bsp.o
    0x000259e0   0x00000044   Code   RO          790    i.bsp_event_to_button_action_assign  bsp.o
    0x00025a24   0x00000018   Code   RO          791    i.bsp_indication_set  bsp.o
    0x00025a3c   0x000001b8   Code   RO          793    i.bsp_led_indication  bsp.o
    0x00025bf4   0x00000010   Code   RO          795    i.bsp_wakeup_button_enable  bsp.o
    0x00025c04   0x00000064   Code   RO         3702    i.buf_prealloc      nrf_log_frontend.o
    0x00025c68   0x0000001e   Code   RO         3012    i.buffer_add        nrf_fprintf_format.o
    0x00025c86   0x00000002   PAD
    0x00025c88   0x00000014   Code   RO         3703    i.buffer_is_empty   nrf_log_frontend.o
    0x00025c9c   0x00000010   Code   RO         1782    i.channel_port_get  nrf_drv_gpiote.o
    0x00025cac   0x00000002   Code   RO          451    i.clear_history_data_cmd  somputon_ble_datahandle.o
    0x00025cae   0x00000002   PAD
    0x00025cb0   0x00000028   Code   RO         1574    i.clock_clk_started_notify  nrf_drv_clock.o
    0x00025cd8   0x000000ac   Code   RO         2528    i.compare_reg_update  app_timer.o
    0x00025d84   0x00000088   Code   RO          990    i.conn_int_encode   ble_advdata.o
    0x00025e0c   0x0000001c   Code   RO            9    i.conn_params_error_handler  main.o
    0x00025e28   0x00000048   Code   RO         1143    i.conn_params_negotiation  ble_conn_params.o
    0x00025e70   0x000000fc   Code   RO          452    i.control_device_cmd  somputon_ble_datahandle.o
    0x00025f6c   0x00000040   Code   RO         2529    i.elapsed_ticks_acquire  app_timer.o
    0x00025fac   0x0000004e   Code   RO         3119    i.event_send        nrf_fstorage_sd.o
    0x00025ffa   0x00000014   Code   RO         2396    i.fifo_get          app_fifo.o
    0x0002600e   0x00000012   Code   RO         2397    i.fifo_put          app_fifo.o
    0x00026020   0x0000000e   Code   RO         3468    i.fputc             retarget.o
    0x0002602e   0x00000002   PAD
    0x00026030   0x00000068   Code   RO           10    i.gap_params_init   main.o
    0x00026098   0x00000054   Code   RO           11    i.gatt_evt_handler  main.o
    0x000260ec   0x0000004c   Code   RO           12    i.gatt_init         main.o
    0x00026138   0x00000002   Code   RO          453    i.get_device_time_cmd  somputon_ble_datahandle.o
    0x0002613a   0x00000020   Code   RO          562    i.get_mac_addr      nus_maser_datahanle.o
    0x0002615a   0x00000002   PAD
    0x0002615c   0x00000064   Code   RO          454    i.get_real_time_data_cmd  somputon_ble_datahandle.o
    0x000261c0   0x00000014   Code   RO         1144    i.instance_get      ble_conn_params.o
    0x000261d4   0x000000a6   Code   RO         3013    i.int_print         nrf_fprintf_format.o
    0x0002627a   0x00000002   PAD
    0x0002627c   0x00000078   Code   RO         2028    i.interrupts_enable  nrf_drv_uart.o
    0x000262f4   0x00000044   Code   RO         1145    i.is_conn_params_ok  ble_conn_params.o
    0x00026338   0x00000036   Code   RO          641    i.led_init          led_control.o
    0x0002636e   0x00000002   PAD
    0x00026370   0x00000030   Code   RO          797    i.leds_off          bsp.o
    0x000263a0   0x00000028   Code   RO         1577    i.lfclk_stop        nrf_drv_clock.o
    0x000263c8   0x00000018   Code   RO         1426    i.link_init         nrf_ble_gatt.o
    0x000263e0   0x000000f8   Code   RO         2530    i.list_insertions_handler  app_timer.o
    0x000264d8   0x00000094   Code   RO         3705    i.log_skip          nrf_log_frontend.o
    0x0002656c   0x00000174   Code   RO           13    i.main              main.o
    0x000266e0   0x00000064   Code   RO          991    i.manuf_specific_data_encode  ble_advdata.o
    0x00026744   0x00000076   Code   RO         3235    i.memobj_op         nrf_memobj.o
    0x000267ba   0x00000002   PAD
    0x000267bc   0x00000034   Code   RO         3706    i.module_idx_get    nrf_log_frontend.o
    0x000267f0   0x0000009c   Code   RO          992    i.name_encode       ble_advdata.o
    0x0002688c   0x00000016   Code   RO         2861    i.nrf_atfifo_item_free  nrf_atfifo.o
    0x000268a2   0x00000016   Code   RO         2862    i.nrf_atfifo_item_get  nrf_atfifo.o
    0x000268b8   0x0000000e   Code   RO         3707    i.nrf_atomic_flag_set  nrf_log_frontend.o
    0x000268c6   0x00000044   Code   RO         2928    i.nrf_balloc_alloc  nrf_balloc.o
    0x0002690a   0x00000030   Code   RO         2929    i.nrf_balloc_free   nrf_balloc.o
    0x0002693a   0x00000030   Code   RO         2930    i.nrf_balloc_init   nrf_balloc.o
    0x0002696a   0x00000010   Code   RO         1783    i.nrf_bitmask_bit_is_set  nrf_drv_gpiote.o
    0x0002697a   0x00000018   Code   RO         1428    i.nrf_ble_gatt_att_mtu_periph_set  nrf_ble_gatt.o
    0x00026992   0x00000022   Code   RO         1432    i.nrf_ble_gatt_init  nrf_ble_gatt.o
    0x000269b4   0x00000148   Code   RO         1433    i.nrf_ble_gatt_on_ble_evt  nrf_ble_gatt.o
    0x00026afc   0x0000000e   Code   RO         1578    i.nrf_clock_event_check  nrf_drv_clock.o
    0x00026b0a   0x00000010   Code   RO         1579    i.nrf_clock_event_clear  nrf_drv_clock.o
    0x00026b1a   0x00000002   PAD
    0x00026b1c   0x0000008c   Code   RO         2531    i.nrf_delay_us      app_timer.o
    0x00026ba8   0x00000048   Code   RO         1586    i.nrf_drv_clock_init  nrf_drv_clock.o
    0x00026bf0   0x0000002c   Code   RO         1590    i.nrf_drv_clock_lfclk_release  nrf_drv_clock.o
    0x00026c1c   0x00000038   Code   RO         1743    i.nrf_drv_common_irq_enable  nrf_drv_common.o
    0x00026c54   0x00000006   Code   RO         2030    i.nrf_drv_get_IRQn  nrf_drv_uart.o
    0x00026c5a   0x00000010   Code   RO         2031    i.nrf_drv_is_in_RAM  nrf_drv_uart.o
    0x00026c6a   0x00000002   PAD
    0x00026c6c   0x00000068   Code   RO         2033    i.nrf_drv_uart_init  nrf_drv_uart.o
    0x00026cd4   0x000000b0   Code   RO         2034    i.nrf_drv_uart_rx   nrf_drv_uart.o
    0x00026d84   0x00000030   Code   RO         2037    i.nrf_drv_uart_rx_enable  nrf_drv_uart.o
    0x00026db4   0x000000a8   Code   RO         2038    i.nrf_drv_uart_rx_for_uart  nrf_drv_uart.o
    0x00026e5c   0x000000b0   Code   RO         2039    i.nrf_drv_uart_rx_for_uarte  nrf_drv_uart.o
    0x00026f0c   0x0000010c   Code   RO         2041    i.nrf_drv_uart_tx   nrf_drv_uart.o
    0x00027018   0x00000018   Code   RO         2043    i.nrf_drv_uart_tx_in_progress  nrf_drv_uart.o
    0x00027030   0x0000001a   Code   RO         2969    i.nrf_fprintf       nrf_fprintf.o
    0x0002704a   0x00000018   Code   RO         2970    i.nrf_fprintf_buffer_flush  nrf_fprintf.o
    0x00027062   0x000001da   Code   RO         3014    i.nrf_fprintf_fmt   nrf_fprintf_format.o
    0x0002723c   0x00000050   Code   RO         3053    i.nrf_fstorage_is_busy  nrf_fstorage.o
    0x0002728c   0x00000018   Code   RO         3122    i.nrf_fstorage_sdh_req_handler  nrf_fstorage_sd.o
    0x000272a4   0x00000020   Code   RO         3123    i.nrf_fstorage_sdh_state_handler  nrf_fstorage_sd.o
    0x000272c4   0x000000a4   Code   RO         3124    i.nrf_fstorage_sys_evt_handler  nrf_fstorage_sd.o
    0x00027368   0x00000024   Code   RO         2045    i.nrf_gpio_cfg      nrf_drv_uart.o
    0x0002738c   0x00000012   Code   RO         2047    i.nrf_gpio_cfg_input  nrf_drv_uart.o
    0x0002739e   0x00000010   Code   RO          642    i.nrf_gpio_cfg_output  led_control.o
    0x000273ae   0x00000014   Code   RO         2048    i.nrf_gpio_cfg_output  nrf_drv_uart.o
    0x000273c2   0x00000022   Code   RO          799    i.nrf_gpio_cfg_sense_set  bsp.o
    0x000273e4   0x00000022   Code   RO         1809    i.nrf_gpio_cfg_sense_set  nrf_drv_gpiote.o
    0x00027406   0x0000000e   Code   RO          455    i.nrf_gpio_pin_clear  somputon_ble_datahandle.o
    0x00027414   0x0000000e   Code   RO          456    i.nrf_gpio_pin_set  somputon_ble_datahandle.o
    0x00027422   0x00000016   Code   RO          687    i.nrf_gpio_pin_write  boards.o
    0x00027438   0x00000028   Code   RO         1810    i.nrf_gpio_ports_read  nrf_drv_gpiote.o
    0x00027460   0x00000014   Code   RO         1811    i.nrf_gpiote_event_clear  nrf_drv_gpiote.o
    0x00027474   0x00000010   Code   RO         1812    i.nrf_gpiote_event_is_set  nrf_drv_gpiote.o
    0x00027484   0x00000050   Code   RO         3708    i.nrf_log_backend_add  nrf_log_frontend.o
    0x000274d4   0x00000002   Code   RO         3570    i.nrf_log_backend_rtt_flush  nrf_log_backend_rtt.o
    0x000274d6   0x00000004   Code   RO         3571    i.nrf_log_backend_rtt_init  nrf_log_backend_rtt.o
    0x000274da   0x00000002   Code   RO         3572    i.nrf_log_backend_rtt_panic_set  nrf_log_backend_rtt.o
    0x000274dc   0x00000018   Code   RO         3573    i.nrf_log_backend_rtt_put  nrf_log_backend_rtt.o
    0x000274f4   0x000000d2   Code   RO         3634    i.nrf_log_backend_serial_put  nrf_log_backend_serial.o
    0x000275c6   0x00000002   PAD
    0x000275c8   0x00000030   Code   RO         3710    i.nrf_log_color_id_get  nrf_log_frontend.o
    0x000275f8   0x0000001c   Code   RO         3668    i.nrf_log_default_backends_init  nrf_log_default_backends.o
    0x00027614   0x000001f0   Code   RO         3711    i.nrf_log_frontend_dequeue  nrf_log_frontend.o
    0x00027804   0x00000008   Code   RO         3713    i.nrf_log_frontend_std_0  nrf_log_frontend.o
    0x0002780c   0x0000000e   Code   RO         3714    i.nrf_log_frontend_std_1  nrf_log_frontend.o
    0x0002781a   0x00000010   Code   RO         3715    i.nrf_log_frontend_std_2  nrf_log_frontend.o
    0x0002782a   0x00000014   Code   RO         3717    i.nrf_log_frontend_std_4  nrf_log_frontend.o
    0x0002783e   0x00000002   PAD
    0x00027840   0x000000ac   Code   RO         3893    i.nrf_log_hexdump_entry_process  nrf_log_str_formatter.o
    0x000278ec   0x0000005c   Code   RO         3720    i.nrf_log_init      nrf_log_frontend.o
    0x00027948   0x00000014   Code   RO         3721    i.nrf_log_module_cnt_get  nrf_log_frontend.o
    0x0002795c   0x0000001c   Code   RO         3724    i.nrf_log_module_name_get  nrf_log_frontend.o
    0x00027978   0x00000028   Code   RO         3725    i.nrf_log_panic     nrf_log_frontend.o
    0x000279a0   0x000000b6   Code   RO         3894    i.nrf_log_std_entry_process  nrf_log_str_formatter.o
    0x00027a56   0x00000060   Code   RO         3236    i.nrf_memobj_alloc  nrf_memobj.o
    0x00027ab6   0x00000032   Code   RO         3237    i.nrf_memobj_free   nrf_memobj.o
    0x00027ae8   0x0000000e   Code   RO         3238    i.nrf_memobj_get    nrf_memobj.o
    0x00027af6   0x00000004   Code   RO         3239    i.nrf_memobj_pool_init  nrf_memobj.o
    0x00027afa   0x00000022   Code   RO         3240    i.nrf_memobj_put    nrf_memobj.o
    0x00027b1c   0x0000000c   Code   RO         3241    i.nrf_memobj_read   nrf_memobj.o
    0x00027b28   0x0000000c   Code   RO         3242    i.nrf_memobj_write  nrf_memobj.o
    0x00027b34   0x00000040   Code   RO         3323    i.nrf_pwr_mgmt_shutdown  nrf_pwr_mgmt.o
    0x00027b74   0x00000014   Code   RO         4330    i.nrf_sdh_ble_app_ram_start_get  nrf_sdh_ble.o
    0x00027b88   0x00000158   Code   RO         4331    i.nrf_sdh_ble_default_cfg_set  nrf_sdh_ble.o
    0x00027ce0   0x000000e0   Code   RO         4332    i.nrf_sdh_ble_enable  nrf_sdh_ble.o
    0x00027dc0   0x00000094   Code   RO         4333    i.nrf_sdh_ble_evts_poll  nrf_sdh_ble.o
    0x00027e54   0x0000003c   Code   RO         4197    i.nrf_sdh_disable_request  nrf_sdh.o
    0x00027e90   0x00000054   Code   RO         4198    i.nrf_sdh_enable_request  nrf_sdh.o
    0x00027ee4   0x00000024   Code   RO         4199    i.nrf_sdh_evts_poll  nrf_sdh.o
    0x00027f08   0x0000000c   Code   RO         4200    i.nrf_sdh_is_enabled  nrf_sdh.o
    0x00027f14   0x0000001c   Code   RO         4202    i.nrf_sdh_request_continue  nrf_sdh.o
    0x00027f30   0x00000080   Code   RO         4386    i.nrf_sdh_soc_evts_poll  nrf_sdh_soc.o
    0x00027fb0   0x0000000a   Code   RO         3399    i.nrf_section_iter_init  nrf_section_iter.o
    0x00027fba   0x00000024   Code   RO         3400    i.nrf_section_iter_item_set  nrf_section_iter.o
    0x00027fde   0x00000020   Code   RO         3401    i.nrf_section_iter_next  nrf_section_iter.o
    0x00027ffe   0x00000002   PAD
    0x00028000   0x00000038   Code   RO         3434    i.nrf_strerror_find  nrf_strerror.o
    0x00028038   0x00000014   Code   RO         3435    i.nrf_strerror_get  nrf_strerror.o
    0x0002804c   0x0000000a   Code   RO         2049    i.nrf_uart_event_check  nrf_drv_uart.o
    0x00028056   0x0000000c   Code   RO         2050    i.nrf_uart_event_clear  nrf_drv_uart.o
    0x00028062   0x0000000c   Code   RO         2051    i.nrf_uart_int_enable_check  nrf_drv_uart.o
    0x0002806e   0x0000000a   Code   RO         2052    i.nrf_uarte_event_check  nrf_drv_uart.o
    0x00028078   0x0000000c   Code   RO         2053    i.nrf_uarte_event_clear  nrf_drv_uart.o
    0x00028084   0x000001b0   Code   RO          563    i.nus_data_handle   nus_maser_datahanle.o
    0x00028234   0x00000028   Code   RO           14    i.nus_data_handler  main.o
    0x0002825c   0x0000003c   Code   RO           15    i.on_adv_evt        main.o
    0x00028298   0x00000034   Code   RO           16    i.on_conn_params_evt  main.o
    0x000282cc   0x0000009c   Code   RO         1434    i.on_connected_evt  nrf_ble_gatt.o
    0x00028368   0x00000074   Code   RO         1435    i.on_exchange_mtu_request_evt  nrf_ble_gatt.o
    0x000283dc   0x00000070   Code   RO         4422    i.on_rw_authorize_req  ble_dfu.o
    0x0002844c   0x0000003c   Code   RO         3895    i.postfix_process   nrf_log_str_formatter.o
    0x00028488   0x0000005c   Code   RO         3896    i.prefix_process    nrf_log_str_formatter.o
    0x000284e4   0x00000098   Code   RO         3125    i.queue_process     nrf_fstorage_sd.o
    0x0002857c   0x00000010   Code   RO         4334    i.ram_end_address_get  nrf_sdh_ble.o
    0x0002858c   0x0000003c   Code   RO         2532    i.rtc1_stop         app_timer.o
    0x000285c8   0x00000032   Code   RO         2055    i.rx_byte           nrf_drv_uart.o
    0x000285fa   0x000000a2   Code   RO         1526    i.rx_char_add       ble_nus.o
    0x0002869c   0x00000018   Code   RO         2056    i.rx_done_event     nrf_drv_uart.o
    0x000286b4   0x00000020   Code   RO         2057    i.rx_enable         nrf_drv_uart.o
    0x000286d4   0x00000042   Code   RO         4205    i.sd_nvic_SetPriority  nrf_sdh.o
    0x00028716   0x00000002   PAD
    0x00028718   0x00000054   Code   RO         1593    i.sd_state_evt_handler  nrf_drv_clock.o
    0x0002876c   0x00000030   Code   RO         4206    i.sdh_request_observer_notify  nrf_sdh.o
    0x0002879c   0x0000002c   Code   RO         4207    i.sdh_state_observer_notify  nrf_sdh.o
    0x000287c8   0x00000044   Code   RO         3505    i.sdk_mapped_flags_bulk_update_by_key  sdk_mapped_flags.o
    0x0002880c   0x00000022   Code   RO         3506    i.sdk_mapped_flags_first_key_index_get  sdk_mapped_flags.o
    0x0002882e   0x00000010   Code   RO         3507    i.sdk_mapped_flags_get_by_index  sdk_mapped_flags.o
    0x0002883e   0x0000004a   Code   RO         3510    i.sdk_mapped_flags_key_list_get  sdk_mapped_flags.o
    0x00028888   0x0000000e   Code   RO         3512    i.sdk_mapped_flags_update_by_key  sdk_mapped_flags.o
    0x00028896   0x00000002   PAD
    0x00028898   0x00000020   Code   RO           17    i.send_data_proc    main.o
    0x000288b8   0x00000010   Code   RO         1146    i.send_error_evt    ble_conn_params.o
    0x000288c8   0x0000002a   Code   RO         3574    i.serial_tx         nrf_log_backend_rtt.o
    0x000288f2   0x00000002   PAD
    0x000288f4   0x00000088   Code   RO          993    i.service_data_encode  ble_advdata.o
    0x0002897c   0x0000007c   Code   RO         3324    i.shutdown_process  nrf_pwr_mgmt.o
    0x000289f8   0x0000004c   Code   RO           18    i.sleep_mode_enter  main.o
    0x00028a44   0x0000000a   Code   RO         1594    i.soc_evt_handler   nrf_drv_clock.o
    0x00028a4e   0x00000002   PAD
    0x00028a50   0x00000078   Code   RO         4208    i.softdevice_evt_irq_disable  nrf_sdh.o
    0x00028ac8   0x00000090   Code   RO         4209    i.softdevices_evt_irq_enable  nrf_sdh.o
    0x00028b58   0x00000090   Code   RO         3727    i.std_n             nrf_log_frontend.o
    0x00028be8   0x0000006c   Code   RO         4210    i.swi_interrupt_priority_workaround  nrf_sdh.o
    0x00028c54   0x0000009c   Code   RO           19    i.sys_meas_timeout_handler  main.o
    0x00028cf0   0x00000038   Code   RO           20    i.timer_init        main.o
    0x00028d28   0x00000080   Code   RO         2533    i.timer_list_handler  app_timer.o
    0x00028da8   0x0000003c   Code   RO         2534    i.timer_list_insert  app_timer.o
    0x00028de4   0x00000060   Code   RO         2535    i.timer_list_remove  app_timer.o
    0x00028e44   0x00000048   Code   RO         2536    i.timer_stop_op_schedule  app_timer.o
    0x00028e8c   0x00000074   Code   RO         2537    i.timer_timeouts_check  app_timer.o
    0x00028f00   0x0000000c   Code   RO          564    i.turn_to_u16       nus_maser_datahanle.o
    0x00028f0c   0x00000020   Code   RO         2058    i.tx_byte           nrf_drv_uart.o
    0x00028f2c   0x000000da   Code   RO         1527    i.tx_char_add       ble_nus.o
    0x00029006   0x0000001c   Code   RO         2059    i.tx_done_event     nrf_drv_uart.o
    0x00029022   0x00000002   PAD
    0x00029024   0x00000070   Code   RO           22    i.uart_event_handle  main.o
    0x00029094   0x000000a0   Code   RO         2687    i.uart_event_handler  app_uart_fifo.o
    0x00029134   0x0000011e   Code   RO         2060    i.uart_irq_handler  nrf_drv_uart.o
    0x00029252   0x000000f0   Code   RO         2061    i.uarte_irq_handler  nrf_drv_uart.o
    0x00029342   0x0000000a   Code   RO          994    i.uint16_encode     ble_advdata.o
    0x0002934c   0x000000b4   Code   RO         3015    i.unsigned_print    nrf_fprintf_format.o
    0x00029400   0x00000068   Code   RO         1147    i.update_timeout_handler  ble_conn_params.o
    0x00029468   0x00000030   Code   RO         2538    i.user_op_alloc     app_timer.o
    0x00029498   0x00000030   Code   RO          995    i.uuid_list_encode  ble_advdata.o
    0x000294c8   0x0000009e   Code   RO          996    i.uuid_list_sized_encode  ble_advdata.o
    0x00029566   0x00000002   PAD
    0x00029568   0x0000001c   Data   RO           25    .constdata          main.o
    0x00029584   0x00000008   Data   RO          688    .constdata          boards.o
    0x0002958c   0x0000002c   Data   RO          804    .constdata          bsp.o
    0x000295b8   0x00000016   Data   RO         1436    .constdata          nrf_ble_gatt.o
    0x000295ce   0x00000002   PAD
    0x000295d0   0x00000020   Data   RO         1528    .constdata          ble_nus.o
    0x000295f0   0x00000004   Data   RO         1816    .constdata          nrf_drv_gpiote.o
    0x000295f4   0x00000020   Data   RO         2689    .constdata          app_uart_fifo.o
    0x00029614   0x00000010   Data   RO         3016    .constdata          nrf_fprintf_format.o
    0x00029624   0x00000010   Data   RO         3134    .constdata          nrf_fstorage_sd.o
    0x00029634   0x00000104   Data   RO         3436    .constdata          nrf_strerror.o
    0x00029738   0x0000000c   Data   RO         3576    .constdata          nrf_log_backend_rtt.o
    0x00029744   0x00000014   Data   RO         3730    .constdata          nrf_log_frontend.o
    0x00029758   0x00000010   Data   RO         4211    .constdata          nrf_sdh.o
    0x00029768   0x00000028   Data   RO         4212    .constdata          nrf_sdh.o
    0x00029790   0x00000010   Data   RO         4213    .constdata          nrf_sdh.o
    0x000297a0   0x00000010   Data   RO         4214    .constdata          nrf_sdh.o
    0x000297b0   0x00000020   Data   RO         4335    .constdata          nrf_sdh_ble.o
    0x000297d0   0x00000010   Data   RO         4336    .constdata          nrf_sdh_ble.o
    0x000297e0   0x00000010   Data   RO         4387    .constdata          nrf_sdh_soc.o
    0x000297f0   0x0000000c   Data   RO         4388    .constdata          nrf_sdh_soc.o
    0x000297fc   0x00000081   Data   RO         4648    .constdata          mc_w.l(ctype_o.o)
    0x0002987d   0x00000003   PAD
    0x00029880   0x00000004   Data   RO         4649    .constdata          mc_w.l(ctype_o.o)
    0x00029884   0x0000012d   Data   RO         1437    .conststring        nrf_ble_gatt.o
    0x000299b1   0x00000003   PAD
    0x000299b4   0x00000307   Data   RO         3437    .conststring        nrf_strerror.o
    0x00029cbb   0x00000001   PAD
    0x00029cbc   0x00000066   Data   RO         3897    .conststring        nrf_log_str_formatter.o
    0x00029d22   0x00000002   PAD
    0x00029d24   0x000001cf   Data   RO         4337    .conststring        nrf_sdh_ble.o
    0x00029ef3   0x00000001   PAD
    0x00029ef4   0x00000009   Data   RO         1438    .conststrlit        nrf_ble_gatt.o
    0x00029efd   0x00000003   PAD
    0x00029f00   0x00000006   Data   RO         1600    .conststrlit        nrf_drv_clock.o
    0x00029f06   0x00000002   PAD
    0x00029f08   0x00000007   Data   RO         1820    .conststrlit        nrf_drv_gpiote.o
    0x00029f0f   0x00000001   PAD
    0x00029f10   0x00000005   Data   RO         2063    .conststrlit        nrf_drv_uart.o
    0x00029f15   0x00000003   PAD
    0x00029f18   0x00000007   Data   RO         2931    .conststrlit        nrf_balloc.o
    0x00029f1f   0x00000001   PAD
    0x00029f20   0x00000009   Data   RO         3328    .conststrlit        nrf_pwr_mgmt.o
    0x00029f29   0x00000003   PAD
    0x00029f2c   0x00000004   Data   RO         3732    .conststrlit        nrf_log_frontend.o
    0x00029f30   0x00000008   Data   RO         4215    .conststrlit        nrf_sdh.o
    0x00029f38   0x0000000c   Data   RO         4338    .conststrlit        nrf_sdh_ble.o
    0x00029f44   0x0000000c   Data   RO         4389    .conststrlit        nrf_sdh_soc.o
    0x00029f50   0x00000020   Data   RO         4983    Region$$Table       anon$$obj.o
    0x00029f70   0x00000008   Data   RO         1439    log_const_data      nrf_ble_gatt.o
    0x00029f78   0x00000008   Data   RO         1601    log_const_data      nrf_drv_clock.o
    0x00029f80   0x00000008   Data   RO         1821    log_const_data      nrf_drv_gpiote.o
    0x00029f88   0x00000008   Data   RO         2064    log_const_data      nrf_drv_uart.o
    0x00029f90   0x00000008   Data   RO         2932    log_const_data      nrf_balloc.o
    0x00029f98   0x00000008   Data   RO         3330    log_const_data      nrf_pwr_mgmt.o
    0x00029fa0   0x00000008   Data   RO         3736    log_const_data      nrf_log_frontend.o
    0x00029fa8   0x00000008   Data   RO         4217    log_const_data      nrf_sdh.o
    0x00029fb0   0x00000008   Data   RO         4340    log_const_data      nrf_sdh_ble.o
    0x00029fb8   0x00000008   Data   RO         4390    log_const_data      nrf_sdh_soc.o
    0x00029fc0   0x00000008   Data   RO         1236    sdh_ble_observers0  ble_conn_state.o
    0x00029fc8   0x00000010   Data   RO           28    sdh_ble_observers1  main.o
    0x00029fd8   0x00000008   Data   RO          910    sdh_ble_observers1  bsp_btn_ble.o
    0x00029fe0   0x00000008   Data   RO         1150    sdh_ble_observers1  ble_conn_params.o
    0x00029fe8   0x00000008   Data   RO           29    sdh_ble_observers2  main.o
    0x00029ff0   0x00000008   Data   RO         4425    sdh_ble_observers2  ble_dfu.o
    0x00029ff8   0x00000008   Data   RO           30    sdh_ble_observers3  main.o
    0x0002a000   0x00000008   Data   RO         3137    sdh_req_observers0  nrf_fstorage_sd.o
    0x0002a008   0x00000008   Data   RO         1603    sdh_soc_observers0  nrf_drv_clock.o
    0x0002a010   0x00000008   Data   RO         3138    sdh_soc_observers0  nrf_fstorage_sd.o
    0x0002a018   0x00000008   Data   RO           31    sdh_soc_observers1  main.o
    0x0002a020   0x00000008   Data   RO         4516    sdh_soc_observers1  ble_dfu_unbonded.o
    0x0002a028   0x00000008   Data   RO         4342    sdh_stack_observers0  nrf_sdh_ble.o
    0x0002a030   0x00000008   Data   RO         4392    sdh_stack_observers0  nrf_sdh_soc.o
    0x0002a038   0x00000008   Data   RO         1604    sdh_state_observers0  nrf_drv_clock.o
    0x0002a040   0x00000008   Data   RO         3139    sdh_state_observers0  nrf_fstorage_sd.o


    Execution Region RW_IRAM1 (Base: 0x20002770, Size: 0x00003398, Max: 0x0000d890, ABSOLUTE, COMPRESSED[0x00000048])

    Base Addr    Size         Type   Attr      Idx    E Section Name        Object

    0x20002770   0x00000016   Data   RW           26    .data               main.o
    0x20002786   0x00000002   PAD
    0x20002788   0x00000004   Data   RW          407    .data               protocol_analysis.o
    0x2000278c   0x0000000a   Data   RW          566    .data               nus_maser_datahanle.o
    0x20002796   0x00000006   Data   RW          617    .data               system_variable.o
    0x2000279c   0x00000010   Data   RW          805    .data               bsp.o
    0x200027ac   0x00000008   Data   RW          909    .data               bsp_btn_ble.o
    0x200027b4   0x00000008   Data   RW         1149    .data               ble_conn_params.o
    0x200027bc   0x00000014   Data   RW         2540    .data               app_timer.o
    0x200027d0   0x00000010   Data   RW         2690    .data               app_uart_fifo.o
    0x200027e0   0x00000008   Data   RW         3136    .data               nrf_fstorage_sd.o
    0x200027e8   0x00000008   Data   RW         3329    .data               nrf_pwr_mgmt.o
    0x200027f0   0x00000004   Data   RW         3469    .data               retarget.o
    0x200027f4   0x0000000c   Data   RW         3669    .data               nrf_log_default_backends.o
    0x20002800   0x00000008   Data   RW         3734    .data               nrf_log_frontend.o
    0x20002808   0x00000008   Data   RW         3735    .data               nrf_log_frontend.o
    0x20002810   0x00000038   Data   RW         3898    .data               nrf_log_str_formatter.o
    0x20002848   0x00000003   Data   RW         4216    .data               nrf_sdh.o
    0x2000284b   0x00000001   PAD
    0x2000284c   0x00000004   Data   RW         4339    .data               nrf_sdh_ble.o
    0x20002850   0x00000004   Data   RW         4515    .data               ble_dfu_unbonded.o
    0x20002854   0x00000004   Data   RW         4607    .data               system_nrf52.o
    0x20002858   0x0000000c   Data   RW         1440    log_dynamic_data    nrf_ble_gatt.o
    0x20002864   0x0000000c   Data   RW         1602    log_dynamic_data    nrf_drv_clock.o
    0x20002870   0x0000000c   Data   RW         1822    log_dynamic_data    nrf_drv_gpiote.o
    0x2000287c   0x0000000c   Data   RW         2065    log_dynamic_data    nrf_drv_uart.o
    0x20002888   0x0000000c   Data   RW         2933    log_dynamic_data    nrf_balloc.o
    0x20002894   0x0000000c   Data   RW         3331    log_dynamic_data    nrf_pwr_mgmt.o
    0x200028a0   0x0000000c   Data   RW         3737    log_dynamic_data    nrf_log_frontend.o
    0x200028ac   0x0000000c   Data   RW         4218    log_dynamic_data    nrf_sdh.o
    0x200028b8   0x0000000c   Data   RW         4341    log_dynamic_data    nrf_sdh_ble.o
    0x200028c4   0x0000000c   Data   RW         4391    log_dynamic_data    nrf_sdh_soc.o
    0x200028d0   0x00000020   Zero   RW           23    .bss                main.o
    0x200028f0   0x0000052e   Zero   RW           24    .bss                main.o
    0x20002e1e   0x00000032   Zero   RW          459    .bss                somputon_ble_datahandle.o
    0x20002e50   0x000000b8   Zero   RW          565    .bss                nus_maser_datahanle.o
    0x20002f08   0x00000020   Zero   RW          800    .bss                bsp.o
    0x20002f28   0x00000020   Zero   RW          801    .bss                bsp.o
    0x20002f48   0x0000000c   Zero   RW          802    .bss                bsp.o
    0x20002f54   0x00000020   Zero   RW          803    .bss                bsp.o
    0x20002f74   0x00000050   Zero   RW         1148    .bss                ble_conn_params.o
    0x20002fc4   0x000000b8   Zero   RW         1235    .bss                ble_conn_state.o
    0x2000307c   0x00000014   Zero   RW         1595    .bss                nrf_drv_clock.o
    0x20003090   0x00000058   Zero   RW         1815    .bss                nrf_drv_gpiote.o
    0x200030e8   0x00000020   Zero   RW         2062    .bss                nrf_drv_uart.o
    0x20003108   0x00000020   Zero   RW         2322    .bss                app_error.o
    0x20003128   0x0000010c   Zero   RW         2539    .bss                app_timer.o
    0x20003234   0x00000020   Zero   RW         2688    .bss                app_uart_fifo.o
    0x20003254   0x0000000c   Zero   RW         2748    .bss                app_util_platform.o
    0x20003260   0x000000a0   Zero   RW         3132    .bss                nrf_fstorage_sd.o
    0x20003300   0x00000010   Zero   RW         3133    .bss                nrf_fstorage_sd.o
    0x20003310   0x0000000c   Zero   RW         3325    .bss                nrf_pwr_mgmt.o
    0x2000331c   0x00000040   Zero   RW         3575    .bss                nrf_log_backend_rtt.o
    0x2000335c   0x000000c0   Zero   RW         3728    .bss                nrf_log_frontend.o
    0x2000341c   0x00000420   Zero   RW         3729    .bss                nrf_log_frontend.o
    0x2000383c   0x00000288   Zero   RW         3969    .bss                segger_rtt.o
    0x20003ac4   0x0000001c   Zero   RW         4423    .bss                ble_dfu.o
    0x20003ae0   0x00000028   Zero   RW         4514    .bss                ble_dfu_unbonded.o
    0x20003b08   0x00002000   Zero   RW         4595    STACK               arm_startup_nrf52.o


==============================================================================

Image component sizes


      Code (inc. data)   RO Data    RW Data    ZI Data      Debug   Object Name

       124          4          0          0         32       3794   app_error.o
       320        152          0          0          0       4742   app_error_weak.o
       118          0          0          0          0       4946   app_fifo.o
      1630        122          0         20        268      47503   app_timer.o
       516        102         32         16         32       7382   app_uart_fifo.o
       124         14          0          0         12       9054   app_util_platform.o
        36          8        512          0       8192        920   arm_startup_nrf52.o
      1330          0          0          0          0      36427   ble_advdata.o
       928          6          0          0          0       9472   ble_advertising.o
       636         44          8          8         80      11679   ble_conn_params.o
       332         66          8          0        184       3391   ble_conn_state.o
       420         56          8          0         28       5450   ble_dfu.o
       260         24          8          4         40       4881   ble_dfu_unbonded.o
       692         10         32          0          0       7542   ble_nus.o
        16          0          0          0          0       2114   ble_srv_common.o
       206         32          8          0          0      10801   boards.o
       774         58         44         16        108      12044   bsp.o
       196          6          8          8          0       3893   bsp_btn_ble.o
        70          0          0          0          0       4723   led_control.o
      1824        404         68         22       1358     159518   main.o
       244          0          0          0          0       4909   nrf_atfifo.o
       164          0         15         12          0       3829   nrf_balloc.o
       682         44        340         12          0      40034   nrf_ble_gatt.o
       408         40         30         12         20      40959   nrf_drv_clock.o
        56          0          0          0          0      27531   nrf_drv_common.o
       514         30         19         12         88      20906   nrf_drv_gpiote.o
      2140         66         13         12         32      41507   nrf_drv_uart.o
        50          0          0          0          0       3497   nrf_fprintf.o
       850          4         16          0          0       5370   nrf_fprintf_format.o
        80         10          0          0          0        851   nrf_fstorage.o
       450         36         40          8        176      10887   nrf_fstorage_sd.o
        74          8         12          0         64       5417   nrf_log_backend_rtt.o
       210          0          0          0          0      10303   nrf_log_backend_serial.o
        28          6          0         12          0       3170   nrf_log_default_backends.o
      1494         88         32         28       1248      31656   nrf_log_frontend.o
       506         66        102         56          0       5440   nrf_log_str_formatter.o
       494          0          0          0          0      12987   nrf_memobj.o
       342         26         17         20         12      10269   nrf_pwr_mgmt.o
       812        242        104         15          0      50708   nrf_sdh.o
       752        244        539         16          0       6386   nrf_sdh_ble.o
       128         68         56         12          0       2564   nrf_sdh_soc.o
        78          0          0          0          0       2712   nrf_section_iter.o
        76         10       1035          0          0       2691   nrf_strerror.o
       604        194          0         10        184       4921   nus_maser_datahanle.o
       148         30          0          4          0       4129   protocol_analysis.o
        14          0          0          4          0       2842   retarget.o
       206          0          0          0          0       5286   sdk_mapped_flags.o
       378         34          0          0        648       8825   segger_rtt.o
       460         16          0          0         50       9066   somputon_ble_datahandle.o
       796         70          0          4          0      29622   system_nrf52.o
         0          0          0          6          0        870   system_variable.o

    ----------------------------------------------------------------------
     23842       2440       3160        352      12856     760420   Object Totals
         0          0         32          0          0          0   (incl. Generated)
        52          0         22          3          0          0   (incl. Padding)

    ----------------------------------------------------------------------

      Code (inc. data)   RO Data    RW Data    ZI Data      Debug   Library Member Name

        86          0          0          0          0          0   __dczerorl2.o
         8          4        133          0          0         68   ctype_o.o
         0          0          0          0          0          0   entry.o
         0          0          0          0          0          0   entry10a.o
         0          0          0          0          0          0   entry11a.o
         8          4          0          0          0          0   entry2.o
         4          0          0          0          0          0   entry5.o
         0          0          0          0          0          0   entry7b.o
         0          0          0          0          0          0   entry8b.o
         8          4          0          0          0          0   entry9a.o
        30          0          0          0          0          0   handlers.o
        36          8          0          0          0         68   init.o
        30          0          0          0          0         68   llshl.o
        32          0          0          0          0         68   llushr.o
        36          0          0          0          0         68   memcpya.o
        36          0          0          0          0        108   memseta.o
      1154         54          0          0          0        352   printf8.o
        18          0          0          0          0         68   strcpy.o
        14          0          0          0          0         68   strlen.o
        98          0          0          0          0         92   uldiv.o

    ----------------------------------------------------------------------
      1606         74        136          0          0       1028   Library Totals
         8          0          3          0          0          0   (incl. Padding)

    ----------------------------------------------------------------------

      Code (inc. data)   RO Data    RW Data    ZI Data      Debug   Library Name

      1598         74        133          0          0       1028   mc_w.l

    ----------------------------------------------------------------------
      1606         74        136          0          0       1028   Library Totals

    ----------------------------------------------------------------------

==============================================================================


      Code (inc. data)   RO Data    RW Data    ZI Data      Debug   

     25448       2514       3296        352      12856     735016   Grand Totals
     25448       2514       3296         72      12856     735016   ELF Image Totals (compressed)
     25448       2514       3296         72          0          0   ROM Totals

==============================================================================

    Total RO  Size (Code + RO Data)                28744 (  28.07kB)
    Total RW  Size (RW Data + ZI Data)             13208 (  12.90kB)
    Total ROM Size (Code + RO Data + RW Data)      28816 (  28.14kB)

==============================================================================

